presidio@Presidios-MacBook-Pro ~ % ACR_NAME=muthuazureregistry
presidio@Presidios-MacBook-Pro ~ % az acr create --resource-group az-ai-training-rg --name $ACR_NAME --sku Premium
{
  "adminUserEnabled": false,
  "anonymousPullEnabled": false,
  "autoGeneratedDomainNameLabelScope": "Unsecure",
  "creationDate": "2025-07-17T04:16:32.450091+00:00",
  "dataEndpointEnabled": false,
  "dataEndpointHostNames": [],
  "encryption": {
    "keyVaultProperties": null,
    "status": "disabled"
  },
  "id": "/subscriptions/fff309a9-2887-407d-b64d-e074e3d92e5b/resourceGroups/az-ai-training-rg/providers/Microsoft.ContainerRegistry/registries/muthuazureregistry",
  "identity": null,
  "location": "eastus",
  "loginServer": "muthuazureregistry.azurecr.io",
  "metadataSearch": "Disabled",
  "name": "muthuazureregistry",
  "networkRuleBypassOptions": "AzureServices",
  "networkRuleSet": {
    "defaultAction": "Allow",
    "ipRules": []
  },
  "policies": {
    "azureAdAuthenticationAsArmPolicy": {
      "status": "enabled"
    },
    "exportPolicy": {
      "status": "enabled"
    },
    "quarantinePolicy": {
      "status": "disabled"
    },
    "retentionPolicy": {
      "days": 7,
      "lastUpdatedTime": "2025-07-17T04:16:40.415241+00:00",
      "status": "disabled"
    },
    "softDeletePolicy": {
      "lastUpdatedTime": "2025-07-17T04:16:40.415289+00:00",
      "retentionDays": 7,
      "status": "disabled"
    },
    "trustPolicy": {
      "status": "disabled",
      "type": "Notary"
    }
  },
  "privateEndpointConnections": [],
  "provisioningState": "Succeeded",
  "publicNetworkAccess": "Enabled",
  "resourceGroup": "az-ai-training-rg",
  "roleAssignmentMode": "LegacyRegistryPermissions",
  "sku": {
    "name": "Premium",
    "tier": "Premium"
  },
  "status": null,
  "systemData": {
    "createdAt": "2025-07-17T04:16:32.450091+00:00",
    "createdBy": "muthukaruppanp@presidio.com",
    "createdByType": "User",
    "lastModifiedAt": "2025-07-17T04:16:32.450091+00:00",
    "lastModifiedBy": "muthukaruppanp@presidio.com",
    "lastModifiedByType": "User"
  },
  "tags": {},
  "type": "Microsoft.ContainerRegistry/registries",
  "zoneRedundancy": "Disabled"
}

presidio@Presidios-MacBook-Pro payment % az acr build --registry $ACR_NAME --image paymentfrontend:v1 .
Packing source code into tar to upload...
Excluding '.gitignore' based on default ignore rules
Uploading archived source code from '/var/folders/td/sq_jy4gs38nc9t9jrdwc8prr0000gn/T/build_archive_a134e37676ee470b92ea2170b4ddcab1.tar.gz'...
Sending context (57.930 MiB) to registry: muthuazureregistry...
Queued a build with ID: ca1
Waiting for an agent...
2025/07/17 04:34:48 Downloading source code...
2025/07/17 04:34:53 Finished downloading source code
2025/07/17 04:34:53 Using acb_vol_936e00d4-10ea-45e7-ad49-573c8402c258 as the home volume
2025/07/17 04:34:53 Setting up Docker configuration...
2025/07/17 04:34:54 Successfully set up Docker configuration
2025/07/17 04:34:54 Logging in to registry: muthuazureregistry.azurecr.io
2025/07/17 04:34:54 Successfully logged into muthuazureregistry.azurecr.io
2025/07/17 04:34:54 Executing step ID: build. Timeout(sec): 28800, Working directory: '', Network: ''
2025/07/17 04:34:54 Scanning for dependencies...
2025/07/17 04:34:55 Successfully scanned dependencies
2025/07/17 04:34:55 Launching container with name: build
Sending build context to Docker daemon  283.9MB
Step 1/12 : FROM node:22-alpine AS build
22-alpine: Pulling from library/node
9824c27679d3: Pulling fs layer
ccf5d6e6ff24: Pulling fs layer
79a0252b29f6: Pulling fs layer
4f24e34311a0: Pulling fs layer
4f24e34311a0: Waiting
9824c27679d3: Verifying Checksum
9824c27679d3: Download complete
79a0252b29f6: Verifying Checksum
79a0252b29f6: Download complete
4f24e34311a0: Verifying Checksum
4f24e34311a0: Download complete
9824c27679d3: Pull complete
ccf5d6e6ff24: Verifying Checksum
ccf5d6e6ff24: Download complete
ccf5d6e6ff24: Pull complete
79a0252b29f6: Pull complete
4f24e34311a0: Pull complete
Digest: sha256:5539840ce9d013fa13e3b9814c9353024be7ac75aca5db6d039504a56c04ea59
Status: Downloaded newer image for node:22-alpine
 ---> 3ed6446a6483
Step 2/12 : WORKDIR /app
 ---> Running in 2badd56ab21f
Removing intermediate container 2badd56ab21f
 ---> ad912cd654ba
Step 3/12 : COPY package*.json ./
 ---> 19a7c4d12ee3
Step 4/12 : RUN npm install
 ---> Running in 2a41ede0bd64
npm warn deprecated rimraf@3.0.2: Rimraf versions prior to v4 are no longer supported
npm warn deprecated inflight@1.0.6: This module is not supported, and leaks memory. Do not use it. Check out lru-cache if you want a good and tested way to coalesce async requests by a key value, which is much more comprehensive and powerful.
npm warn deprecated glob@7.2.3: Glob versions prior to v9 are no longer supported

added 548 packages, and audited 549 packages in 7s

99 packages are looking for funding
  run `npm fund` for details

found 0 vulnerabilities
npm notice
npm notice New major version of npm available! 10.9.2 -> 11.4.2
npm notice Changelog: https://github.com/npm/cli/releases/tag/v11.4.2
npm notice To update run: npm install -g npm@11.4.2
npm notice
Removing intermediate container 2a41ede0bd64
 ---> 4bd5214fae7a
Step 5/12 : RUN npm install -g @angular/cli
 ---> Running in ec3221f47d0f

added 335 packages in 13s

65 packages are looking for funding
  run `npm fund` for details
Removing intermediate container ec3221f47d0f
 ---> 9a0fa2e348c1
Step 6/12 : COPY . .
 ---> a039a9604591
Step 7/12 : RUN ng build --configuration production
 ---> Running in 41121e0900ec
❯ Building...
✔ Building...
Initial chunk files   | Names         |  Raw size | Estimated transfer size
main-Y2RAJZAE.js      | main          | 282.12 kB |                74.27 kB
polyfills-B6TNHZQ6.js | polyfills     |  34.58 kB |                11.32 kB
styles-5INURTSO.css   | styles        |   0 bytes |                 0 bytes

                      | Initial total | 316.69 kB |                85.59 kB

Application bundle generation complete. [7.208 seconds]

Output location: /app/dist/payment

Removing intermediate container 41121e0900ec
 ---> 741a4c772633
Step 8/12 : FROM nginx:alpine
alpine: Pulling from library/nginx
9824c27679d3: Already exists
a5585638209e: Pulling fs layer
fd372c3c84a2: Pulling fs layer
958a74d6a238: Pulling fs layer
c1d2dc189e38: Pulling fs layer
828fa206d77b: Pulling fs layer
bdaad27fd04a: Pulling fs layer
f23865b38cc6: Pulling fs layer
c1d2dc189e38: Waiting
828fa206d77b: Waiting
bdaad27fd04a: Waiting
f23865b38cc6: Waiting
958a74d6a238: Verifying Checksum
958a74d6a238: Download complete
fd372c3c84a2: Verifying Checksum
fd372c3c84a2: Download complete
a5585638209e: Verifying Checksum
a5585638209e: Download complete
828fa206d77b: Verifying Checksum
828fa206d77b: Download complete
c1d2dc189e38: Verifying Checksum
c1d2dc189e38: Download complete
bdaad27fd04a: Verifying Checksum
bdaad27fd04a: Download complete
a5585638209e: Pull complete
f23865b38cc6: Verifying Checksum
f23865b38cc6: Download complete
fd372c3c84a2: Pull complete
958a74d6a238: Pull complete
c1d2dc189e38: Pull complete
828fa206d77b: Pull complete
bdaad27fd04a: Pull complete
f23865b38cc6: Pull complete
Digest: sha256:f741b7f2e82ec8e3daa163b089d48ec163ad0b015d859a1e4f0f2a6202e8cc22
Status: Downloaded newer image for nginx:alpine
 ---> d6adbc7fd47e
Step 9/12 : RUN rm -rf /usr/share/nginx/html/*
 ---> Running in 8591faf7bef8
Removing intermediate container 8591faf7bef8
 ---> d15714346d55
Step 10/12 : COPY --from=build /app/dist/payment/browser /usr/share/nginx/html
 ---> e2e85ec8ab80
Step 11/12 : EXPOSE 80
 ---> Running in 83ae6accdb2f
Removing intermediate container 83ae6accdb2f
 ---> 6f6618d11272
Step 12/12 : CMD ["nginx", "-g", "daemon off;"]
 ---> Running in e3c22c4934df
Removing intermediate container e3c22c4934df
 ---> 73fb82c5916b
Successfully built 73fb82c5916b
Successfully tagged muthuazureregistry.azurecr.io/paymentfrontend:v1
2025/07/17 04:35:58 Successfully executed container: build
2025/07/17 04:35:58 Executing step ID: push. Timeout(sec): 3600, Working directory: '', Network: ''
2025/07/17 04:35:58 Pushing image: muthuazureregistry.azurecr.io/paymentfrontend:v1, attempt 1
The push refers to repository [muthuazureregistry.azurecr.io/paymentfrontend]
7cb9366cddd9: Preparing
5f653e669a48: Preparing
57fb2e22a07a: Preparing
c38bee0b0d28: Preparing
26081059fc81: Preparing
daa8ffa7606a: Preparing
95a6190cfaec: Preparing
430a7aa99a19: Preparing
77a17eed5d29: Preparing
418dccb7d85a: Preparing
95a6190cfaec: Waiting
430a7aa99a19: Waiting
77a17eed5d29: Waiting
daa8ffa7606a: Waiting
418dccb7d85a: Waiting
5f653e669a48: Pushed
7cb9366cddd9: Pushed
c38bee0b0d28: Pushed
26081059fc81: Pushed
daa8ffa7606a: Pushed
430a7aa99a19: Pushed
95a6190cfaec: Pushed
77a17eed5d29: Pushed
418dccb7d85a: Pushed
57fb2e22a07a: Pushed
v1: digest: sha256:29242863d0bae806155b145bdb512a86aabb70291e2269e986664e491bcefca2 size: 2406
2025/07/17 04:36:09 Successfully pushed image: muthuazureregistry.azurecr.io/paymentfrontend:v1
2025/07/17 04:36:09 Step ID: build marked as successful (elapsed time in seconds: 63.699510)
2025/07/17 04:36:09 Populating digests for step ID: build...
2025/07/17 04:36:11 Successfully populated digests for step ID: build
2025/07/17 04:36:11 Step ID: push marked as successful (elapsed time in seconds: 11.444696)
2025/07/17 04:36:11 The following dependencies were found:
2025/07/17 04:36:11 
- image:
    registry: muthuazureregistry.azurecr.io
    repository: paymentfrontend
    tag: v1
    digest: sha256:29242863d0bae806155b145bdb512a86aabb70291e2269e986664e491bcefca2
  runtime-dependency:
    registry: registry.hub.docker.com
    repository: library/nginx
    tag: alpine
    digest: sha256:f741b7f2e82ec8e3daa163b089d48ec163ad0b015d859a1e4f0f2a6202e8cc22
  buildtime-dependency:
  - registry: registry.hub.docker.com
    repository: library/node
    tag: 22-alpine
    digest: sha256:5539840ce9d013fa13e3b9814c9353024be7ac75aca5db6d039504a56c04ea59
  git: {}


Run ID: ca1 was successful after 1m23s
presidio@Presidios-MacBook-Pro payment % az acr repository list --name $ACR_NAME --output table
Result
---------------
paymentfrontend
presidio@Presidios-MacBook-Pro payment % az acr update -n $ACR_NAME --admin-enabled true
{
  "adminUserEnabled": true,
  "anonymousPullEnabled": false,
  "autoGeneratedDomainNameLabelScope": "Unsecure",
  "creationDate": "2025-07-17T04:16:32.450091+00:00",
  "dataEndpointEnabled": false,
  "dataEndpointHostNames": [],
  "encryption": {
    "keyVaultProperties": null,
    "status": "disabled"
  },
  "id": "/subscriptions/fff309a9-2887-407d-b64d-e074e3d92e5b/resourceGroups/az-ai-training-rg/providers/Microsoft.ContainerRegistry/registries/muthuazureregistry",
  "identity": null,
  "location": "eastus",
  "loginServer": "muthuazureregistry.azurecr.io",
  "metadataSearch": "Disabled",
  "name": "muthuazureregistry",
  "networkRuleBypassOptions": "AzureServices",
  "networkRuleSet": {
    "defaultAction": "Allow",
    "ipRules": []
  },
  "policies": {
    "azureAdAuthenticationAsArmPolicy": {
      "status": "enabled"
    },
    "exportPolicy": {
      "status": "enabled"
    },
    "quarantinePolicy": {
      "status": "disabled"
    },
    "retentionPolicy": {
      "days": 7,
      "lastUpdatedTime": "2025-07-17T04:16:40.415241+00:00",
      "status": "disabled"
    },
    "softDeletePolicy": {
      "lastUpdatedTime": "2025-07-17T04:16:40.415289+00:00",
      "retentionDays": 7,
      "status": "disabled"
    },
    "trustPolicy": {
      "status": "disabled",
      "type": "Notary"
    }
  },
  "privateEndpointConnections": [],
  "provisioningState": "Succeeded",
  "publicNetworkAccess": "Enabled",
  "resourceGroup": "az-ai-training-rg",
  "roleAssignmentMode": "LegacyRegistryPermissions",
  "sku": {
    "name": "Premium",
    "tier": "Premium"
  },
  "status": null,
  "systemData": {
    "createdAt": "2025-07-17T04:16:32.450091+00:00",
    "createdBy": "muthukaruppanp@presidio.com",
    "createdByType": "User",
    "lastModifiedAt": "2025-07-17T04:37:57.913201+00:00",
    "lastModifiedBy": "muthukaruppanp@presidio.com",
    "lastModifiedByType": "User"
  },
  "tags": {},
  "type": "Microsoft.ContainerRegistry/registries",
  "zoneRedundancy": "Disabled"
}
presidio@Presidios-MacBook-Pro payment % az acr credential show --name $ACR_NAME
{
  "passwords": [
    {
      "name": "password",
      "value": "hyE1Kc1L7qQl88OasDGAYl3nJeD5/AxnyELsGaa9fb+ACRCK4693"
    },
    {
      "name": "password2",
      "value": "2mIu5N5eqQ1or25S7N3lVQcUvgbqICD+O5C3sTdepT+ACRAlf3kd"
    }
  ],
  "username": "muthuazureregistry"
}
presidio@Presidios-MacBook-Pro payment % az container create --resource-group az-ai-training-rg --name muthu-acr-tasks --image $ACR_NAME.azurecr.io/paymentfrontend:v1 --registry-login-server $ACR_NAME.azurecr.io --ip-address Public --location eastus --registry-username muthuazureregistry  --registry-password hyE1Kc1L7qQl88OasDGAYl3nJeD5/AxnyELsGaa9fb+ACRCK4693 --os-type Linux --cpu 1 --memory 1
{
  "confidentialComputeProperties": null,
  "containerGroupProfile": null,
  "containers": [
    {
      "command": null,
      "configMap": {
        "keyValuePairs": {}
      },
      "environmentVariables": [],
      "image": "muthuazureregistry.azurecr.io/paymentfrontend:v1",
      "instanceView": {
        "currentState": {
          "detailStatus": "",
          "exitCode": null,
          "finishTime": null,
          "startTime": "2025-07-17T04:40:43.905000+00:00",
          "state": "Running"
        },
        "events": [
          {
            "count": 1,
            "firstTimestamp": "2025-07-17T04:40:31+00:00",
            "lastTimestamp": "2025-07-17T04:40:31+00:00",
            "message": "pulling image \"muthuazureregistry.azurecr.io/paymentfrontend@sha256:29242863d0bae806155b145bdb512a86aabb70291e2269e986664e491bcefca2\"",
            "name": "Pulling",
            "type": "Normal"
          },
          {
            "count": 1,
            "firstTimestamp": "2025-07-17T04:40:36+00:00",
            "lastTimestamp": "2025-07-17T04:40:36+00:00",
            "message": "Successfully pulled image \"muthuazureregistry.azurecr.io/paymentfrontend@sha256:29242863d0bae806155b145bdb512a86aabb70291e2269e986664e491bcefca2\"",
            "name": "Pulled",
            "type": "Normal"
          },
          {
            "count": 1,
            "firstTimestamp": "2025-07-17T04:40:43+00:00",
            "lastTimestamp": "2025-07-17T04:40:43+00:00",
            "message": "Started container",
            "name": "Started",
            "type": "Normal"
          }
        ],
        "previousState": null,
        "restartCount": 0
      },
      "livenessProbe": null,
      "name": "muthu-acr-tasks",
      "ports": [
        {
          "port": 80,
          "protocol": "TCP"
        }
      ],
      "readinessProbe": null,
      "resources": {
        "limits": null,
        "requests": {
          "cpu": 1.0,
          "gpu": null,
          "memoryInGb": 1.0
        }
      },
      "securityContext": null,
      "volumeMounts": null
    }
  ],
  "diagnostics": null,
  "dnsConfig": null,
  "encryptionProperties": null,
  "extensions": null,
  "id": "/subscriptions/fff309a9-2887-407d-b64d-e074e3d92e5b/resourceGroups/az-ai-training-rg/providers/Microsoft.ContainerInstance/containerGroups/muthu-acr-tasks",
  "identity": null,
  "imageRegistryCredentials": [
    {
      "identity": null,
      "identityUrl": null,
      "isDelegatedIdentity": false,
      "password": null,
      "server": "muthuazureregistry.azurecr.io",
      "username": "muthuazureregistry"
    }
  ],
  "initContainers": [],
  "instanceView": {
    "events": [],
    "state": "Running"
  },
  "ipAddress": {
    "autoGeneratedDomainNameLabelScope": null,
    "dnsNameLabel": null,
    "fqdn": null,
    "ip": "4.255.111.129",
    "ports": [
      {
        "port": 80,
        "protocol": "TCP"
      }
    ],
    "type": "Public"
  },
  "isCreatedFromStandbyPool": false,
  "location": "eastus",
  "name": "muthu-acr-tasks",
  "osType": "Linux",
  "priority": null,
  "provisioningState": "Succeeded",
  "resourceGroup": "az-ai-training-rg",
  "restartPolicy": null,
  "sku": "Standard",
  "standbyPoolProfile": null,
  "subnetIds": null,
  "tags": {},
  "type": "Microsoft.ContainerInstance/containerGroups",
  "volumes": null,
  "zones": null
}
presidio@Presidios-MacBook-Pro payment % az container show --resource-group az-ai-training-rg --name muthu-acr-tasks --query ipAddress.ip --output table
Result
-------------
4.255.111.129

presidio@Presidios-MacBook-Pro payment % az acr replication create --registry $ACR_NAME --location westus2  
{
  "id": "/subscriptions/fff309a9-2887-407d-b64d-e074e3d92e5b/resourceGroups/az-ai-training-rg/providers/Microsoft.ContainerRegistry/registries/muthuazureregistry/replications/westus2",
  "location": "westus2",
  "name": "westus2",
  "provisioningState": "Succeeded",
  "regionEndpointEnabled": true,
  "resourceGroup": "az-ai-training-rg",
  "status": {
    "displayStatus": "Syncing",
    "message": null,
    "timestamp": "2025-07-17T06:30:41.451605+00:00"
  },
  "systemData": {
    "createdAt": "2025-07-17T06:30:28.035778+00:00",
    "createdBy": "muthukaruppanp@presidio.com",
    "createdByType": "User",
    "lastModifiedAt": "2025-07-17T06:30:28.035778+00:00",
    "lastModifiedBy": "muthukaruppanp@presidio.com",
    "lastModifiedByType": "User"
  },
  "tags": {},
  "type": "Microsoft.ContainerRegistry/registries/replications",
  "zoneRedundancy": "Disabled"
}