2025-07-04 14:47:42,945 INFO  - User logged in: mano@gmail.com
2025-07-04 15:31:50,569 INFO  - User logged in: muthukaruppanaakash76@gmail.com
2025-07-04 15:31:53,896 INFO  - Fetched all skills.
2025-07-04 15:31:54,777 INFO  - Fetched company for recruiterId=3dc93452-07a2-4843-a650-c7faed6fc07c
2025-07-04 15:31:54,792 INFO  - Fetched company for recruiterId=3dc93452-07a2-4843-a650-c7faed6fc07c
2025-07-04 15:31:54,811 INFO  - Fetched company for recruiterId=3dc93452-07a2-4843-a650-c7faed6fc07c
2025-07-04 15:31:54,820 INFO  - Fetched company for recruiterId=3dc93452-07a2-4843-a650-c7faed6fc07c
2025-07-04 15:31:54,830 INFO  - Fetched company for recruiterId=3dc93452-07a2-4843-a650-c7faed6fc07c
2025-07-04 15:32:00,759 INFO  - Resume downloaded: SeekerId = b4801585-8098-402a-816b-fdee869e970a, JobPostId = 4e6a8c17-fed2-4c37-a515-a19df84f1eb8
2025-07-04 15:32:01,960 INFO  - Job application status updated: ApplicationId = e8e69621-503e-42f5-8de2-60cfaa217174
2025-07-04 15:32:07,267 INFO  - Fetched company for recruiterId=3dc93452-07a2-4843-a650-c7faed6fc07c
2025-07-04 15:32:08,297 INFO  - Fetched company for recruiterId=3dc93452-07a2-4843-a650-c7faed6fc07c
2025-07-04 15:32:08,314 INFO  - Fetched company for recruiterId=3dc93452-07a2-4843-a650-c7faed6fc07c
2025-07-04 15:32:08,322 INFO  - Fetched company for recruiterId=3dc93452-07a2-4843-a650-c7faed6fc07c
2025-07-04 15:32:08,330 INFO  - Fetched company for recruiterId=3dc93452-07a2-4843-a650-c7faed6fc07c
2025-07-04 15:32:08,341 INFO  - Fetched company for recruiterId=3dc93452-07a2-4843-a650-c7faed6fc07c
2025-07-04 15:32:10,571 INFO  - Fetched company for recruiterId=3dc93452-07a2-4843-a650-c7faed6fc07c
2025-07-04 15:32:10,579 INFO  - Fetched company for recruiterId=3dc93452-07a2-4843-a650-c7faed6fc07c
2025-07-04 15:32:10,589 INFO  - Fetched company for recruiterId=3dc93452-07a2-4843-a650-c7faed6fc07c
2025-07-04 15:32:10,596 INFO  - Fetched company for recruiterId=3dc93452-07a2-4843-a650-c7faed6fc07c
2025-07-04 15:32:10,608 INFO  - Fetched company for recruiterId=3dc93452-07a2-4843-a650-c7faed6fc07c
2025-07-04 15:33:35,362 INFO  - Fetched all skills.
2025-07-04 15:33:35,973 INFO  - Fetched company for recruiterId=3dc93452-07a2-4843-a650-c7faed6fc07c
2025-07-04 15:33:35,982 INFO  - Fetched company for recruiterId=3dc93452-07a2-4843-a650-c7faed6fc07c
2025-07-04 15:33:36,016 INFO  - Fetched company for recruiterId=3dc93452-07a2-4843-a650-c7faed6fc07c
2025-07-04 15:33:36,039 INFO  - Fetched company for recruiterId=3dc93452-07a2-4843-a650-c7faed6fc07c
2025-07-04 15:33:36,067 INFO  - Fetched company for recruiterId=3dc93452-07a2-4843-a650-c7faed6fc07c
2025-07-04 15:33:36,561 INFO  - Fetched all skills.
2025-07-04 15:33:37,564 INFO  - Fetched company for recruiterId=3dc93452-07a2-4843-a650-c7faed6fc07c
2025-07-04 15:33:37,573 INFO  - Fetched company for recruiterId=3dc93452-07a2-4843-a650-c7faed6fc07c
2025-07-04 15:33:37,579 INFO  - Fetched company for recruiterId=3dc93452-07a2-4843-a650-c7faed6fc07c
2025-07-04 15:33:37,588 INFO  - Fetched company for recruiterId=3dc93452-07a2-4843-a650-c7faed6fc07c
2025-07-04 15:33:37,615 INFO  - Fetched company for recruiterId=3dc93452-07a2-4843-a650-c7faed6fc07c
2025-07-04 15:33:42,578 INFO  - Fetched company for recruiterId=3dc93452-07a2-4843-a650-c7faed6fc07c
2025-07-04 15:33:42,586 INFO  - Fetched company for recruiterId=3dc93452-07a2-4843-a650-c7faed6fc07c
2025-07-04 15:33:42,612 INFO  - Fetched company for recruiterId=3dc93452-07a2-4843-a650-c7faed6fc07c
2025-07-04 15:33:42,623 INFO  - Fetched company for recruiterId=3dc93452-07a2-4843-a650-c7faed6fc07c
2025-07-04 15:33:42,636 INFO  - Fetched company for recruiterId=3dc93452-07a2-4843-a650-c7faed6fc07c
2025-07-04 15:33:59,692 INFO  - Fetched company for recruiterId=3dc93452-07a2-4843-a650-c7faed6fc07c
2025-07-04 15:33:59,714 INFO  - Fetched company for recruiterId=3dc93452-07a2-4843-a650-c7faed6fc07c
2025-07-04 15:33:59,721 INFO  - Fetched company for recruiterId=3dc93452-07a2-4843-a650-c7faed6fc07c
2025-07-04 15:33:59,728 INFO  - Fetched company for recruiterId=3dc93452-07a2-4843-a650-c7faed6fc07c
2025-07-04 15:33:59,735 INFO  - Fetched company for recruiterId=3dc93452-07a2-4843-a650-c7faed6fc07c
2025-07-04 15:34:45,067 INFO  - Fetched company for recruiterId=3dc93452-07a2-4843-a650-c7faed6fc07c
2025-07-04 15:34:45,077 INFO  - Fetched company for recruiterId=3dc93452-07a2-4843-a650-c7faed6fc07c
2025-07-04 15:34:45,084 INFO  - Fetched company for recruiterId=3dc93452-07a2-4843-a650-c7faed6fc07c
2025-07-04 15:34:45,092 INFO  - Fetched company for recruiterId=3dc93452-07a2-4843-a650-c7faed6fc07c
2025-07-04 15:34:45,114 INFO  - Fetched company for recruiterId=3dc93452-07a2-4843-a650-c7faed6fc07c
2025-07-04 15:34:46,882 INFO  - Fetched all skills.
2025-07-04 15:34:48,170 INFO  - Fetched company for recruiterId=3dc93452-07a2-4843-a650-c7faed6fc07c
2025-07-04 15:34:48,185 INFO  - Fetched company for recruiterId=3dc93452-07a2-4843-a650-c7faed6fc07c
2025-07-04 15:34:48,195 INFO  - Fetched company for recruiterId=3dc93452-07a2-4843-a650-c7faed6fc07c
2025-07-04 15:34:48,216 INFO  - Fetched company for recruiterId=3dc93452-07a2-4843-a650-c7faed6fc07c
2025-07-04 15:34:48,224 INFO  - Fetched company for recruiterId=3dc93452-07a2-4843-a650-c7faed6fc07c
2025-07-04 15:34:48,672 INFO  - Fetched all skills.
2025-07-04 15:34:49,890 INFO  - Fetched company for recruiterId=3dc93452-07a2-4843-a650-c7faed6fc07c
2025-07-04 15:34:49,914 INFO  - Fetched company for recruiterId=3dc93452-07a2-4843-a650-c7faed6fc07c
2025-07-04 15:34:49,920 INFO  - Fetched company for recruiterId=3dc93452-07a2-4843-a650-c7faed6fc07c
2025-07-04 15:34:49,928 INFO  - Fetched company for recruiterId=3dc93452-07a2-4843-a650-c7faed6fc07c
2025-07-04 15:34:49,938 INFO  - Fetched company for recruiterId=3dc93452-07a2-4843-a650-c7faed6fc07c
2025-07-04 15:34:50,325 INFO  - Fetched company for recruiterId=3dc93452-07a2-4843-a650-c7faed6fc07c
2025-07-04 15:35:05,768 INFO  - Recruiter updated successfully: Id=3dc93452-07a2-4843-a650-c7faed6fc07c, Name=Gowtham Sivasubramaniam
2025-07-04 15:35:09,418 INFO  - Fetched company for recruiterId=3dc93452-07a2-4843-a650-c7faed6fc07c
2025-07-04 15:35:12,686 INFO  - Fetched company for recruiterId=3dc93452-07a2-4843-a650-c7faed6fc07c
2025-07-04 15:35:16,167 INFO  - Fetched company for recruiterId=3dc93452-07a2-4843-a650-c7faed6fc07c
2025-07-04 15:35:16,173 INFO  - Fetched company for recruiterId=3dc93452-07a2-4843-a650-c7faed6fc07c
2025-07-04 15:35:16,179 INFO  - Fetched company for recruiterId=3dc93452-07a2-4843-a650-c7faed6fc07c
2025-07-04 15:35:16,192 INFO  - Fetched company for recruiterId=3dc93452-07a2-4843-a650-c7faed6fc07c
2025-07-04 15:35:16,221 INFO  - Fetched company for recruiterId=3dc93452-07a2-4843-a650-c7faed6fc07c
2025-07-04 15:35:16,814 INFO  - Fetched all skills.
2025-07-04 15:35:18,496 INFO  - Fetched company for recruiterId=3dc93452-07a2-4843-a650-c7faed6fc07c
2025-07-04 15:57:57,405 INFO  - Fetched company for recruiterId=3dc93452-07a2-4843-a650-c7faed6fc07c
2025-07-04 15:57:57,414 INFO  - Fetched company for recruiterId=3dc93452-07a2-4843-a650-c7faed6fc07c
2025-07-04 15:57:57,421 INFO  - Fetched company for recruiterId=3dc93452-07a2-4843-a650-c7faed6fc07c
2025-07-04 15:57:57,439 INFO  - Fetched company for recruiterId=3dc93452-07a2-4843-a650-c7faed6fc07c
2025-07-04 15:57:57,447 INFO  - Fetched company for recruiterId=3dc93452-07a2-4843-a650-c7faed6fc07c
2025-07-04 15:57:58,685 INFO  - Fetched all skills.
2025-07-04 15:59:02,797 INFO  - Fetched all skills.
2025-07-04 15:59:06,561 INFO  - Fetched company for recruiterId=3dc93452-07a2-4843-a650-c7faed6fc07c
2025-07-04 15:59:06,569 INFO  - Fetched company for recruiterId=3dc93452-07a2-4843-a650-c7faed6fc07c
2025-07-04 15:59:06,576 INFO  - Fetched company for recruiterId=3dc93452-07a2-4843-a650-c7faed6fc07c
2025-07-04 15:59:06,585 INFO  - Fetched company for recruiterId=3dc93452-07a2-4843-a650-c7faed6fc07c
2025-07-04 15:59:06,593 INFO  - Fetched company for recruiterId=3dc93452-07a2-4843-a650-c7faed6fc07c
2025-07-04 15:59:07,181 INFO  - Fetched all skills.
2025-07-04 15:59:07,881 INFO  - Fetched company for recruiterId=3dc93452-07a2-4843-a650-c7faed6fc07c
2025-07-04 15:59:07,890 INFO  - Fetched company for recruiterId=3dc93452-07a2-4843-a650-c7faed6fc07c
2025-07-04 15:59:07,896 INFO  - Fetched company for recruiterId=3dc93452-07a2-4843-a650-c7faed6fc07c
2025-07-04 15:59:07,903 INFO  - Fetched company for recruiterId=3dc93452-07a2-4843-a650-c7faed6fc07c
2025-07-04 15:59:07,911 INFO  - Fetched company for recruiterId=3dc93452-07a2-4843-a650-c7faed6fc07c
2025-07-04 16:24:55,239 INFO  - User logged out: muthukaruppanaakash76@gmail.com
2025-07-04 16:32:08,821 INFO  - Fetched all company names.
2025-07-04 16:35:08,738 INFO  - Recruiter registered successfully: Email=ponmalar@gmail.com, Company=TechNova Solutions
2025-07-04 16:35:33,378 INFO  - User logged in: ponmalar@gmail.com
2025-07-04 16:35:35,478 INFO  - Fetched company for recruiterId=3ef67fab-ab7c-4ea7-9c7f-5c44330545ff
2025-07-04 16:35:35,484 INFO  - Fetched company for recruiterId=3ef67fab-ab7c-4ea7-9c7f-5c44330545ff
2025-07-04 16:35:37,750 INFO  - Fetched all skills.
2025-07-04 16:35:55,390 INFO  - Fetched all skills.
2025-07-04 16:36:09,356 INFO  - Fetched company for recruiterId=3ef67fab-ab7c-4ea7-9c7f-5c44330545ff
2025-07-04 16:36:27,352 INFO  - Fetched all skills.
2025-07-04 16:39:52,981 INFO  - Fetched all skills.
2025-07-04 16:41:25,091 INFO  - JobPost added by recruiter: 3ef67fab-ab7c-4ea7-9c7f-5c44330545ff, Job Title: Frontend Developer
2025-07-04 16:41:29,317 INFO  - Fetched company for recruiterId=3ef67fab-ab7c-4ea7-9c7f-5c44330545ff
2025-07-04 16:41:31,956 INFO  - Fetched all skills.
2025-07-04 16:44:14,223 INFO  - JobPost added by recruiter: 3ef67fab-ab7c-4ea7-9c7f-5c44330545ff, Job Title: Db administrator
2025-07-04 16:47:41,623 INFO  - Fetched company for recruiterId=3ef67fab-ab7c-4ea7-9c7f-5c44330545ff
2025-07-04 16:47:41,630 INFO  - Fetched company for recruiterId=3ef67fab-ab7c-4ea7-9c7f-5c44330545ff
2025-07-04 16:47:44,741 INFO  - Fetched all skills.
2025-07-04 16:48:01,693 INFO  - Fetched company for recruiterId=3ef67fab-ab7c-4ea7-9c7f-5c44330545ff
2025-07-04 16:48:01,701 INFO  - Fetched company for recruiterId=3ef67fab-ab7c-4ea7-9c7f-5c44330545ff
2025-07-04 16:48:11,624 INFO  - Fetched company for recruiterId=3ef67fab-ab7c-4ea7-9c7f-5c44330545ff
2025-07-04 16:48:13,520 INFO  - Fetched all skills.
2025-07-04 16:48:43,218 INFO  - Updated job post: bf390942-5ba0-457e-9cfe-b9c2f33a906a
2025-07-04 16:48:43,271 INFO  - Updated responsibilities for postId: bf390942-5ba0-457e-9cfe-b9c2f33a906a
2025-07-04 16:48:43,306 INFO  - Updated requirements for postId: bf390942-5ba0-457e-9cfe-b9c2f33a906a
2025-07-04 16:48:43,340 INFO  - Updated post skills for job post: bf390942-5ba0-457e-9cfe-b9c2f33a906a
2025-07-04 16:49:14,382 INFO  - Updated job post: bf390942-5ba0-457e-9cfe-b9c2f33a906a
2025-07-04 16:49:14,403 INFO  - Updated responsibilities for postId: bf390942-5ba0-457e-9cfe-b9c2f33a906a
2025-07-04 16:49:14,419 INFO  - Updated requirements for postId: bf390942-5ba0-457e-9cfe-b9c2f33a906a
2025-07-04 16:49:14,436 INFO  - Updated post skills for job post: bf390942-5ba0-457e-9cfe-b9c2f33a906a
2025-07-04 16:49:14,943 INFO  - Updated job post: bf390942-5ba0-457e-9cfe-b9c2f33a906a
2025-07-04 16:49:14,964 INFO  - Updated responsibilities for postId: bf390942-5ba0-457e-9cfe-b9c2f33a906a
2025-07-04 16:49:14,981 INFO  - Updated requirements for postId: bf390942-5ba0-457e-9cfe-b9c2f33a906a
2025-07-04 16:49:15,035 INFO  - Updated post skills for job post: bf390942-5ba0-457e-9cfe-b9c2f33a906a
2025-07-04 16:49:15,949 INFO  - Updated job post: bf390942-5ba0-457e-9cfe-b9c2f33a906a
2025-07-04 16:49:15,973 INFO  - Updated responsibilities for postId: bf390942-5ba0-457e-9cfe-b9c2f33a906a
2025-07-04 16:49:15,990 INFO  - Updated requirements for postId: bf390942-5ba0-457e-9cfe-b9c2f33a906a
2025-07-04 16:49:16,008 INFO  - Updated post skills for job post: bf390942-5ba0-457e-9cfe-b9c2f33a906a
2025-07-04 16:49:18,619 INFO  - Updated job post: bf390942-5ba0-457e-9cfe-b9c2f33a906a
2025-07-04 16:49:18,643 INFO  - Updated responsibilities for postId: bf390942-5ba0-457e-9cfe-b9c2f33a906a
2025-07-04 16:49:18,675 INFO  - Updated requirements for postId: bf390942-5ba0-457e-9cfe-b9c2f33a906a
2025-07-04 16:49:18,693 INFO  - Updated post skills for job post: bf390942-5ba0-457e-9cfe-b9c2f33a906a
2025-07-04 16:49:25,180 INFO  - Updated job post: bf390942-5ba0-457e-9cfe-b9c2f33a906a
2025-07-04 16:49:25,206 INFO  - Updated responsibilities for postId: bf390942-5ba0-457e-9cfe-b9c2f33a906a
2025-07-04 16:49:25,222 INFO  - Updated requirements for postId: bf390942-5ba0-457e-9cfe-b9c2f33a906a
2025-07-04 16:49:25,240 INFO  - Updated post skills for job post: bf390942-5ba0-457e-9cfe-b9c2f33a906a
2025-07-04 16:49:27,051 INFO  - Updated job post: bf390942-5ba0-457e-9cfe-b9c2f33a906a
2025-07-04 16:49:27,066 INFO  - Updated responsibilities for postId: bf390942-5ba0-457e-9cfe-b9c2f33a906a
2025-07-04 16:49:27,085 INFO  - Updated requirements for postId: bf390942-5ba0-457e-9cfe-b9c2f33a906a
2025-07-04 16:49:27,100 INFO  - Updated post skills for job post: bf390942-5ba0-457e-9cfe-b9c2f33a906a
2025-07-04 16:49:28,529 INFO  - Fetched company for recruiterId=3ef67fab-ab7c-4ea7-9c7f-5c44330545ff
2025-07-04 16:49:28,535 INFO  - Fetched company for recruiterId=3ef67fab-ab7c-4ea7-9c7f-5c44330545ff
2025-07-04 16:49:29,598 INFO  - Fetched all skills.
2025-07-04 16:49:37,743 INFO  - Updated job post: bf390942-5ba0-457e-9cfe-b9c2f33a906a
2025-07-04 16:49:37,761 INFO  - Updated responsibilities for postId: bf390942-5ba0-457e-9cfe-b9c2f33a906a
2025-07-04 16:49:37,775 INFO  - Updated requirements for postId: bf390942-5ba0-457e-9cfe-b9c2f33a906a
2025-07-04 16:49:37,791 INFO  - Updated post skills for job post: bf390942-5ba0-457e-9cfe-b9c2f33a906a
2025-07-04 16:49:45,855 INFO  - Fetched company for recruiterId=3ef67fab-ab7c-4ea7-9c7f-5c44330545ff
2025-07-04 16:49:45,861 INFO  - Fetched company for recruiterId=3ef67fab-ab7c-4ea7-9c7f-5c44330545ff
2025-07-04 16:49:50,244 INFO  - Fetched all skills.
2025-07-04 16:49:58,212 INFO  - Updated job post: 9258e11e-3c12-4f93-822e-36f3abdd14fc
2025-07-04 16:49:58,245 INFO  - Updated responsibilities for postId: 9258e11e-3c12-4f93-822e-36f3abdd14fc
2025-07-04 16:49:58,261 INFO  - Updated requirements for postId: 9258e11e-3c12-4f93-822e-36f3abdd14fc
2025-07-04 16:49:58,277 INFO  - Updated post skills for job post: 9258e11e-3c12-4f93-822e-36f3abdd14fc
2025-07-04 16:50:13,698 INFO  - Updated job post: 9258e11e-3c12-4f93-822e-36f3abdd14fc
2025-07-04 16:50:13,715 INFO  - Updated responsibilities for postId: 9258e11e-3c12-4f93-822e-36f3abdd14fc
2025-07-04 16:50:13,732 INFO  - Updated requirements for postId: 9258e11e-3c12-4f93-822e-36f3abdd14fc
2025-07-04 16:50:13,750 INFO  - Updated post skills for job post: 9258e11e-3c12-4f93-822e-36f3abdd14fc
2025-07-04 16:50:14,254 INFO  - Updated job post: 9258e11e-3c12-4f93-822e-36f3abdd14fc
2025-07-04 16:50:14,274 INFO  - Updated responsibilities for postId: 9258e11e-3c12-4f93-822e-36f3abdd14fc
2025-07-04 16:50:14,294 INFO  - Updated requirements for postId: 9258e11e-3c12-4f93-822e-36f3abdd14fc
2025-07-04 16:50:14,310 INFO  - Updated post skills for job post: 9258e11e-3c12-4f93-822e-36f3abdd14fc
2025-07-04 16:50:51,915 INFO  - Fetched company for recruiterId=3ef67fab-ab7c-4ea7-9c7f-5c44330545ff
2025-07-04 16:50:51,923 INFO  - Fetched company for recruiterId=3ef67fab-ab7c-4ea7-9c7f-5c44330545ff
2025-07-04 16:51:29,730 INFO  - Fetched company for recruiterId=3ef67fab-ab7c-4ea7-9c7f-5c44330545ff
2025-07-04 16:51:29,737 INFO  - Fetched company for recruiterId=3ef67fab-ab7c-4ea7-9c7f-5c44330545ff
2025-07-04 16:51:46,309 INFO  - Fetched company for recruiterId=3ef67fab-ab7c-4ea7-9c7f-5c44330545ff
2025-07-04 16:51:46,315 INFO  - Fetched company for recruiterId=3ef67fab-ab7c-4ea7-9c7f-5c44330545ff
2025-07-04 16:53:36,589 INFO  - Fetched company for recruiterId=3ef67fab-ab7c-4ea7-9c7f-5c44330545ff
2025-07-04 16:53:36,629 INFO  - Fetched company for recruiterId=3ef67fab-ab7c-4ea7-9c7f-5c44330545ff
2025-07-04 16:53:48,456 INFO  - Fetched company for recruiterId=3ef67fab-ab7c-4ea7-9c7f-5c44330545ff
2025-07-04 16:53:48,466 INFO  - Fetched company for recruiterId=3ef67fab-ab7c-4ea7-9c7f-5c44330545ff
2025-07-04 16:54:18,612 INFO  - User logged out: ponmalar@gmail.com
2025-07-04 16:54:27,801 INFO  - User logged in: muthukaruppanaakash76@gmail.com
2025-07-04 16:54:29,870 INFO  - Fetched company for recruiterId=3dc93452-07a2-4843-a650-c7faed6fc07c
2025-07-04 16:54:29,906 INFO  - Fetched company for recruiterId=3dc93452-07a2-4843-a650-c7faed6fc07c
2025-07-04 16:54:29,916 INFO  - Fetched company for recruiterId=3dc93452-07a2-4843-a650-c7faed6fc07c
2025-07-04 16:54:39,437 INFO  - Fetched all skills.
2025-07-04 16:54:42,471 INFO  - Fetched company for recruiterId=3dc93452-07a2-4843-a650-c7faed6fc07c
2025-07-04 16:54:42,482 INFO  - Fetched company for recruiterId=3dc93452-07a2-4843-a650-c7faed6fc07c
2025-07-04 16:54:42,490 INFO  - Fetched company for recruiterId=3dc93452-07a2-4843-a650-c7faed6fc07c
2025-07-04 16:54:42,501 INFO  - Fetched company for recruiterId=3dc93452-07a2-4843-a650-c7faed6fc07c
2025-07-04 16:54:42,512 INFO  - Fetched company for recruiterId=3dc93452-07a2-4843-a650-c7faed6fc07c
2025-07-04 16:56:02,854 INFO  - Fetched company for recruiterId=3dc93452-07a2-4843-a650-c7faed6fc07c
2025-07-04 16:56:02,862 INFO  - Fetched company for recruiterId=3dc93452-07a2-4843-a650-c7faed6fc07c
2025-07-04 16:56:02,869 INFO  - Fetched company for recruiterId=3dc93452-07a2-4843-a650-c7faed6fc07c
2025-07-04 16:56:02,877 INFO  - Fetched company for recruiterId=3dc93452-07a2-4843-a650-c7faed6fc07c
2025-07-04 16:56:02,887 INFO  - Fetched company for recruiterId=3dc93452-07a2-4843-a650-c7faed6fc07c
2025-07-04 16:56:08,063 INFO  - Fetched company for recruiterId=3dc93452-07a2-4843-a650-c7faed6fc07c
2025-07-04 16:56:08,071 INFO  - Fetched company for recruiterId=3dc93452-07a2-4843-a650-c7faed6fc07c
2025-07-04 16:56:08,080 INFO  - Fetched company for recruiterId=3dc93452-07a2-4843-a650-c7faed6fc07c
2025-07-04 16:56:08,087 INFO  - Fetched company for recruiterId=3dc93452-07a2-4843-a650-c7faed6fc07c
2025-07-04 16:56:08,100 INFO  - Fetched company for recruiterId=3dc93452-07a2-4843-a650-c7faed6fc07c
2025-07-04 16:56:10,100 INFO  - Resume downloaded: SeekerId = 1a09fe0c-e924-498f-815b-43a70a24e5c8, JobPostId = 4e6a8c17-fed2-4c37-a515-a19df84f1eb8
2025-07-04 16:56:19,643 INFO  - Resume downloaded: SeekerId = 637f3638-b296-4f0d-bb3c-5a65a7f8baed, JobPostId = 4e6a8c17-fed2-4c37-a515-a19df84f1eb8
2025-07-04 16:56:30,849 INFO  - Fetched company for recruiterId=3dc93452-07a2-4843-a650-c7faed6fc07c
2025-07-04 16:56:31,931 INFO  - Fetched company for recruiterId=3dc93452-07a2-4843-a650-c7faed6fc07c
2025-07-04 16:56:31,942 INFO  - Fetched company for recruiterId=3dc93452-07a2-4843-a650-c7faed6fc07c
2025-07-04 16:56:31,950 INFO  - Fetched company for recruiterId=3dc93452-07a2-4843-a650-c7faed6fc07c
2025-07-04 16:56:31,959 INFO  - Fetched company for recruiterId=3dc93452-07a2-4843-a650-c7faed6fc07c
2025-07-04 16:56:31,970 INFO  - Fetched company for recruiterId=3dc93452-07a2-4843-a650-c7faed6fc07c
2025-07-04 16:56:40,254 INFO  - Resume downloaded: SeekerId = 637f3638-b296-4f0d-bb3c-5a65a7f8baed, JobPostId = 4e6a8c17-fed2-4c37-a515-a19df84f1eb8
2025-07-04 16:57:30,946 INFO  - Fetched company for recruiterId=3dc93452-07a2-4843-a650-c7faed6fc07c
2025-07-04 16:57:30,955 INFO  - Fetched company for recruiterId=3dc93452-07a2-4843-a650-c7faed6fc07c
2025-07-04 16:57:30,991 INFO  - Fetched company for recruiterId=3dc93452-07a2-4843-a650-c7faed6fc07c
2025-07-04 16:57:31,001 INFO  - Fetched company for recruiterId=3dc93452-07a2-4843-a650-c7faed6fc07c
2025-07-04 16:57:31,015 INFO  - Fetched company for recruiterId=3dc93452-07a2-4843-a650-c7faed6fc07c
2025-07-04 16:57:35,001 INFO  - Resume downloaded: SeekerId = 637f3638-b296-4f0d-bb3c-5a65a7f8baed, JobPostId = 4e6a8c17-fed2-4c37-a515-a19df84f1eb8
2025-07-04 16:57:58,781 INFO  - Resume downloaded: SeekerId = 637f3638-b296-4f0d-bb3c-5a65a7f8baed, JobPostId = 4e6a8c17-fed2-4c37-a515-a19df84f1eb8
2025-07-04 16:58:25,784 INFO  - Resume downloaded: SeekerId = 1a09fe0c-e924-498f-815b-43a70a24e5c8, JobPostId = 4e6a8c17-fed2-4c37-a515-a19df84f1eb8
2025-07-04 16:58:37,268 INFO  - Resume downloaded: SeekerId = 1a09fe0c-e924-498f-815b-43a70a24e5c8, JobPostId = 4e6a8c17-fed2-4c37-a515-a19df84f1eb8
2025-07-04 16:58:51,678 INFO  - Fetched all skills.
2025-07-04 16:58:52,348 INFO  - Fetched company for recruiterId=3dc93452-07a2-4843-a650-c7faed6fc07c
2025-07-04 16:58:52,363 INFO  - Fetched company for recruiterId=3dc93452-07a2-4843-a650-c7faed6fc07c
2025-07-04 16:58:52,396 INFO  - Fetched company for recruiterId=3dc93452-07a2-4843-a650-c7faed6fc07c
2025-07-04 16:58:52,424 INFO  - Fetched company for recruiterId=3dc93452-07a2-4843-a650-c7faed6fc07c
2025-07-04 16:58:52,448 INFO  - Fetched company for recruiterId=3dc93452-07a2-4843-a650-c7faed6fc07c
2025-07-04 16:58:56,876 INFO  - Resume downloaded: SeekerId = 1a09fe0c-e924-498f-815b-43a70a24e5c8, JobPostId = 4e6a8c17-fed2-4c37-a515-a19df84f1eb8
2025-07-04 16:59:11,987 INFO  - Fetched company for recruiterId=3dc93452-07a2-4843-a650-c7faed6fc07c
2025-07-04 16:59:12,001 INFO  - Fetched company for recruiterId=3dc93452-07a2-4843-a650-c7faed6fc07c
2025-07-04 16:59:12,010 INFO  - Fetched company for recruiterId=3dc93452-07a2-4843-a650-c7faed6fc07c
2025-07-04 16:59:12,025 INFO  - Fetched company for recruiterId=3dc93452-07a2-4843-a650-c7faed6fc07c
2025-07-04 16:59:12,038 INFO  - Fetched company for recruiterId=3dc93452-07a2-4843-a650-c7faed6fc07c
2025-07-04 16:59:17,470 INFO  - Fetched company for recruiterId=3dc93452-07a2-4843-a650-c7faed6fc07c
2025-07-04 16:59:17,477 INFO  - Fetched company for recruiterId=3dc93452-07a2-4843-a650-c7faed6fc07c
2025-07-04 16:59:17,484 INFO  - Fetched company for recruiterId=3dc93452-07a2-4843-a650-c7faed6fc07c
2025-07-04 16:59:17,493 INFO  - Fetched company for recruiterId=3dc93452-07a2-4843-a650-c7faed6fc07c
2025-07-04 16:59:17,499 INFO  - Fetched company for recruiterId=3dc93452-07a2-4843-a650-c7faed6fc07c
2025-07-04 16:59:20,236 INFO  - Resume downloaded: SeekerId = 637f3638-b296-4f0d-bb3c-5a65a7f8baed, JobPostId = 4e6a8c17-fed2-4c37-a515-a19df84f1eb8
2025-07-04 17:00:11,501 INFO  - Job application status updated: ApplicationId = a290c4ea-2f20-4ace-b7b5-e4b6330787c9
2025-07-04 17:00:14,458 INFO  - Fetched company for recruiterId=3dc93452-07a2-4843-a650-c7faed6fc07c
2025-07-04 17:00:14,467 INFO  - Fetched company for recruiterId=3dc93452-07a2-4843-a650-c7faed6fc07c
2025-07-04 17:00:14,476 INFO  - Fetched company for recruiterId=3dc93452-07a2-4843-a650-c7faed6fc07c
2025-07-04 17:00:14,486 INFO  - Fetched company for recruiterId=3dc93452-07a2-4843-a650-c7faed6fc07c
2025-07-04 17:00:14,495 INFO  - Fetched company for recruiterId=3dc93452-07a2-4843-a650-c7faed6fc07c
2025-07-04 17:00:30,029 INFO  - User logged out: muthukaruppanaakash76@gmail.com
2025-07-04 17:00:43,648 INFO  - User logged in: muthu@gmail.com
2025-07-04 17:00:46,957 INFO  - Fetched all company names.
2025-07-04 17:00:47,102 INFO  - Fetched company for recruiterId=3ef67fab-ab7c-4ea7-9c7f-5c44330545ff
2025-07-04 17:00:47,113 INFO  - Fetched company for recruiterId=3dc93452-07a2-4843-a650-c7faed6fc07c
2025-07-04 17:00:47,114 INFO  - Fetched company for recruiterId=585999a5-de05-4b90-bbe4-5cc916da48a2
2025-07-04 17:00:47,122 INFO  - Fetched company for recruiterId=3dc93452-07a2-4843-a650-c7faed6fc07c
2025-07-04 17:00:47,123 INFO  - Fetched company for recruiterId=585999a5-de05-4b90-bbe4-5cc916da48a2
2025-07-04 17:00:47,142 INFO  - Fetched company for recruiterId=3dc93452-07a2-4843-a650-c7faed6fc07c
2025-07-04 17:00:47,143 INFO  - Fetched company for recruiterId=585999a5-de05-4b90-bbe4-5cc916da48a2
2025-07-04 17:00:47,157 INFO  - Fetched company for recruiterId=585999a5-de05-4b90-bbe4-5cc916da48a2
2025-07-04 17:00:47,169 INFO  - Fetched company for recruiterId=585999a5-de05-4b90-bbe4-5cc916da48a2
2025-07-04 17:00:47,178 INFO  - Fetched company for recruiterId=585999a5-de05-4b90-bbe4-5cc916da48a2
2025-07-04 17:00:47,938 INFO  - Fetched company for recruiterId=585999a5-de05-4b90-bbe4-5cc916da48a2
2025-07-04 17:00:47,938 INFO  - Fetched company for recruiterId=3dc93452-07a2-4843-a650-c7faed6fc07c
2025-07-04 17:00:47,938 INFO  - Fetched company for recruiterId=3ef67fab-ab7c-4ea7-9c7f-5c44330545ff
2025-07-04 17:00:47,955 INFO  - Fetched company for recruiterId=585999a5-de05-4b90-bbe4-5cc916da48a2
2025-07-04 17:00:47,969 INFO  - Fetched company for recruiterId=585999a5-de05-4b90-bbe4-5cc916da48a2
2025-07-04 17:00:48,648 INFO  - Fetched all company names.
2025-07-04 17:00:48,733 INFO  - Fetched company for recruiterId=585999a5-de05-4b90-bbe4-5cc916da48a2
2025-07-04 17:00:48,733 INFO  - Fetched company for recruiterId=3ef67fab-ab7c-4ea7-9c7f-5c44330545ff
2025-07-04 17:00:48,734 INFO  - Fetched company for recruiterId=3dc93452-07a2-4843-a650-c7faed6fc07c
2025-07-04 17:00:48,748 INFO  - Fetched company for recruiterId=585999a5-de05-4b90-bbe4-5cc916da48a2
2025-07-04 17:00:48,753 INFO  - Fetched company for recruiterId=3dc93452-07a2-4843-a650-c7faed6fc07c
2025-07-04 17:00:48,770 INFO  - Fetched company for recruiterId=585999a5-de05-4b90-bbe4-5cc916da48a2
2025-07-04 17:00:48,773 INFO  - Fetched company for recruiterId=3dc93452-07a2-4843-a650-c7faed6fc07c
2025-07-04 17:00:48,789 INFO  - Fetched company for recruiterId=585999a5-de05-4b90-bbe4-5cc916da48a2
2025-07-04 17:00:48,809 INFO  - Fetched company for recruiterId=585999a5-de05-4b90-bbe4-5cc916da48a2
2025-07-04 17:00:48,832 INFO  - Fetched company for recruiterId=585999a5-de05-4b90-bbe4-5cc916da48a2
2025-07-04 17:00:49,090 INFO  - Fetched all company names.
2025-07-04 17:00:49,249 INFO  - Fetched company for recruiterId=585999a5-de05-4b90-bbe4-5cc916da48a2
2025-07-04 17:00:49,250 INFO  - Fetched company for recruiterId=3ef67fab-ab7c-4ea7-9c7f-5c44330545ff
2025-07-04 17:00:49,250 INFO  - Fetched company for recruiterId=3dc93452-07a2-4843-a650-c7faed6fc07c
2025-07-04 17:00:49,263 INFO  - Fetched company for recruiterId=585999a5-de05-4b90-bbe4-5cc916da48a2
2025-07-04 17:00:49,263 INFO  - Fetched company for recruiterId=3ef67fab-ab7c-4ea7-9c7f-5c44330545ff
2025-07-04 17:00:49,263 INFO  - Fetched company for recruiterId=3dc93452-07a2-4843-a650-c7faed6fc07c
2025-07-04 17:00:49,273 INFO  - Fetched company for recruiterId=52f3dcc7-e7bb-4419-b8a9-9cfb2a6f8b9e
2025-07-04 17:00:49,277 INFO  - Fetched company for recruiterId=585999a5-de05-4b90-bbe4-5cc916da48a2
2025-07-04 17:00:49,277 INFO  - Fetched company for recruiterId=3dc93452-07a2-4843-a650-c7faed6fc07c
2025-07-04 17:00:49,286 INFO  - Fetched company for recruiterId=52f3dcc7-e7bb-4419-b8a9-9cfb2a6f8b9e
2025-07-04 17:00:49,289 INFO  - Fetched company for recruiterId=585999a5-de05-4b90-bbe4-5cc916da48a2
2025-07-04 17:00:49,290 INFO  - Fetched company for recruiterId=3dc93452-07a2-4843-a650-c7faed6fc07c
2025-07-04 17:00:49,308 INFO  - Fetched company for recruiterId=52f3dcc7-e7bb-4419-b8a9-9cfb2a6f8b9e
2025-07-04 17:00:49,310 INFO  - Fetched company for recruiterId=585999a5-de05-4b90-bbe4-5cc916da48a2
2025-07-04 17:00:49,311 INFO  - Fetched company for recruiterId=3dc93452-07a2-4843-a650-c7faed6fc07c
2025-07-04 17:00:49,356 INFO  - Fetched company for recruiterId=585999a5-de05-4b90-bbe4-5cc916da48a2
2025-07-04 17:00:49,356 INFO  - Fetched company for recruiterId=52f3dcc7-e7bb-4419-b8a9-9cfb2a6f8b9e
2025-07-04 17:00:49,376 INFO  - Fetched company for recruiterId=52f3dcc7-e7bb-4419-b8a9-9cfb2a6f8b9e
2025-07-04 17:00:49,395 INFO  - Fetched company for recruiterId=52f3dcc7-e7bb-4419-b8a9-9cfb2a6f8b9e
2025-07-04 17:00:49,411 INFO  - Fetched company for recruiterId=52f3dcc7-e7bb-4419-b8a9-9cfb2a6f8b9e
2025-07-04 17:00:49,456 INFO  - Fetched company for recruiterId=52f3dcc7-e7bb-4419-b8a9-9cfb2a6f8b9e
2025-07-04 17:00:49,478 INFO  - Fetched company for recruiterId=52f3dcc7-e7bb-4419-b8a9-9cfb2a6f8b9e
2025-07-04 17:00:49,488 INFO  - Fetched company for recruiterId=52f3dcc7-e7bb-4419-b8a9-9cfb2a6f8b9e
2025-07-04 17:00:49,498 INFO  - Fetched company for recruiterId=52f3dcc7-e7bb-4419-b8a9-9cfb2a6f8b9e
2025-07-04 17:00:49,509 INFO  - Fetched company for recruiterId=52f3dcc7-e7bb-4419-b8a9-9cfb2a6f8b9e
2025-07-04 17:00:49,516 INFO  - Fetched company for recruiterId=52f3dcc7-e7bb-4419-b8a9-9cfb2a6f8b9e
2025-07-04 17:00:49,525 INFO  - Fetched company for recruiterId=52f3dcc7-e7bb-4419-b8a9-9cfb2a6f8b9e
2025-07-04 17:00:49,533 INFO  - Fetched company for recruiterId=52f3dcc7-e7bb-4419-b8a9-9cfb2a6f8b9e
2025-07-04 17:00:49,543 INFO  - Fetched company for recruiterId=52f3dcc7-e7bb-4419-b8a9-9cfb2a6f8b9e
2025-07-04 17:01:09,766 INFO  - User logged in: mano@gmail.com
2025-07-04 17:01:22,307 INFO  - JobPost added by recruiter: 585999a5-de05-4b90-bbe4-5cc916da48a2, Job Title: JavaScript Developer
2025-07-04 17:01:22,347 INFO  - Fetched company for recruiterId=585999a5-de05-4b90-bbe4-5cc916da48a2
2025-07-04 17:01:36,066 INFO  - Fetched company for recruiterId=585999a5-de05-4b90-bbe4-5cc916da48a2
2025-07-04 17:02:05,119 INFO  - Fetched company for recruiterId=585999a5-de05-4b90-bbe4-5cc916da48a2
2025-07-04 17:02:33,883 INFO  - Resume uploaded: SeekerId = 637f3638-b296-4f0d-bb3c-5a65a7f8baed, JobPostId = d03512b1-ad56-4fdb-8269-78f51bfdc980
2025-07-04 17:02:33,884 INFO  - Job application created for SeekerId = 637f3638-b296-4f0d-bb3c-5a65a7f8baed, JobPostId = d03512b1-ad56-4fdb-8269-78f51bfdc980
2025-07-04 17:03:06,016 INFO  - Fetched all company names.
2025-07-04 17:03:06,056 INFO  - Fetched company for recruiterId=585999a5-de05-4b90-bbe4-5cc916da48a2
2025-07-04 17:03:06,056 INFO  - Fetched company for recruiterId=3dc93452-07a2-4843-a650-c7faed6fc07c
2025-07-04 17:03:06,056 INFO  - Fetched company for recruiterId=3ef67fab-ab7c-4ea7-9c7f-5c44330545ff
2025-07-04 17:03:06,064 INFO  - Fetched company for recruiterId=3dc93452-07a2-4843-a650-c7faed6fc07c
2025-07-04 17:03:06,064 INFO  - Fetched company for recruiterId=585999a5-de05-4b90-bbe4-5cc916da48a2
2025-07-04 17:03:06,073 INFO  - Fetched company for recruiterId=585999a5-de05-4b90-bbe4-5cc916da48a2
2025-07-04 17:03:06,082 INFO  - Fetched company for recruiterId=585999a5-de05-4b90-bbe4-5cc916da48a2
2025-07-04 17:03:06,089 INFO  - Fetched company for recruiterId=585999a5-de05-4b90-bbe4-5cc916da48a2
2025-07-04 17:03:06,096 INFO  - Fetched company for recruiterId=585999a5-de05-4b90-bbe4-5cc916da48a2
2025-07-04 17:03:06,104 INFO  - Fetched company for recruiterId=585999a5-de05-4b90-bbe4-5cc916da48a2
2025-07-04 17:03:06,839 INFO  - Fetched all company names.
2025-07-04 17:03:06,889 INFO  - Fetched company for recruiterId=585999a5-de05-4b90-bbe4-5cc916da48a2
2025-07-04 17:03:06,889 INFO  - Fetched company for recruiterId=3ef67fab-ab7c-4ea7-9c7f-5c44330545ff
2025-07-04 17:03:06,890 INFO  - Fetched company for recruiterId=3dc93452-07a2-4843-a650-c7faed6fc07c
2025-07-04 17:03:06,896 INFO  - Fetched company for recruiterId=52f3dcc7-e7bb-4419-b8a9-9cfb2a6f8b9e
2025-07-04 17:03:06,903 INFO  - Fetched company for recruiterId=3ef67fab-ab7c-4ea7-9c7f-5c44330545ff
2025-07-04 17:03:06,903 INFO  - Fetched company for recruiterId=585999a5-de05-4b90-bbe4-5cc916da48a2
2025-07-04 17:03:06,906 INFO  - Fetched company for recruiterId=3dc93452-07a2-4843-a650-c7faed6fc07c
2025-07-04 17:03:06,907 INFO  - Fetched company for recruiterId=52f3dcc7-e7bb-4419-b8a9-9cfb2a6f8b9e
2025-07-04 17:03:06,917 INFO  - Fetched company for recruiterId=585999a5-de05-4b90-bbe4-5cc916da48a2
2025-07-04 17:03:06,918 INFO  - Fetched company for recruiterId=3dc93452-07a2-4843-a650-c7faed6fc07c
2025-07-04 17:03:06,921 INFO  - Fetched company for recruiterId=52f3dcc7-e7bb-4419-b8a9-9cfb2a6f8b9e
2025-07-04 17:03:06,930 INFO  - Fetched company for recruiterId=585999a5-de05-4b90-bbe4-5cc916da48a2
2025-07-04 17:03:06,932 INFO  - Fetched company for recruiterId=3dc93452-07a2-4843-a650-c7faed6fc07c
2025-07-04 17:03:06,934 INFO  - Fetched company for recruiterId=52f3dcc7-e7bb-4419-b8a9-9cfb2a6f8b9e
2025-07-04 17:03:06,942 INFO  - Fetched company for recruiterId=585999a5-de05-4b90-bbe4-5cc916da48a2
2025-07-04 17:03:06,949 INFO  - Fetched company for recruiterId=52f3dcc7-e7bb-4419-b8a9-9cfb2a6f8b9e
2025-07-04 17:03:06,950 INFO  - Fetched company for recruiterId=3dc93452-07a2-4843-a650-c7faed6fc07c
2025-07-04 17:03:06,954 INFO  - Fetched company for recruiterId=585999a5-de05-4b90-bbe4-5cc916da48a2
2025-07-04 17:03:06,959 INFO  - Fetched company for recruiterId=52f3dcc7-e7bb-4419-b8a9-9cfb2a6f8b9e
2025-07-04 17:03:06,984 INFO  - Fetched company for recruiterId=585999a5-de05-4b90-bbe4-5cc916da48a2
2025-07-04 17:03:06,994 INFO  - Fetched company for recruiterId=52f3dcc7-e7bb-4419-b8a9-9cfb2a6f8b9e
2025-07-04 17:03:07,007 INFO  - Fetched company for recruiterId=52f3dcc7-e7bb-4419-b8a9-9cfb2a6f8b9e
2025-07-04 17:03:07,020 INFO  - Fetched company for recruiterId=52f3dcc7-e7bb-4419-b8a9-9cfb2a6f8b9e
2025-07-04 17:03:07,030 INFO  - Fetched company for recruiterId=52f3dcc7-e7bb-4419-b8a9-9cfb2a6f8b9e
2025-07-04 17:03:07,045 INFO  - Fetched company for recruiterId=52f3dcc7-e7bb-4419-b8a9-9cfb2a6f8b9e
2025-07-04 17:03:07,060 INFO  - Fetched company for recruiterId=52f3dcc7-e7bb-4419-b8a9-9cfb2a6f8b9e
2025-07-04 17:03:07,073 INFO  - Fetched company for recruiterId=52f3dcc7-e7bb-4419-b8a9-9cfb2a6f8b9e
2025-07-04 17:03:07,087 INFO  - Fetched company for recruiterId=52f3dcc7-e7bb-4419-b8a9-9cfb2a6f8b9e
2025-07-04 17:03:07,096 INFO  - Fetched company for recruiterId=52f3dcc7-e7bb-4419-b8a9-9cfb2a6f8b9e
2025-07-04 17:03:07,111 INFO  - Fetched company for recruiterId=52f3dcc7-e7bb-4419-b8a9-9cfb2a6f8b9e
2025-07-04 17:03:19,296 INFO  - Fetched company for recruiterId=585999a5-de05-4b90-bbe4-5cc916da48a2
2025-07-04 17:03:19,305 INFO  - Fetched company for recruiterId=585999a5-de05-4b90-bbe4-5cc916da48a2
2025-07-04 17:03:19,312 INFO  - Fetched company for recruiterId=585999a5-de05-4b90-bbe4-5cc916da48a2
2025-07-04 17:03:19,319 INFO  - Fetched company for recruiterId=585999a5-de05-4b90-bbe4-5cc916da48a2
2025-07-04 17:03:19,329 INFO  - Fetched company for recruiterId=585999a5-de05-4b90-bbe4-5cc916da48a2
2025-07-04 17:03:19,337 INFO  - Fetched company for recruiterId=585999a5-de05-4b90-bbe4-5cc916da48a2
2025-07-04 17:03:19,345 INFO  - Fetched company for recruiterId=585999a5-de05-4b90-bbe4-5cc916da48a2
2025-07-04 17:03:34,767 INFO  - Fetched company for recruiterId=585999a5-de05-4b90-bbe4-5cc916da48a2
2025-07-04 17:03:34,772 INFO  - Fetched company for recruiterId=585999a5-de05-4b90-bbe4-5cc916da48a2
2025-07-04 17:03:34,781 INFO  - Fetched company for recruiterId=585999a5-de05-4b90-bbe4-5cc916da48a2
2025-07-04 17:03:34,787 INFO  - Fetched company for recruiterId=585999a5-de05-4b90-bbe4-5cc916da48a2
2025-07-04 17:03:34,797 INFO  - Fetched company for recruiterId=585999a5-de05-4b90-bbe4-5cc916da48a2
2025-07-04 17:03:34,805 INFO  - Fetched company for recruiterId=585999a5-de05-4b90-bbe4-5cc916da48a2
2025-07-04 17:03:34,813 INFO  - Fetched company for recruiterId=585999a5-de05-4b90-bbe4-5cc916da48a2
2025-07-04 17:04:13,337 INFO  - Fetched company for recruiterId=585999a5-de05-4b90-bbe4-5cc916da48a2
2025-07-04 17:04:13,346 INFO  - Fetched company for recruiterId=585999a5-de05-4b90-bbe4-5cc916da48a2
2025-07-04 17:04:13,353 INFO  - Fetched company for recruiterId=585999a5-de05-4b90-bbe4-5cc916da48a2
2025-07-04 17:04:13,359 INFO  - Fetched company for recruiterId=585999a5-de05-4b90-bbe4-5cc916da48a2
2025-07-04 17:04:13,369 INFO  - Fetched company for recruiterId=585999a5-de05-4b90-bbe4-5cc916da48a2
2025-07-04 17:04:13,378 INFO  - Fetched company for recruiterId=585999a5-de05-4b90-bbe4-5cc916da48a2
2025-07-04 17:04:13,386 INFO  - Fetched company for recruiterId=585999a5-de05-4b90-bbe4-5cc916da48a2
2025-07-04 17:04:21,656 INFO  - Fetched company for recruiterId=585999a5-de05-4b90-bbe4-5cc916da48a2
2025-07-04 17:04:27,090 INFO  - Fetched company for recruiterId=585999a5-de05-4b90-bbe4-5cc916da48a2
2025-07-04 17:04:27,562 INFO  - Fetched all company names.
2025-07-04 17:04:27,607 INFO  - Fetched company for recruiterId=585999a5-de05-4b90-bbe4-5cc916da48a2
2025-07-04 17:04:27,611 INFO  - Fetched company for recruiterId=3ef67fab-ab7c-4ea7-9c7f-5c44330545ff
2025-07-04 17:04:27,612 INFO  - Fetched company for recruiterId=3dc93452-07a2-4843-a650-c7faed6fc07c
2025-07-04 17:04:27,619 INFO  - Fetched company for recruiterId=585999a5-de05-4b90-bbe4-5cc916da48a2
2025-07-04 17:04:27,622 INFO  - Fetched company for recruiterId=3ef67fab-ab7c-4ea7-9c7f-5c44330545ff
2025-07-04 17:04:27,622 INFO  - Fetched company for recruiterId=3dc93452-07a2-4843-a650-c7faed6fc07c
2025-07-04 17:04:27,631 INFO  - Fetched company for recruiterId=585999a5-de05-4b90-bbe4-5cc916da48a2
2025-07-04 17:04:27,641 INFO  - Fetched company for recruiterId=3dc93452-07a2-4843-a650-c7faed6fc07c
2025-07-04 17:04:27,651 INFO  - Fetched company for recruiterId=52f3dcc7-e7bb-4419-b8a9-9cfb2a6f8b9e
2025-07-04 17:04:27,670 INFO  - Fetched company for recruiterId=585999a5-de05-4b90-bbe4-5cc916da48a2
2025-07-04 17:04:27,671 INFO  - Fetched company for recruiterId=52f3dcc7-e7bb-4419-b8a9-9cfb2a6f8b9e
2025-07-04 17:04:27,675 INFO  - Fetched company for recruiterId=3dc93452-07a2-4843-a650-c7faed6fc07c
2025-07-04 17:04:27,683 INFO  - Fetched company for recruiterId=3dc93452-07a2-4843-a650-c7faed6fc07c
2025-07-04 17:04:27,683 INFO  - Fetched company for recruiterId=585999a5-de05-4b90-bbe4-5cc916da48a2
2025-07-04 17:04:27,683 INFO  - Fetched company for recruiterId=52f3dcc7-e7bb-4419-b8a9-9cfb2a6f8b9e
2025-07-04 17:04:27,695 INFO  - Fetched company for recruiterId=585999a5-de05-4b90-bbe4-5cc916da48a2
2025-07-04 17:04:27,695 INFO  - Fetched company for recruiterId=52f3dcc7-e7bb-4419-b8a9-9cfb2a6f8b9e
2025-07-04 17:04:27,707 INFO  - Fetched company for recruiterId=585999a5-de05-4b90-bbe4-5cc916da48a2
2025-07-04 17:04:27,707 INFO  - Fetched company for recruiterId=52f3dcc7-e7bb-4419-b8a9-9cfb2a6f8b9e
2025-07-04 17:04:27,717 INFO  - Fetched company for recruiterId=52f3dcc7-e7bb-4419-b8a9-9cfb2a6f8b9e
2025-07-04 17:04:27,730 INFO  - Fetched company for recruiterId=52f3dcc7-e7bb-4419-b8a9-9cfb2a6f8b9e
2025-07-04 17:04:27,740 INFO  - Fetched company for recruiterId=52f3dcc7-e7bb-4419-b8a9-9cfb2a6f8b9e
2025-07-04 17:04:27,755 INFO  - Fetched company for recruiterId=52f3dcc7-e7bb-4419-b8a9-9cfb2a6f8b9e
2025-07-04 17:04:27,779 INFO  - Fetched company for recruiterId=52f3dcc7-e7bb-4419-b8a9-9cfb2a6f8b9e
2025-07-04 17:04:27,788 INFO  - Fetched company for recruiterId=52f3dcc7-e7bb-4419-b8a9-9cfb2a6f8b9e
2025-07-04 17:04:27,799 INFO  - Fetched company for recruiterId=52f3dcc7-e7bb-4419-b8a9-9cfb2a6f8b9e
2025-07-04 17:04:27,816 INFO  - Fetched company for recruiterId=52f3dcc7-e7bb-4419-b8a9-9cfb2a6f8b9e
2025-07-04 17:04:27,824 INFO  - Fetched company for recruiterId=52f3dcc7-e7bb-4419-b8a9-9cfb2a6f8b9e
2025-07-04 17:04:27,838 INFO  - Fetched company for recruiterId=52f3dcc7-e7bb-4419-b8a9-9cfb2a6f8b9e
2025-07-04 17:04:27,848 INFO  - Fetched company for recruiterId=52f3dcc7-e7bb-4419-b8a9-9cfb2a6f8b9e
2025-07-04 17:04:40,175 INFO  - Fetched all company names.
2025-07-04 17:04:40,224 INFO  - Fetched company for recruiterId=585999a5-de05-4b90-bbe4-5cc916da48a2
2025-07-04 17:04:40,224 INFO  - Fetched company for recruiterId=3ef67fab-ab7c-4ea7-9c7f-5c44330545ff
2025-07-04 17:04:40,225 INFO  - Fetched company for recruiterId=3dc93452-07a2-4843-a650-c7faed6fc07c
2025-07-04 17:04:40,230 INFO  - Fetched company for recruiterId=52f3dcc7-e7bb-4419-b8a9-9cfb2a6f8b9e
2025-07-04 17:04:40,237 INFO  - Fetched company for recruiterId=3ef67fab-ab7c-4ea7-9c7f-5c44330545ff
2025-07-04 17:04:40,239 INFO  - Fetched company for recruiterId=585999a5-de05-4b90-bbe4-5cc916da48a2
2025-07-04 17:04:40,239 INFO  - Fetched company for recruiterId=3dc93452-07a2-4843-a650-c7faed6fc07c
2025-07-04 17:04:40,242 INFO  - Fetched company for recruiterId=52f3dcc7-e7bb-4419-b8a9-9cfb2a6f8b9e
2025-07-04 17:04:40,247 INFO  - Fetched company for recruiterId=585999a5-de05-4b90-bbe4-5cc916da48a2
2025-07-04 17:04:40,249 INFO  - Fetched company for recruiterId=3dc93452-07a2-4843-a650-c7faed6fc07c
2025-07-04 17:04:40,252 INFO  - Fetched company for recruiterId=52f3dcc7-e7bb-4419-b8a9-9cfb2a6f8b9e
2025-07-04 17:04:40,256 INFO  - Fetched company for recruiterId=585999a5-de05-4b90-bbe4-5cc916da48a2
2025-07-04 17:04:40,257 INFO  - Fetched company for recruiterId=3dc93452-07a2-4843-a650-c7faed6fc07c
2025-07-04 17:04:40,266 INFO  - Fetched company for recruiterId=52f3dcc7-e7bb-4419-b8a9-9cfb2a6f8b9e
2025-07-04 17:04:40,272 INFO  - Fetched company for recruiterId=585999a5-de05-4b90-bbe4-5cc916da48a2
2025-07-04 17:04:40,274 INFO  - Fetched company for recruiterId=3dc93452-07a2-4843-a650-c7faed6fc07c
2025-07-04 17:04:40,282 INFO  - Fetched company for recruiterId=52f3dcc7-e7bb-4419-b8a9-9cfb2a6f8b9e
2025-07-04 17:04:40,285 INFO  - Fetched company for recruiterId=585999a5-de05-4b90-bbe4-5cc916da48a2
2025-07-04 17:04:40,296 INFO  - Fetched company for recruiterId=52f3dcc7-e7bb-4419-b8a9-9cfb2a6f8b9e
2025-07-04 17:04:40,298 INFO  - Fetched company for recruiterId=585999a5-de05-4b90-bbe4-5cc916da48a2
2025-07-04 17:04:40,310 INFO  - Fetched company for recruiterId=52f3dcc7-e7bb-4419-b8a9-9cfb2a6f8b9e
2025-07-04 17:04:40,322 INFO  - Fetched company for recruiterId=52f3dcc7-e7bb-4419-b8a9-9cfb2a6f8b9e
2025-07-04 17:04:40,332 INFO  - Fetched company for recruiterId=52f3dcc7-e7bb-4419-b8a9-9cfb2a6f8b9e
2025-07-04 17:04:40,340 INFO  - Fetched company for recruiterId=52f3dcc7-e7bb-4419-b8a9-9cfb2a6f8b9e
2025-07-04 17:04:40,350 INFO  - Fetched company for recruiterId=52f3dcc7-e7bb-4419-b8a9-9cfb2a6f8b9e
2025-07-04 17:04:40,365 INFO  - Fetched company for recruiterId=52f3dcc7-e7bb-4419-b8a9-9cfb2a6f8b9e
2025-07-04 17:04:40,373 INFO  - Fetched company for recruiterId=52f3dcc7-e7bb-4419-b8a9-9cfb2a6f8b9e
2025-07-04 17:04:40,384 INFO  - Fetched company for recruiterId=52f3dcc7-e7bb-4419-b8a9-9cfb2a6f8b9e
2025-07-04 17:04:40,394 INFO  - Fetched company for recruiterId=52f3dcc7-e7bb-4419-b8a9-9cfb2a6f8b9e
2025-07-04 17:04:40,403 INFO  - Fetched company for recruiterId=52f3dcc7-e7bb-4419-b8a9-9cfb2a6f8b9e
2025-07-04 17:05:17,737 INFO  - Fetched all company names.
2025-07-04 17:05:17,824 INFO  - Fetched company for recruiterId=585999a5-de05-4b90-bbe4-5cc916da48a2
2025-07-04 17:05:17,825 INFO  - Fetched company for recruiterId=3ef67fab-ab7c-4ea7-9c7f-5c44330545ff
2025-07-04 17:05:17,825 INFO  - Fetched company for recruiterId=3dc93452-07a2-4843-a650-c7faed6fc07c
2025-07-04 17:05:17,825 INFO  - Fetched company for recruiterId=52f3dcc7-e7bb-4419-b8a9-9cfb2a6f8b9e
2025-07-04 17:05:17,846 INFO  - Fetched company for recruiterId=585999a5-de05-4b90-bbe4-5cc916da48a2
2025-07-04 17:05:17,846 INFO  - Fetched company for recruiterId=3ef67fab-ab7c-4ea7-9c7f-5c44330545ff
2025-07-04 17:05:17,846 INFO  - Fetched company for recruiterId=52f3dcc7-e7bb-4419-b8a9-9cfb2a6f8b9e
2025-07-04 17:05:17,847 INFO  - Fetched company for recruiterId=3dc93452-07a2-4843-a650-c7faed6fc07c
2025-07-04 17:05:17,859 INFO  - Fetched company for recruiterId=585999a5-de05-4b90-bbe4-5cc916da48a2
2025-07-04 17:05:17,859 INFO  - Fetched company for recruiterId=3dc93452-07a2-4843-a650-c7faed6fc07c
2025-07-04 17:05:17,860 INFO  - Fetched company for recruiterId=52f3dcc7-e7bb-4419-b8a9-9cfb2a6f8b9e
2025-07-04 17:05:17,875 INFO  - Fetched company for recruiterId=585999a5-de05-4b90-bbe4-5cc916da48a2
2025-07-04 17:05:17,875 INFO  - Fetched company for recruiterId=3dc93452-07a2-4843-a650-c7faed6fc07c
2025-07-04 17:05:17,876 INFO  - Fetched company for recruiterId=52f3dcc7-e7bb-4419-b8a9-9cfb2a6f8b9e
2025-07-04 17:05:17,895 INFO  - Fetched company for recruiterId=585999a5-de05-4b90-bbe4-5cc916da48a2
2025-07-04 17:05:17,896 INFO  - Fetched company for recruiterId=3dc93452-07a2-4843-a650-c7faed6fc07c
2025-07-04 17:05:17,896 INFO  - Fetched company for recruiterId=52f3dcc7-e7bb-4419-b8a9-9cfb2a6f8b9e
2025-07-04 17:05:17,910 INFO  - Fetched company for recruiterId=585999a5-de05-4b90-bbe4-5cc916da48a2
2025-07-04 17:05:17,910 INFO  - Fetched company for recruiterId=52f3dcc7-e7bb-4419-b8a9-9cfb2a6f8b9e
2025-07-04 17:05:17,930 INFO  - Fetched company for recruiterId=585999a5-de05-4b90-bbe4-5cc916da48a2
2025-07-04 17:05:17,930 INFO  - Fetched company for recruiterId=52f3dcc7-e7bb-4419-b8a9-9cfb2a6f8b9e
2025-07-04 17:05:17,948 INFO  - Fetched company for recruiterId=52f3dcc7-e7bb-4419-b8a9-9cfb2a6f8b9e
2025-07-04 17:05:17,961 INFO  - Fetched company for recruiterId=52f3dcc7-e7bb-4419-b8a9-9cfb2a6f8b9e
2025-07-04 17:05:17,972 INFO  - Fetched company for recruiterId=52f3dcc7-e7bb-4419-b8a9-9cfb2a6f8b9e
2025-07-04 17:05:17,987 INFO  - Fetched company for recruiterId=52f3dcc7-e7bb-4419-b8a9-9cfb2a6f8b9e
2025-07-04 17:05:18,005 INFO  - Fetched company for recruiterId=52f3dcc7-e7bb-4419-b8a9-9cfb2a6f8b9e
2025-07-04 17:05:18,018 INFO  - Fetched company for recruiterId=52f3dcc7-e7bb-4419-b8a9-9cfb2a6f8b9e
2025-07-04 17:05:18,029 INFO  - Fetched company for recruiterId=52f3dcc7-e7bb-4419-b8a9-9cfb2a6f8b9e
2025-07-04 17:05:18,045 INFO  - Fetched company for recruiterId=52f3dcc7-e7bb-4419-b8a9-9cfb2a6f8b9e
2025-07-04 17:05:18,058 INFO  - Fetched company for recruiterId=52f3dcc7-e7bb-4419-b8a9-9cfb2a6f8b9e
2025-07-04 17:05:47,351 INFO  - Fetched all company names.
2025-07-04 17:05:47,419 INFO  - Fetched company for recruiterId=585999a5-de05-4b90-bbe4-5cc916da48a2
2025-07-04 17:05:47,426 INFO  - Fetched company for recruiterId=3ef67fab-ab7c-4ea7-9c7f-5c44330545ff
2025-07-04 17:05:47,426 INFO  - Fetched company for recruiterId=3dc93452-07a2-4843-a650-c7faed6fc07c
2025-07-04 17:05:47,433 INFO  - Fetched company for recruiterId=585999a5-de05-4b90-bbe4-5cc916da48a2
2025-07-04 17:05:47,438 INFO  - Fetched company for recruiterId=3dc93452-07a2-4843-a650-c7faed6fc07c
2025-07-04 17:05:47,446 INFO  - Fetched company for recruiterId=585999a5-de05-4b90-bbe4-5cc916da48a2
2025-07-04 17:05:47,454 INFO  - Fetched company for recruiterId=585999a5-de05-4b90-bbe4-5cc916da48a2
2025-07-04 17:05:47,466 INFO  - Fetched company for recruiterId=585999a5-de05-4b90-bbe4-5cc916da48a2
2025-07-04 17:05:47,473 INFO  - Fetched company for recruiterId=585999a5-de05-4b90-bbe4-5cc916da48a2
2025-07-04 17:05:47,484 INFO  - Fetched company for recruiterId=585999a5-de05-4b90-bbe4-5cc916da48a2
2025-07-04 17:06:09,617 INFO  - Fetched company for recruiterId=3dc93452-07a2-4843-a650-c7faed6fc07c
2025-07-04 17:06:09,620 INFO  - Fetched company for recruiterId=52f3dcc7-e7bb-4419-b8a9-9cfb2a6f8b9e
2025-07-04 17:06:09,645 INFO  - Fetched company for recruiterId=52f3dcc7-e7bb-4419-b8a9-9cfb2a6f8b9e
2025-07-04 17:06:09,654 INFO  - Fetched company for recruiterId=3dc93452-07a2-4843-a650-c7faed6fc07c
2025-07-04 17:06:09,663 INFO  - Fetched company for recruiterId=52f3dcc7-e7bb-4419-b8a9-9cfb2a6f8b9e
2025-07-04 17:06:09,669 INFO  - Fetched company for recruiterId=3dc93452-07a2-4843-a650-c7faed6fc07c
2025-07-04 17:06:09,682 INFO  - Fetched company for recruiterId=52f3dcc7-e7bb-4419-b8a9-9cfb2a6f8b9e
2025-07-04 17:06:09,703 INFO  - Fetched company for recruiterId=52f3dcc7-e7bb-4419-b8a9-9cfb2a6f8b9e
2025-07-04 17:06:09,744 INFO  - Fetched company for recruiterId=52f3dcc7-e7bb-4419-b8a9-9cfb2a6f8b9e
2025-07-04 17:06:09,763 INFO  - Fetched company for recruiterId=52f3dcc7-e7bb-4419-b8a9-9cfb2a6f8b9e
2025-07-04 17:06:09,775 INFO  - Fetched company for recruiterId=52f3dcc7-e7bb-4419-b8a9-9cfb2a6f8b9e
2025-07-04 17:06:09,786 INFO  - Fetched company for recruiterId=52f3dcc7-e7bb-4419-b8a9-9cfb2a6f8b9e
2025-07-04 17:06:09,796 INFO  - Fetched company for recruiterId=52f3dcc7-e7bb-4419-b8a9-9cfb2a6f8b9e
2025-07-04 17:06:09,804 INFO  - Fetched company for recruiterId=52f3dcc7-e7bb-4419-b8a9-9cfb2a6f8b9e
2025-07-04 17:06:09,815 INFO  - Fetched company for recruiterId=52f3dcc7-e7bb-4419-b8a9-9cfb2a6f8b9e
2025-07-04 17:06:09,824 INFO  - Fetched company for recruiterId=52f3dcc7-e7bb-4419-b8a9-9cfb2a6f8b9e
2025-07-04 17:06:09,834 INFO  - Fetched company for recruiterId=52f3dcc7-e7bb-4419-b8a9-9cfb2a6f8b9e
2025-07-04 17:06:09,844 INFO  - Fetched company for recruiterId=52f3dcc7-e7bb-4419-b8a9-9cfb2a6f8b9e
2025-07-04 17:06:09,855 INFO  - Fetched company for recruiterId=52f3dcc7-e7bb-4419-b8a9-9cfb2a6f8b9e
2025-07-04 17:06:13,329 INFO  - Fetched all skills.
2025-07-04 17:06:26,370 INFO  - Updated seeker details for muthu@gmail.com (ID: 637f3638-b296-4f0d-bb3c-5a65a7f8baed)
2025-07-04 17:06:31,629 INFO  - Fetched all skills.
2025-07-04 17:06:33,883 INFO  - Fetched company for recruiterId=585999a5-de05-4b90-bbe4-5cc916da48a2
2025-07-04 17:06:33,884 INFO  - Fetched company for recruiterId=3ef67fab-ab7c-4ea7-9c7f-5c44330545ff
2025-07-04 17:06:33,884 INFO  - Fetched company for recruiterId=3dc93452-07a2-4843-a650-c7faed6fc07c
2025-07-04 17:06:33,898 INFO  - Fetched company for recruiterId=585999a5-de05-4b90-bbe4-5cc916da48a2
2025-07-04 17:06:33,905 INFO  - Fetched company for recruiterId=585999a5-de05-4b90-bbe4-5cc916da48a2
2025-07-04 17:06:35,742 INFO  - Fetched all skills.
2025-07-04 17:06:37,271 INFO  - Fetched all skills.
2025-07-04 17:07:39,154 INFO  - Fetched company for recruiterId=3dc93452-07a2-4843-a650-c7faed6fc07c
2025-07-04 17:07:39,154 INFO  - Fetched company for recruiterId=3ef67fab-ab7c-4ea7-9c7f-5c44330545ff
2025-07-04 17:07:39,154 INFO  - Fetched company for recruiterId=585999a5-de05-4b90-bbe4-5cc916da48a2
2025-07-04 17:07:39,170 INFO  - Fetched company for recruiterId=585999a5-de05-4b90-bbe4-5cc916da48a2
2025-07-04 17:07:39,178 INFO  - Fetched company for recruiterId=585999a5-de05-4b90-bbe4-5cc916da48a2
2025-07-04 17:08:04,207 INFO  - Fetched all company names.
2025-07-04 17:08:04,252 INFO  - Fetched company for recruiterId=585999a5-de05-4b90-bbe4-5cc916da48a2
2025-07-04 17:08:04,254 INFO  - Fetched company for recruiterId=3ef67fab-ab7c-4ea7-9c7f-5c44330545ff
2025-07-04 17:08:04,254 INFO  - Fetched company for recruiterId=3dc93452-07a2-4843-a650-c7faed6fc07c
2025-07-04 17:08:04,266 INFO  - Fetched company for recruiterId=585999a5-de05-4b90-bbe4-5cc916da48a2
2025-07-04 17:08:04,266 INFO  - Fetched company for recruiterId=3dc93452-07a2-4843-a650-c7faed6fc07c
2025-07-04 17:08:04,276 INFO  - Fetched company for recruiterId=585999a5-de05-4b90-bbe4-5cc916da48a2
2025-07-04 17:08:04,285 INFO  - Fetched company for recruiterId=585999a5-de05-4b90-bbe4-5cc916da48a2
2025-07-04 17:08:04,295 INFO  - Fetched company for recruiterId=585999a5-de05-4b90-bbe4-5cc916da48a2
2025-07-04 17:08:04,303 INFO  - Fetched company for recruiterId=585999a5-de05-4b90-bbe4-5cc916da48a2
2025-07-04 17:08:04,316 INFO  - Fetched company for recruiterId=585999a5-de05-4b90-bbe4-5cc916da48a2
2025-07-04 17:08:05,014 INFO  - Fetched company for recruiterId=3dc93452-07a2-4843-a650-c7faed6fc07c
2025-07-04 17:08:05,014 INFO  - Fetched company for recruiterId=52f3dcc7-e7bb-4419-b8a9-9cfb2a6f8b9e
2025-07-04 17:08:05,037 INFO  - Fetched company for recruiterId=52f3dcc7-e7bb-4419-b8a9-9cfb2a6f8b9e
2025-07-04 17:08:05,083 INFO  - Fetched company for recruiterId=52f3dcc7-e7bb-4419-b8a9-9cfb2a6f8b9e
2025-07-04 17:08:05,113 INFO  - Fetched company for recruiterId=52f3dcc7-e7bb-4419-b8a9-9cfb2a6f8b9e
2025-07-04 17:08:05,149 INFO  - Fetched company for recruiterId=52f3dcc7-e7bb-4419-b8a9-9cfb2a6f8b9e
2025-07-04 17:08:05,187 INFO  - Fetched company for recruiterId=52f3dcc7-e7bb-4419-b8a9-9cfb2a6f8b9e
2025-07-04 17:08:05,208 INFO  - Fetched company for recruiterId=52f3dcc7-e7bb-4419-b8a9-9cfb2a6f8b9e
2025-07-04 17:08:05,209 INFO  - Fetched company for recruiterId=3dc93452-07a2-4843-a650-c7faed6fc07c
2025-07-04 17:08:05,239 INFO  - Fetched company for recruiterId=52f3dcc7-e7bb-4419-b8a9-9cfb2a6f8b9e
2025-07-04 17:08:05,239 INFO  - Fetched company for recruiterId=3dc93452-07a2-4843-a650-c7faed6fc07c
2025-07-04 17:08:05,273 INFO  - Fetched company for recruiterId=52f3dcc7-e7bb-4419-b8a9-9cfb2a6f8b9e
2025-07-04 17:08:05,293 INFO  - Fetched company for recruiterId=52f3dcc7-e7bb-4419-b8a9-9cfb2a6f8b9e
2025-07-04 17:08:05,314 INFO  - Fetched company for recruiterId=52f3dcc7-e7bb-4419-b8a9-9cfb2a6f8b9e
2025-07-04 17:08:05,329 INFO  - Fetched company for recruiterId=52f3dcc7-e7bb-4419-b8a9-9cfb2a6f8b9e
2025-07-04 17:08:05,351 INFO  - Fetched company for recruiterId=52f3dcc7-e7bb-4419-b8a9-9cfb2a6f8b9e
2025-07-04 17:08:05,377 INFO  - Fetched company for recruiterId=52f3dcc7-e7bb-4419-b8a9-9cfb2a6f8b9e
2025-07-04 17:08:05,395 INFO  - Fetched company for recruiterId=52f3dcc7-e7bb-4419-b8a9-9cfb2a6f8b9e
2025-07-04 17:08:05,419 INFO  - Fetched company for recruiterId=52f3dcc7-e7bb-4419-b8a9-9cfb2a6f8b9e
2025-07-04 17:08:06,941 INFO  - Fetched company for recruiterId=585999a5-de05-4b90-bbe4-5cc916da48a2
2025-07-04 17:08:06,941 INFO  - Fetched company for recruiterId=3ef67fab-ab7c-4ea7-9c7f-5c44330545ff
2025-07-04 17:08:06,944 INFO  - Fetched company for recruiterId=3dc93452-07a2-4843-a650-c7faed6fc07c
2025-07-04 17:08:06,962 INFO  - Fetched company for recruiterId=585999a5-de05-4b90-bbe4-5cc916da48a2
2025-07-04 17:08:06,989 INFO  - Fetched company for recruiterId=585999a5-de05-4b90-bbe4-5cc916da48a2
2025-07-04 17:08:27,529 INFO  - User logged out: muthu@gmail.com
2025-07-04 17:08:35,584 INFO  - User logged in: muthukaruppanaakash76@gmail.com
