2025-06-22 13:25:25,270 ERROR - Token refresh failed
System.ArgumentNullException: IDX10000: The parameter 'token' cannot be a 'null' or an empty object.  (Parameter 'token')
   at System.IdentityModel.Tokens.Jwt.JwtSecurityTokenHandler.ValidateToken(String token, TokenValidationParameters validationParameters, SecurityToken& validatedToken)
   at TokenService.GetPrincipalFromExpiredToken(String token) in /Users/presidio/Desktop/Tasks/Backend-WebApi/JobPortal/Services/TokenService.cs:line 64
   at AuthenticationService.RefreshTokenAsync(String expiredToken, String refreshToken) in /Users/presidio/Desktop/Tasks/Backend-WebApi/JobPortal/Services/AuthenticationService.cs:line 67
2025-06-22 13:56:23,755 ERROR - Token refresh failed
System.ArgumentNullException: IDX10000: The parameter 'token' cannot be a 'null' or an empty object.  (Parameter 'token')
   at System.IdentityModel.Tokens.Jwt.JwtSecurityTokenHandler.ValidateToken(String token, TokenValidationParameters validationParameters, SecurityToken& validatedToken)
   at TokenService.GetPrincipalFromExpiredToken(String token) in /Users/presidio/Desktop/Tasks/Backend-WebApi/JobPortal/Services/TokenService.cs:line 64
   at AuthenticationService.RefreshTokenAsync(String expiredToken, String refreshToken) in /Users/presidio/Desktop/Tasks/Backend-WebApi/JobPortal/Services/AuthenticationService.cs:line 67
2025-06-22 13:56:30,205 ERROR - Token refresh failed
System.ArgumentNullException: IDX10000: The parameter 'token' cannot be a 'null' or an empty object.  (Parameter 'token')
   at System.IdentityModel.Tokens.Jwt.JwtSecurityTokenHandler.ValidateToken(String token, TokenValidationParameters validationParameters, SecurityToken& validatedToken)
   at TokenService.GetPrincipalFromExpiredToken(String token) in /Users/presidio/Desktop/Tasks/Backend-WebApi/JobPortal/Services/TokenService.cs:line 64
   at AuthenticationService.RefreshTokenAsync(String expiredToken, String refreshToken) in /Users/presidio/Desktop/Tasks/Backend-WebApi/JobPortal/Services/AuthenticationService.cs:line 67
2025-06-22 14:53:54,020 ERROR - Token refresh failed
System.ArgumentNullException: IDX10000: The parameter 'token' cannot be a 'null' or an empty object.  (Parameter 'token')
   at System.IdentityModel.Tokens.Jwt.JwtSecurityTokenHandler.ValidateToken(String token, TokenValidationParameters validationParameters, SecurityToken& validatedToken)
   at TokenService.GetPrincipalFromExpiredToken(String token) in /Users/presidio/Desktop/Tasks/Backend-WebApi/JobPortal/Services/TokenService.cs:line 64
   at AuthenticationService.RefreshTokenAsync(String expiredToken, String refreshToken) in /Users/presidio/Desktop/Tasks/Backend-WebApi/JobPortal/Services/AuthenticationService.cs:line 67
2025-06-22 14:53:54,069 ERROR - Token refresh failed
System.ArgumentNullException: IDX10000: The parameter 'token' cannot be a 'null' or an empty object.  (Parameter 'token')
   at System.IdentityModel.Tokens.Jwt.JwtSecurityTokenHandler.ValidateToken(String token, TokenValidationParameters validationParameters, SecurityToken& validatedToken)
   at TokenService.GetPrincipalFromExpiredToken(String token) in /Users/presidio/Desktop/Tasks/Backend-WebApi/JobPortal/Services/TokenService.cs:line 64
   at AuthenticationService.RefreshTokenAsync(String expiredToken, String refreshToken) in /Users/presidio/Desktop/Tasks/Backend-WebApi/JobPortal/Services/AuthenticationService.cs:line 67
2025-06-22 15:14:47,227 ERROR - Failed to get recruiter details
System.Exception: 42703: column j.Maxsalary does not exist

POSITION: 219
   at JobPortal.Repositories.RecruiterRepository.GetAll() in /Users/presidio/Desktop/Tasks/Backend-WebApi/JobPortal/Repositories/Recruiter.cs:line 58
   at RecruiterService.GetRecruiterByUsername(String username) in /Users/presidio/Desktop/Tasks/Backend-WebApi/JobPortal/Services/RecruiterService.cs:line 125
2025-06-22 15:14:51,311 ERROR - Failed to get recruiter details
System.Exception: 42703: column j.Maxsalary does not exist

POSITION: 219
   at JobPortal.Repositories.RecruiterRepository.GetAll() in /Users/presidio/Desktop/Tasks/Backend-WebApi/JobPortal/Repositories/Recruiter.cs:line 58
   at RecruiterService.GetRecruiterByUsername(String username) in /Users/presidio/Desktop/Tasks/Backend-WebApi/JobPortal/Services/RecruiterService.cs:line 125
2025-06-22 15:15:44,896 ERROR - Failed to get recruiter details
System.Exception: 42703: column j.Maxsalary does not exist

POSITION: 219
   at JobPortal.Repositories.RecruiterRepository.GetAll() in /Users/presidio/Desktop/Tasks/Backend-WebApi/JobPortal/Repositories/Recruiter.cs:line 58
   at RecruiterService.GetRecruiterByUsername(String username) in /Users/presidio/Desktop/Tasks/Backend-WebApi/JobPortal/Services/RecruiterService.cs:line 125
2025-06-22 15:19:08,693 ERROR - Failed to get recruiter details
System.Exception: 42703: column j.Maxsalary does not exist

POSITION: 219
   at JobPortal.Repositories.RecruiterRepository.GetAll() in /Users/presidio/Desktop/Tasks/Backend-WebApi/JobPortal/Repositories/Recruiter.cs:line 58
   at RecruiterService.GetRecruiterByUsername(String username) in /Users/presidio/Desktop/Tasks/Backend-WebApi/JobPortal/Services/RecruiterService.cs:line 125
2025-06-22 15:19:10,419 ERROR - Failed to get recruiter details
System.Exception: 42703: column j.Maxsalary does not exist

POSITION: 219
   at JobPortal.Repositories.RecruiterRepository.GetAll() in /Users/presidio/Desktop/Tasks/Backend-WebApi/JobPortal/Repositories/Recruiter.cs:line 58
   at RecruiterService.GetRecruiterByUsername(String username) in /Users/presidio/Desktop/Tasks/Backend-WebApi/JobPortal/Services/RecruiterService.cs:line 125
2025-06-22 15:19:11,157 ERROR - Failed to get recruiter details
System.Exception: 42703: column j.Maxsalary does not exist

POSITION: 219
   at JobPortal.Repositories.RecruiterRepository.GetAll() in /Users/presidio/Desktop/Tasks/Backend-WebApi/JobPortal/Repositories/Recruiter.cs:line 58
   at RecruiterService.GetRecruiterByUsername(String username) in /Users/presidio/Desktop/Tasks/Backend-WebApi/JobPortal/Services/RecruiterService.cs:line 125
2025-06-22 15:22:26,443 ERROR - Failed to get recruiter details
System.Exception: 42703: column j.Maxsalary does not exist

POSITION: 219
   at JobPortal.Repositories.RecruiterRepository.GetAll() in /Users/presidio/Desktop/Tasks/Backend-WebApi/JobPortal/Repositories/Recruiter.cs:line 58
   at RecruiterService.GetRecruiterByUsername(String username) in /Users/presidio/Desktop/Tasks/Backend-WebApi/JobPortal/Services/RecruiterService.cs:line 125
2025-06-22 17:12:55,201 ERROR - Industry type error during company registration
JobPortal.Exceptions.RecordNotFoundException: Industry type 'Information Technology' not found and could not be created.
   at CompanyService.RegisterCompany(CompanyRegisterDto companyRegisterDto) in /Users/presidio/Desktop/Tasks/Backend-WebApi/JobPortal/Services/CompanyService.cs:line 61
2025-06-22 17:15:23,961 ERROR - Token refresh failed
System.ArgumentNullException: IDX10000: The parameter 'token' cannot be a 'null' or an empty object.  (Parameter 'token')
   at System.IdentityModel.Tokens.Jwt.JwtSecurityTokenHandler.ValidateToken(String token, TokenValidationParameters validationParameters, SecurityToken& validatedToken)
   at TokenService.GetPrincipalFromExpiredToken(String token) in /Users/presidio/Desktop/Tasks/Backend-WebApi/JobPortal/Services/TokenService.cs:line 64
   at AuthenticationService.RefreshTokenAsync(String expiredToken, String refreshToken) in /Users/presidio/Desktop/Tasks/Backend-WebApi/JobPortal/Services/AuthenticationService.cs:line 67
2025-06-22 17:22:56,555 ERROR - Field required exception during AddJobPost
JobPortal.Exceptions.FieldRequiredException: Last date must be at least 2 days from now.
   at TransactionalJobPostService.AddJobPostAsync(JobPostDto jobPostDto) in /Users/presidio/Desktop/Tasks/Backend-WebApi/JobPortal/Misc/TransactionalJobPostService.cs:line 59
   at TransactionalJobPostService.AddJobPostAsync(JobPostDto jobPostDto) in /Users/presidio/Desktop/Tasks/Backend-WebApi/JobPortal/Misc/TransactionalJobPostService.cs:line 123
   at TransactionalJobPostService.AddJobPostAsync(JobPostDto jobPostDto) in /Users/presidio/Desktop/Tasks/Backend-WebApi/JobPortal/Misc/TransactionalJobPostService.cs:line 124
   at JobPostService.AddJobPost(JobPostDto jobPostDto) in /Users/presidio/Desktop/Tasks/Backend-WebApi/JobPortal/Services/JobPostService.cs:line 72
2025-06-22 17:23:12,469 ERROR - Unexpected error in AddJobPost
Microsoft.EntityFrameworkCore.DbUpdateException: An error occurred while saving the entity changes. See the inner exception for details.
 ---> System.ArgumentException: Cannot write DateTime with Kind=Unspecified to PostgreSQL type 'timestamp with time zone', only UTC is supported. Note that it's not possible to mix DateTimes with different Kinds in an array, range, or multirange. (Parameter 'value')
   at Npgsql.Internal.Converters.DateTimeConverterResolver`1.Get(DateTime value, Nullable`1 expectedPgTypeId, Boolean validateOnly)
   at Npgsql.Internal.Converters.DateTimeConverterResolver.<>c.<CreateResolver>b__0_0(DateTimeConverterResolver`1 resolver, DateTime value, Nullable`1 expectedPgTypeId)
   at Npgsql.Internal.Converters.DateTimeConverterResolver`1.Get(T value, Nullable`1 expectedPgTypeId)
   at Npgsql.Internal.PgConverterResolver`1.GetAsObjectInternal(PgTypeInfo typeInfo, Object value, Nullable`1 expectedPgTypeId)
   at Npgsql.Internal.PgResolverTypeInfo.GetResolutionAsObject(Object value, Nullable`1 expectedPgTypeId)
   at Npgsql.Internal.PgTypeInfo.GetObjectResolution(Object value)
   at Npgsql.NpgsqlParameter.ResolveConverter(PgTypeInfo typeInfo)
   at Npgsql.NpgsqlParameter.ResolveTypeInfo(PgSerializerOptions options)
   at Npgsql.NpgsqlParameterCollection.ProcessParameters(PgSerializerOptions options, Boolean validateValues, CommandType commandType)
   at Npgsql.NpgsqlCommand.ExecuteReader(Boolean async, CommandBehavior behavior, CancellationToken cancellationToken)
   at Npgsql.NpgsqlCommand.ExecuteReader(Boolean async, CommandBehavior behavior, CancellationToken cancellationToken)
   at Npgsql.NpgsqlCommand.ExecuteDbDataReaderAsync(CommandBehavior behavior, CancellationToken cancellationToken)
   at Microsoft.EntityFrameworkCore.Storage.RelationalCommand.ExecuteReaderAsync(RelationalCommandParameterObject parameterObject, CancellationToken cancellationToken)
   at Microsoft.EntityFrameworkCore.Storage.RelationalCommand.ExecuteReaderAsync(RelationalCommandParameterObject parameterObject, CancellationToken cancellationToken)
   at Microsoft.EntityFrameworkCore.Update.ReaderModificationCommandBatch.ExecuteAsync(IRelationalConnection connection, CancellationToken cancellationToken)
   --- End of inner exception stack trace ---
   at Microsoft.EntityFrameworkCore.Update.ReaderModificationCommandBatch.ExecuteAsync(IRelationalConnection connection, CancellationToken cancellationToken)
   at Microsoft.EntityFrameworkCore.Update.Internal.BatchExecutor.ExecuteAsync(IEnumerable`1 commandBatches, IRelationalConnection connection, CancellationToken cancellationToken)
   at Microsoft.EntityFrameworkCore.Update.Internal.BatchExecutor.ExecuteAsync(IEnumerable`1 commandBatches, IRelationalConnection connection, CancellationToken cancellationToken)
   at Microsoft.EntityFrameworkCore.Update.Internal.BatchExecutor.ExecuteAsync(IEnumerable`1 commandBatches, IRelationalConnection connection, CancellationToken cancellationToken)
   at Microsoft.EntityFrameworkCore.Storage.RelationalDatabase.SaveChangesAsync(IList`1 entries, CancellationToken cancellationToken)
   at Microsoft.EntityFrameworkCore.ChangeTracking.Internal.StateManager.SaveChangesAsync(IList`1 entriesToSave, CancellationToken cancellationToken)
   at Microsoft.EntityFrameworkCore.ChangeTracking.Internal.StateManager.SaveChangesAsync(StateManager stateManager, Boolean acceptAllChangesOnSuccess, CancellationToken cancellationToken)
   at Npgsql.EntityFrameworkCore.PostgreSQL.Storage.Internal.NpgsqlExecutionStrategy.ExecuteAsync[TState,TResult](TState state, Func`4 operation, Func`4 verifySucceeded, CancellationToken cancellationToken)
   at Microsoft.EntityFrameworkCore.DbContext.SaveChangesAsync(Boolean acceptAllChangesOnSuccess, CancellationToken cancellationToken)
   at Microsoft.EntityFrameworkCore.DbContext.SaveChangesAsync(Boolean acceptAllChangesOnSuccess, CancellationToken cancellationToken)
   at JobPortal.Repositories.Repository`2.Add(T item) in /Users/presidio/Desktop/Tasks/Backend-WebApi/JobPortal/Repositories/Repository.cs:line 18
   at TransactionalJobPostService.AddJobPostAsync(JobPostDto jobPostDto) in /Users/presidio/Desktop/Tasks/Backend-WebApi/JobPortal/Misc/TransactionalJobPostService.cs:line 64
   at TransactionalJobPostService.AddJobPostAsync(JobPostDto jobPostDto) in /Users/presidio/Desktop/Tasks/Backend-WebApi/JobPortal/Misc/TransactionalJobPostService.cs:line 123
   at TransactionalJobPostService.AddJobPostAsync(JobPostDto jobPostDto) in /Users/presidio/Desktop/Tasks/Backend-WebApi/JobPortal/Misc/TransactionalJobPostService.cs:line 124
   at JobPostService.AddJobPost(JobPostDto jobPostDto) in /Users/presidio/Desktop/Tasks/Backend-WebApi/JobPortal/Services/JobPostService.cs:line 72
2025-06-22 17:24:07,633 ERROR - Unexpected error in AddJobPost
Microsoft.EntityFrameworkCore.DbUpdateException: An error occurred while saving the entity changes. See the inner exception for details.
 ---> System.ArgumentException: Cannot write DateTime with Kind=Unspecified to PostgreSQL type 'timestamp with time zone', only UTC is supported. Note that it's not possible to mix DateTimes with different Kinds in an array, range, or multirange. (Parameter 'value')
   at Npgsql.Internal.Converters.DateTimeConverterResolver`1.Get(DateTime value, Nullable`1 expectedPgTypeId, Boolean validateOnly)
   at Npgsql.Internal.Converters.DateTimeConverterResolver.<>c.<CreateResolver>b__0_0(DateTimeConverterResolver`1 resolver, DateTime value, Nullable`1 expectedPgTypeId)
   at Npgsql.Internal.Converters.DateTimeConverterResolver`1.Get(T value, Nullable`1 expectedPgTypeId)
   at Npgsql.Internal.PgConverterResolver`1.GetAsObjectInternal(PgTypeInfo typeInfo, Object value, Nullable`1 expectedPgTypeId)
   at Npgsql.Internal.PgResolverTypeInfo.GetResolutionAsObject(Object value, Nullable`1 expectedPgTypeId)
   at Npgsql.Internal.PgTypeInfo.GetObjectResolution(Object value)
   at Npgsql.NpgsqlParameter.ResolveConverter(PgTypeInfo typeInfo)
   at Npgsql.NpgsqlParameter.ResolveTypeInfo(PgSerializerOptions options)
   at Npgsql.NpgsqlParameterCollection.ProcessParameters(PgSerializerOptions options, Boolean validateValues, CommandType commandType)
   at Npgsql.NpgsqlCommand.ExecuteReader(Boolean async, CommandBehavior behavior, CancellationToken cancellationToken)
   at Npgsql.NpgsqlCommand.ExecuteReader(Boolean async, CommandBehavior behavior, CancellationToken cancellationToken)
   at Npgsql.NpgsqlCommand.ExecuteDbDataReaderAsync(CommandBehavior behavior, CancellationToken cancellationToken)
   at Microsoft.EntityFrameworkCore.Storage.RelationalCommand.ExecuteReaderAsync(RelationalCommandParameterObject parameterObject, CancellationToken cancellationToken)
   at Microsoft.EntityFrameworkCore.Storage.RelationalCommand.ExecuteReaderAsync(RelationalCommandParameterObject parameterObject, CancellationToken cancellationToken)
   at Microsoft.EntityFrameworkCore.Update.ReaderModificationCommandBatch.ExecuteAsync(IRelationalConnection connection, CancellationToken cancellationToken)
   --- End of inner exception stack trace ---
   at Microsoft.EntityFrameworkCore.Update.ReaderModificationCommandBatch.ExecuteAsync(IRelationalConnection connection, CancellationToken cancellationToken)
   at Microsoft.EntityFrameworkCore.Update.Internal.BatchExecutor.ExecuteAsync(IEnumerable`1 commandBatches, IRelationalConnection connection, CancellationToken cancellationToken)
   at Microsoft.EntityFrameworkCore.Update.Internal.BatchExecutor.ExecuteAsync(IEnumerable`1 commandBatches, IRelationalConnection connection, CancellationToken cancellationToken)
   at Microsoft.EntityFrameworkCore.Update.Internal.BatchExecutor.ExecuteAsync(IEnumerable`1 commandBatches, IRelationalConnection connection, CancellationToken cancellationToken)
   at Microsoft.EntityFrameworkCore.Storage.RelationalDatabase.SaveChangesAsync(IList`1 entries, CancellationToken cancellationToken)
   at Microsoft.EntityFrameworkCore.ChangeTracking.Internal.StateManager.SaveChangesAsync(IList`1 entriesToSave, CancellationToken cancellationToken)
   at Microsoft.EntityFrameworkCore.ChangeTracking.Internal.StateManager.SaveChangesAsync(StateManager stateManager, Boolean acceptAllChangesOnSuccess, CancellationToken cancellationToken)
   at Npgsql.EntityFrameworkCore.PostgreSQL.Storage.Internal.NpgsqlExecutionStrategy.ExecuteAsync[TState,TResult](TState state, Func`4 operation, Func`4 verifySucceeded, CancellationToken cancellationToken)
   at Microsoft.EntityFrameworkCore.DbContext.SaveChangesAsync(Boolean acceptAllChangesOnSuccess, CancellationToken cancellationToken)
   at Microsoft.EntityFrameworkCore.DbContext.SaveChangesAsync(Boolean acceptAllChangesOnSuccess, CancellationToken cancellationToken)
   at JobPortal.Repositories.Repository`2.Add(T item) in /Users/presidio/Desktop/Tasks/Backend-WebApi/JobPortal/Repositories/Repository.cs:line 18
   at TransactionalJobPostService.AddJobPostAsync(JobPostDto jobPostDto) in /Users/presidio/Desktop/Tasks/Backend-WebApi/JobPortal/Misc/TransactionalJobPostService.cs:line 64
   at TransactionalJobPostService.AddJobPostAsync(JobPostDto jobPostDto) in /Users/presidio/Desktop/Tasks/Backend-WebApi/JobPortal/Misc/TransactionalJobPostService.cs:line 123
   at TransactionalJobPostService.AddJobPostAsync(JobPostDto jobPostDto) in /Users/presidio/Desktop/Tasks/Backend-WebApi/JobPortal/Misc/TransactionalJobPostService.cs:line 124
   at JobPostService.AddJobPost(JobPostDto jobPostDto) in /Users/presidio/Desktop/Tasks/Backend-WebApi/JobPortal/Services/JobPostService.cs:line 72
2025-06-22 17:26:03,316 ERROR - Field required exception during AddJobPost
JobPortal.Exceptions.FieldRequiredException: Last date must be at least 2 days from now.
   at TransactionalJobPostService.AddJobPostAsync(JobPostDto jobPostDto) in /Users/presidio/Desktop/Tasks/Backend-WebApi/JobPortal/Misc/TransactionalJobPostService.cs:line 59
   at TransactionalJobPostService.AddJobPostAsync(JobPostDto jobPostDto) in /Users/presidio/Desktop/Tasks/Backend-WebApi/JobPortal/Misc/TransactionalJobPostService.cs:line 123
   at TransactionalJobPostService.AddJobPostAsync(JobPostDto jobPostDto) in /Users/presidio/Desktop/Tasks/Backend-WebApi/JobPortal/Misc/TransactionalJobPostService.cs:line 124
   at JobPostService.AddJobPost(JobPostDto jobPostDto) in /Users/presidio/Desktop/Tasks/Backend-WebApi/JobPortal/Services/JobPostService.cs:line 72
2025-06-22 17:28:59,159 ERROR - Unexpected error in AddJobPost
Microsoft.EntityFrameworkCore.DbUpdateException: An error occurred while saving the entity changes. See the inner exception for details.
 ---> System.ArgumentException: Cannot write DateTime with Kind=Unspecified to PostgreSQL type 'timestamp with time zone', only UTC is supported. Note that it's not possible to mix DateTimes with different Kinds in an array, range, or multirange. (Parameter 'value')
   at Npgsql.Internal.Converters.DateTimeConverterResolver`1.Get(DateTime value, Nullable`1 expectedPgTypeId, Boolean validateOnly)
   at Npgsql.Internal.Converters.DateTimeConverterResolver.<>c.<CreateResolver>b__0_0(DateTimeConverterResolver`1 resolver, DateTime value, Nullable`1 expectedPgTypeId)
   at Npgsql.Internal.Converters.DateTimeConverterResolver`1.Get(T value, Nullable`1 expectedPgTypeId)
   at Npgsql.Internal.PgConverterResolver`1.GetAsObjectInternal(PgTypeInfo typeInfo, Object value, Nullable`1 expectedPgTypeId)
   at Npgsql.Internal.PgResolverTypeInfo.GetResolutionAsObject(Object value, Nullable`1 expectedPgTypeId)
   at Npgsql.Internal.PgTypeInfo.GetObjectResolution(Object value)
   at Npgsql.NpgsqlParameter.ResolveConverter(PgTypeInfo typeInfo)
   at Npgsql.NpgsqlParameter.ResolveTypeInfo(PgSerializerOptions options)
   at Npgsql.NpgsqlParameterCollection.ProcessParameters(PgSerializerOptions options, Boolean validateValues, CommandType commandType)
   at Npgsql.NpgsqlCommand.ExecuteReader(Boolean async, CommandBehavior behavior, CancellationToken cancellationToken)
   at Npgsql.NpgsqlCommand.ExecuteReader(Boolean async, CommandBehavior behavior, CancellationToken cancellationToken)
   at Npgsql.NpgsqlCommand.ExecuteDbDataReaderAsync(CommandBehavior behavior, CancellationToken cancellationToken)
   at Microsoft.EntityFrameworkCore.Storage.RelationalCommand.ExecuteReaderAsync(RelationalCommandParameterObject parameterObject, CancellationToken cancellationToken)
   at Microsoft.EntityFrameworkCore.Storage.RelationalCommand.ExecuteReaderAsync(RelationalCommandParameterObject parameterObject, CancellationToken cancellationToken)
   at Microsoft.EntityFrameworkCore.Update.ReaderModificationCommandBatch.ExecuteAsync(IRelationalConnection connection, CancellationToken cancellationToken)
   --- End of inner exception stack trace ---
   at Microsoft.EntityFrameworkCore.Update.ReaderModificationCommandBatch.ExecuteAsync(IRelationalConnection connection, CancellationToken cancellationToken)
   at Microsoft.EntityFrameworkCore.Update.Internal.BatchExecutor.ExecuteAsync(IEnumerable`1 commandBatches, IRelationalConnection connection, CancellationToken cancellationToken)
   at Microsoft.EntityFrameworkCore.Update.Internal.BatchExecutor.ExecuteAsync(IEnumerable`1 commandBatches, IRelationalConnection connection, CancellationToken cancellationToken)
   at Microsoft.EntityFrameworkCore.Update.Internal.BatchExecutor.ExecuteAsync(IEnumerable`1 commandBatches, IRelationalConnection connection, CancellationToken cancellationToken)
   at Microsoft.EntityFrameworkCore.Storage.RelationalDatabase.SaveChangesAsync(IList`1 entries, CancellationToken cancellationToken)
   at Microsoft.EntityFrameworkCore.ChangeTracking.Internal.StateManager.SaveChangesAsync(IList`1 entriesToSave, CancellationToken cancellationToken)
   at Microsoft.EntityFrameworkCore.ChangeTracking.Internal.StateManager.SaveChangesAsync(StateManager stateManager, Boolean acceptAllChangesOnSuccess, CancellationToken cancellationToken)
   at Npgsql.EntityFrameworkCore.PostgreSQL.Storage.Internal.NpgsqlExecutionStrategy.ExecuteAsync[TState,TResult](TState state, Func`4 operation, Func`4 verifySucceeded, CancellationToken cancellationToken)
   at Microsoft.EntityFrameworkCore.DbContext.SaveChangesAsync(Boolean acceptAllChangesOnSuccess, CancellationToken cancellationToken)
   at Microsoft.EntityFrameworkCore.DbContext.SaveChangesAsync(Boolean acceptAllChangesOnSuccess, CancellationToken cancellationToken)
   at JobPortal.Repositories.Repository`2.Add(T item) in /Users/presidio/Desktop/Tasks/Backend-WebApi/JobPortal/Repositories/Repository.cs:line 18
   at TransactionalJobPostService.AddJobPostAsync(JobPostDto jobPostDto) in /Users/presidio/Desktop/Tasks/Backend-WebApi/JobPortal/Misc/TransactionalJobPostService.cs:line 64
   at TransactionalJobPostService.AddJobPostAsync(JobPostDto jobPostDto) in /Users/presidio/Desktop/Tasks/Backend-WebApi/JobPortal/Misc/TransactionalJobPostService.cs:line 123
   at TransactionalJobPostService.AddJobPostAsync(JobPostDto jobPostDto) in /Users/presidio/Desktop/Tasks/Backend-WebApi/JobPortal/Misc/TransactionalJobPostService.cs:line 124
   at JobPostService.AddJobPost(JobPostDto jobPostDto) in /Users/presidio/Desktop/Tasks/Backend-WebApi/JobPortal/Services/JobPostService.cs:line 72
2025-06-22 17:38:20,302 ERROR - Field required exception during AddJobPost
JobPortal.Exceptions.FieldRequiredException: Requirements not provided.
   at TransactionalJobPostService.AddJobPostAsync(JobPostDto jobPostDto) in /Users/presidio/Desktop/Tasks/Backend-WebApi/JobPortal/Misc/TransactionalJobPostService.cs:line 68
   at TransactionalJobPostService.AddJobPostAsync(JobPostDto jobPostDto) in /Users/presidio/Desktop/Tasks/Backend-WebApi/JobPortal/Misc/TransactionalJobPostService.cs:line 123
   at TransactionalJobPostService.AddJobPostAsync(JobPostDto jobPostDto) in /Users/presidio/Desktop/Tasks/Backend-WebApi/JobPortal/Misc/TransactionalJobPostService.cs:line 124
   at JobPostService.AddJobPost(JobPostDto jobPostDto) in /Users/presidio/Desktop/Tasks/Backend-WebApi/JobPortal/Services/JobPostService.cs:line 72
2025-06-22 17:51:26,867 ERROR - Token refresh failed
System.ArgumentNullException: IDX10000: The parameter 'token' cannot be a 'null' or an empty object.  (Parameter 'token')
   at System.IdentityModel.Tokens.Jwt.JwtSecurityTokenHandler.ValidateToken(String token, TokenValidationParameters validationParameters, SecurityToken& validatedToken)
   at TokenService.GetPrincipalFromExpiredToken(String token) in /Users/presidio/Desktop/Tasks/Backend-WebApi/JobPortal/Services/TokenService.cs:line 64
   at AuthenticationService.RefreshTokenAsync(String expiredToken, String refreshToken) in /Users/presidio/Desktop/Tasks/Backend-WebApi/JobPortal/Services/AuthenticationService.cs:line 67
2025-06-22 18:46:28,364 ERROR - Token refresh failed
System.ArgumentNullException: IDX10000: The parameter 'token' cannot be a 'null' or an empty object.  (Parameter 'token')
   at System.IdentityModel.Tokens.Jwt.JwtSecurityTokenHandler.ValidateToken(String token, TokenValidationParameters validationParameters, SecurityToken& validatedToken)
   at TokenService.GetPrincipalFromExpiredToken(String token) in /Users/presidio/Desktop/Tasks/Backend-WebApi/JobPortal/Services/TokenService.cs:line 64
   at AuthenticationService.RefreshTokenAsync(String expiredToken, String refreshToken) in /Users/presidio/Desktop/Tasks/Backend-WebApi/JobPortal/Services/AuthenticationService.cs:line 67
2025-06-22 19:16:52,498 ERROR - Token refresh failed
System.ArgumentNullException: IDX10000: The parameter 'token' cannot be a 'null' or an empty object.  (Parameter 'token')
   at System.IdentityModel.Tokens.Jwt.JwtSecurityTokenHandler.ValidateToken(String token, TokenValidationParameters validationParameters, SecurityToken& validatedToken)
   at TokenService.GetPrincipalFromExpiredToken(String token) in /Users/presidio/Desktop/Tasks/Backend-WebApi/JobPortal/Services/TokenService.cs:line 64
   at AuthenticationService.RefreshTokenAsync(String expiredToken, String refreshToken) in /Users/presidio/Desktop/Tasks/Backend-WebApi/JobPortal/Services/AuthenticationService.cs:line 67
2025-06-22 19:17:56,461 ERROR - Token refresh failed
System.ArgumentNullException: IDX10000: The parameter 'token' cannot be a 'null' or an empty object.  (Parameter 'token')
   at System.IdentityModel.Tokens.Jwt.JwtSecurityTokenHandler.ValidateToken(String token, TokenValidationParameters validationParameters, SecurityToken& validatedToken)
   at TokenService.GetPrincipalFromExpiredToken(String token) in /Users/presidio/Desktop/Tasks/Backend-WebApi/JobPortal/Services/TokenService.cs:line 64
   at AuthenticationService.RefreshTokenAsync(String expiredToken, String refreshToken) in /Users/presidio/Desktop/Tasks/Backend-WebApi/JobPortal/Services/AuthenticationService.cs:line 67
2025-06-22 20:11:53,832 ERROR - Token refresh failed
System.ArgumentNullException: IDX10000: The parameter 'token' cannot be a 'null' or an empty object.  (Parameter 'token')
   at System.IdentityModel.Tokens.Jwt.JwtSecurityTokenHandler.ValidateToken(String token, TokenValidationParameters validationParameters, SecurityToken& validatedToken)
   at TokenService.GetPrincipalFromExpiredToken(String token) in /Users/presidio/Desktop/Tasks/Backend-WebApi/JobPortal/Services/TokenService.cs:line 64
   at AuthenticationService.RefreshTokenAsync(String expiredToken, String refreshToken) in /Users/presidio/Desktop/Tasks/Backend-WebApi/JobPortal/Services/AuthenticationService.cs:line 67
2025-06-22 20:11:53,832 ERROR - Token refresh failed
System.ArgumentNullException: IDX10000: The parameter 'token' cannot be a 'null' or an empty object.  (Parameter 'token')
   at System.IdentityModel.Tokens.Jwt.JwtSecurityTokenHandler.ValidateToken(String token, TokenValidationParameters validationParameters, SecurityToken& validatedToken)
   at TokenService.GetPrincipalFromExpiredToken(String token) in /Users/presidio/Desktop/Tasks/Backend-WebApi/JobPortal/Services/TokenService.cs:line 64
   at AuthenticationService.RefreshTokenAsync(String expiredToken, String refreshToken) in /Users/presidio/Desktop/Tasks/Backend-WebApi/JobPortal/Services/AuthenticationService.cs:line 67
2025-06-22 20:43:54,220 ERROR - Token refresh failed
System.ArgumentNullException: IDX10000: The parameter 'token' cannot be a 'null' or an empty object.  (Parameter 'token')
   at System.IdentityModel.Tokens.Jwt.JwtSecurityTokenHandler.ValidateToken(String token, TokenValidationParameters validationParameters, SecurityToken& validatedToken)
   at TokenService.GetPrincipalFromExpiredToken(String token) in /Users/presidio/Desktop/Tasks/Backend-WebApi/JobPortal/Services/TokenService.cs:line 64
   at AuthenticationService.RefreshTokenAsync(String expiredToken, String refreshToken) in /Users/presidio/Desktop/Tasks/Backend-WebApi/JobPortal/Services/AuthenticationService.cs:line 67
2025-06-22 21:24:35,711 ERROR - Token refresh failed
System.ArgumentNullException: IDX10000: The parameter 'token' cannot be a 'null' or an empty object.  (Parameter 'token')
   at System.IdentityModel.Tokens.Jwt.JwtSecurityTokenHandler.ValidateToken(String token, TokenValidationParameters validationParameters, SecurityToken& validatedToken)
   at TokenService.GetPrincipalFromExpiredToken(String token) in /Users/presidio/Desktop/Tasks/Backend-WebApi/JobPortal/Services/TokenService.cs:line 64
   at AuthenticationService.RefreshTokenAsync(String expiredToken, String refreshToken) in /Users/presidio/Desktop/Tasks/Backend-WebApi/JobPortal/Services/AuthenticationService.cs:line 67
2025-06-22 21:24:35,711 ERROR - Token refresh failed
System.ArgumentNullException: IDX10000: The parameter 'token' cannot be a 'null' or an empty object.  (Parameter 'token')
   at System.IdentityModel.Tokens.Jwt.JwtSecurityTokenHandler.ValidateToken(String token, TokenValidationParameters validationParameters, SecurityToken& validatedToken)
   at TokenService.GetPrincipalFromExpiredToken(String token) in /Users/presidio/Desktop/Tasks/Backend-WebApi/JobPortal/Services/TokenService.cs:line 64
   at AuthenticationService.RefreshTokenAsync(String expiredToken, String refreshToken) in /Users/presidio/Desktop/Tasks/Backend-WebApi/JobPortal/Services/AuthenticationService.cs:line 67
