2025-06-29 16:46:26,782 INFO  - Fetched all company names.
2025-06-29 16:49:15,256 INFO  - Recruiter registered successfully: Email=muthu12@gmail.com, Company=TechNova Solutions
2025-06-29 16:58:52,085 INFO  - User logged in: muthukaruppanaakash76@gmail.com
2025-06-29 16:59:28,421 INFO  - Fetched all skills.
2025-06-29 16:59:29,103 INFO  - Fetched company for recruiterId=3dc93452-07a2-4843-a650-c7faed6fc07c
2025-06-29 16:59:29,122 INFO  - Fetched company for recruiterId=3dc93452-07a2-4843-a650-c7faed6fc07c
2025-06-29 16:59:29,131 INFO  - Fetched company for recruiterId=3dc93452-07a2-4843-a650-c7faed6fc07c
2025-06-29 16:59:29,144 INFO  - Fetched company for recruiterId=3dc93452-07a2-4843-a650-c7faed6fc07c
2025-06-29 16:59:30,928 INFO  - Fetched all skills.
2025-06-29 17:00:59,872 INFO  - Fetched all skills.
2025-06-29 17:04:06,198 INFO  - Fetched all skills.
2025-06-29 17:04:36,841 INFO  - Fetched all skills.
2025-06-29 17:05:36,780 INFO  - Fetched all skills.
2025-06-29 17:06:49,247 INFO  - Fetched all company names.
2025-06-29 17:08:08,708 INFO  - Fetched all company names.
2025-06-29 17:10:34,693 INFO  - User logged in: muthu@gmail.com
2025-06-29 17:12:00,182 INFO  - Fetched company for recruiterId=3dc93452-07a2-4843-a650-c7faed6fc07c
2025-06-29 17:12:00,190 INFO  - Fetched company for recruiterId=3dc93452-07a2-4843-a650-c7faed6fc07c
2025-06-29 17:12:00,199 INFO  - Fetched company for recruiterId=3dc93452-07a2-4843-a650-c7faed6fc07c
2025-06-29 17:12:05,909 INFO  - Fetched company for recruiterId=3dc93452-07a2-4843-a650-c7faed6fc07c
2025-06-29 17:12:05,917 INFO  - Fetched company for recruiterId=3dc93452-07a2-4843-a650-c7faed6fc07c
2025-06-29 17:12:05,931 INFO  - Fetched company for recruiterId=3dc93452-07a2-4843-a650-c7faed6fc07c
2025-06-29 17:12:07,671 INFO  - Fetched all company names.
2025-06-29 17:12:07,765 INFO  - Fetched company for recruiterId=3dc93452-07a2-4843-a650-c7faed6fc07c
2025-06-29 17:12:07,773 INFO  - Fetched company for recruiterId=3dc93452-07a2-4843-a650-c7faed6fc07c
2025-06-29 17:12:07,782 INFO  - Fetched company for recruiterId=3dc93452-07a2-4843-a650-c7faed6fc07c
2025-06-29 17:12:07,792 INFO  - Fetched company for recruiterId=3dc93452-07a2-4843-a650-c7faed6fc07c
2025-06-29 17:18:17,677 INFO  - Fetched all company names.
2025-06-29 17:18:17,742 INFO  - Fetched company for recruiterId=3dc93452-07a2-4843-a650-c7faed6fc07c
2025-06-29 17:18:17,762 INFO  - Fetched company for recruiterId=3dc93452-07a2-4843-a650-c7faed6fc07c
2025-06-29 17:18:17,777 INFO  - Fetched company for recruiterId=3dc93452-07a2-4843-a650-c7faed6fc07c
2025-06-29 17:18:17,799 INFO  - Fetched company for recruiterId=3dc93452-07a2-4843-a650-c7faed6fc07c
2025-06-29 17:18:56,948 INFO  - Fetched company for recruiterId=3dc93452-07a2-4843-a650-c7faed6fc07c
2025-06-29 17:18:56,991 INFO  - Fetched company for recruiterId=3dc93452-07a2-4843-a650-c7faed6fc07c
2025-06-29 17:18:56,999 INFO  - Fetched company for recruiterId=3dc93452-07a2-4843-a650-c7faed6fc07c
2025-06-29 17:18:58,402 INFO  - Fetched all company names.
2025-06-29 17:18:58,435 INFO  - Fetched company for recruiterId=3dc93452-07a2-4843-a650-c7faed6fc07c
2025-06-29 17:18:58,445 INFO  - Fetched company for recruiterId=3dc93452-07a2-4843-a650-c7faed6fc07c
2025-06-29 17:18:58,459 INFO  - Fetched company for recruiterId=3dc93452-07a2-4843-a650-c7faed6fc07c
2025-06-29 17:18:58,479 INFO  - Fetched company for recruiterId=3dc93452-07a2-4843-a650-c7faed6fc07c
2025-06-29 17:19:35,131 INFO  - Fetched all company names.
2025-06-29 17:19:35,160 INFO  - Fetched company for recruiterId=3dc93452-07a2-4843-a650-c7faed6fc07c
2025-06-29 17:19:35,197 INFO  - Fetched company for recruiterId=3dc93452-07a2-4843-a650-c7faed6fc07c
2025-06-29 17:19:35,208 INFO  - Fetched company for recruiterId=3dc93452-07a2-4843-a650-c7faed6fc07c
2025-06-29 17:19:35,220 INFO  - Fetched company for recruiterId=3dc93452-07a2-4843-a650-c7faed6fc07c
2025-06-29 17:19:44,894 INFO  - Fetched all company names.
2025-06-29 17:19:44,923 INFO  - Fetched company for recruiterId=3dc93452-07a2-4843-a650-c7faed6fc07c
2025-06-29 17:19:44,931 INFO  - Fetched company for recruiterId=3dc93452-07a2-4843-a650-c7faed6fc07c
2025-06-29 17:19:44,942 INFO  - Fetched company for recruiterId=3dc93452-07a2-4843-a650-c7faed6fc07c
2025-06-29 17:19:44,956 INFO  - Fetched company for recruiterId=3dc93452-07a2-4843-a650-c7faed6fc07c
2025-06-29 17:21:28,794 INFO  - Fetched company for recruiterId=3dc93452-07a2-4843-a650-c7faed6fc07c
2025-06-29 17:21:28,801 INFO  - Fetched company for recruiterId=3dc93452-07a2-4843-a650-c7faed6fc07c
2025-06-29 17:21:28,808 INFO  - Fetched company for recruiterId=3dc93452-07a2-4843-a650-c7faed6fc07c
2025-06-29 17:21:31,211 INFO  - Fetched company for recruiterId=3dc93452-07a2-4843-a650-c7faed6fc07c
2025-06-29 17:21:31,219 INFO  - Fetched company for recruiterId=3dc93452-07a2-4843-a650-c7faed6fc07c
2025-06-29 17:21:31,228 INFO  - Fetched company for recruiterId=3dc93452-07a2-4843-a650-c7faed6fc07c
2025-06-29 17:21:35,259 INFO  - Fetched company for recruiterId=3dc93452-07a2-4843-a650-c7faed6fc07c
2025-06-29 17:21:35,266 INFO  - Fetched company for recruiterId=3dc93452-07a2-4843-a650-c7faed6fc07c
2025-06-29 17:21:35,274 INFO  - Fetched company for recruiterId=3dc93452-07a2-4843-a650-c7faed6fc07c
2025-06-29 17:21:39,176 INFO  - Fetched all company names.
2025-06-29 17:21:39,196 INFO  - Fetched company for recruiterId=3dc93452-07a2-4843-a650-c7faed6fc07c
2025-06-29 17:21:39,215 INFO  - Fetched company for recruiterId=3dc93452-07a2-4843-a650-c7faed6fc07c
2025-06-29 17:21:39,244 INFO  - Fetched company for recruiterId=3dc93452-07a2-4843-a650-c7faed6fc07c
2025-06-29 17:21:39,263 INFO  - Fetched company for recruiterId=3dc93452-07a2-4843-a650-c7faed6fc07c
2025-06-29 17:21:58,644 INFO  - Fetched all company names.
2025-06-29 17:21:58,673 INFO  - Fetched company for recruiterId=3dc93452-07a2-4843-a650-c7faed6fc07c
2025-06-29 17:21:58,680 INFO  - Fetched company for recruiterId=3dc93452-07a2-4843-a650-c7faed6fc07c
2025-06-29 17:21:58,687 INFO  - Fetched company for recruiterId=3dc93452-07a2-4843-a650-c7faed6fc07c
2025-06-29 17:21:58,693 INFO  - Fetched company for recruiterId=3dc93452-07a2-4843-a650-c7faed6fc07c
2025-06-29 17:22:09,552 INFO  - Fetched all company names.
2025-06-29 17:22:09,570 INFO  - Fetched company for recruiterId=3dc93452-07a2-4843-a650-c7faed6fc07c
2025-06-29 17:22:09,577 INFO  - Fetched company for recruiterId=3dc93452-07a2-4843-a650-c7faed6fc07c
2025-06-29 17:22:09,584 INFO  - Fetched company for recruiterId=3dc93452-07a2-4843-a650-c7faed6fc07c
2025-06-29 17:22:09,591 INFO  - Fetched company for recruiterId=3dc93452-07a2-4843-a650-c7faed6fc07c
2025-06-29 17:22:11,590 INFO  - Fetched all company names.
2025-06-29 17:22:11,610 INFO  - Fetched company for recruiterId=3dc93452-07a2-4843-a650-c7faed6fc07c
2025-06-29 17:22:11,618 INFO  - Fetched company for recruiterId=3dc93452-07a2-4843-a650-c7faed6fc07c
2025-06-29 17:22:11,624 INFO  - Fetched company for recruiterId=3dc93452-07a2-4843-a650-c7faed6fc07c
2025-06-29 17:22:11,630 INFO  - Fetched company for recruiterId=3dc93452-07a2-4843-a650-c7faed6fc07c
2025-06-29 17:22:13,427 INFO  - Fetched all company names.
2025-06-29 17:22:13,449 INFO  - Fetched company for recruiterId=3dc93452-07a2-4843-a650-c7faed6fc07c
2025-06-29 17:22:13,456 INFO  - Fetched company for recruiterId=3dc93452-07a2-4843-a650-c7faed6fc07c
2025-06-29 17:22:13,463 INFO  - Fetched company for recruiterId=3dc93452-07a2-4843-a650-c7faed6fc07c
2025-06-29 17:22:13,469 INFO  - Fetched company for recruiterId=3dc93452-07a2-4843-a650-c7faed6fc07c
2025-06-29 17:22:23,191 INFO  - Fetched company for recruiterId=3dc93452-07a2-4843-a650-c7faed6fc07c
2025-06-29 17:22:23,199 INFO  - Fetched company for recruiterId=3dc93452-07a2-4843-a650-c7faed6fc07c
2025-06-29 17:22:23,205 INFO  - Fetched company for recruiterId=3dc93452-07a2-4843-a650-c7faed6fc07c
2025-06-29 17:22:33,310 INFO  - Fetched company for recruiterId=3dc93452-07a2-4843-a650-c7faed6fc07c
2025-06-29 17:22:33,316 INFO  - Fetched company for recruiterId=3dc93452-07a2-4843-a650-c7faed6fc07c
2025-06-29 17:22:33,323 INFO  - Fetched company for recruiterId=3dc93452-07a2-4843-a650-c7faed6fc07c
2025-06-29 17:22:34,414 INFO  - Fetched company for recruiterId=3dc93452-07a2-4843-a650-c7faed6fc07c
2025-06-29 17:22:34,424 INFO  - Fetched company for recruiterId=3dc93452-07a2-4843-a650-c7faed6fc07c
2025-06-29 17:22:34,431 INFO  - Fetched company for recruiterId=3dc93452-07a2-4843-a650-c7faed6fc07c
2025-06-29 17:22:37,992 INFO  - Fetched company for recruiterId=3dc93452-07a2-4843-a650-c7faed6fc07c
2025-06-29 17:22:38,006 INFO  - Fetched company for recruiterId=3dc93452-07a2-4843-a650-c7faed6fc07c
2025-06-29 17:22:38,024 INFO  - Fetched company for recruiterId=3dc93452-07a2-4843-a650-c7faed6fc07c
2025-06-29 17:22:56,879 INFO  - Fetched company for recruiterId=3dc93452-07a2-4843-a650-c7faed6fc07c
2025-06-29 17:22:56,886 INFO  - Fetched company for recruiterId=3dc93452-07a2-4843-a650-c7faed6fc07c
2025-06-29 17:22:56,892 INFO  - Fetched company for recruiterId=3dc93452-07a2-4843-a650-c7faed6fc07c
2025-06-29 17:22:57,962 INFO  - Fetched company for recruiterId=3dc93452-07a2-4843-a650-c7faed6fc07c
2025-06-29 17:22:57,971 INFO  - Fetched company for recruiterId=3dc93452-07a2-4843-a650-c7faed6fc07c
2025-06-29 17:22:57,980 INFO  - Fetched company for recruiterId=3dc93452-07a2-4843-a650-c7faed6fc07c
2025-06-29 17:23:00,993 INFO  - Fetched company for recruiterId=3dc93452-07a2-4843-a650-c7faed6fc07c
2025-06-29 17:23:01,005 INFO  - Fetched company for recruiterId=3dc93452-07a2-4843-a650-c7faed6fc07c
2025-06-29 17:23:01,014 INFO  - Fetched company for recruiterId=3dc93452-07a2-4843-a650-c7faed6fc07c
2025-06-29 17:23:11,591 INFO  - Fetched all company names.
2025-06-29 17:23:11,605 INFO  - Fetched company for recruiterId=3dc93452-07a2-4843-a650-c7faed6fc07c
2025-06-29 17:23:11,610 INFO  - Fetched company for recruiterId=3dc93452-07a2-4843-a650-c7faed6fc07c
2025-06-29 17:23:11,618 INFO  - Fetched company for recruiterId=3dc93452-07a2-4843-a650-c7faed6fc07c
2025-06-29 17:23:11,624 INFO  - Fetched company for recruiterId=3dc93452-07a2-4843-a650-c7faed6fc07c
2025-06-29 17:23:12,599 INFO  - Fetched company for recruiterId=3dc93452-07a2-4843-a650-c7faed6fc07c
2025-06-29 17:23:12,606 INFO  - Fetched company for recruiterId=3dc93452-07a2-4843-a650-c7faed6fc07c
2025-06-29 17:23:12,613 INFO  - Fetched company for recruiterId=3dc93452-07a2-4843-a650-c7faed6fc07c
2025-06-29 17:23:34,609 INFO  - Fetched company for recruiterId=3dc93452-07a2-4843-a650-c7faed6fc07c
2025-06-29 17:23:34,616 INFO  - Fetched company for recruiterId=3dc93452-07a2-4843-a650-c7faed6fc07c
2025-06-29 17:23:34,622 INFO  - Fetched company for recruiterId=3dc93452-07a2-4843-a650-c7faed6fc07c
2025-06-29 17:23:36,181 INFO  - Fetched all company names.
2025-06-29 17:23:36,204 INFO  - Fetched company for recruiterId=3dc93452-07a2-4843-a650-c7faed6fc07c
2025-06-29 17:23:36,210 INFO  - Fetched company for recruiterId=3dc93452-07a2-4843-a650-c7faed6fc07c
2025-06-29 17:23:36,218 INFO  - Fetched company for recruiterId=3dc93452-07a2-4843-a650-c7faed6fc07c
2025-06-29 17:23:36,223 INFO  - Fetched company for recruiterId=3dc93452-07a2-4843-a650-c7faed6fc07c
2025-06-29 17:23:37,725 INFO  - Fetched all company names.
2025-06-29 17:23:37,741 INFO  - Fetched company for recruiterId=3dc93452-07a2-4843-a650-c7faed6fc07c
2025-06-29 17:23:37,749 INFO  - Fetched company for recruiterId=3dc93452-07a2-4843-a650-c7faed6fc07c
2025-06-29 17:23:37,756 INFO  - Fetched company for recruiterId=3dc93452-07a2-4843-a650-c7faed6fc07c
2025-06-29 17:23:37,761 INFO  - Fetched company for recruiterId=3dc93452-07a2-4843-a650-c7faed6fc07c
2025-06-29 17:23:40,114 INFO  - Fetched company for recruiterId=3dc93452-07a2-4843-a650-c7faed6fc07c
2025-06-29 17:23:40,121 INFO  - Fetched company for recruiterId=3dc93452-07a2-4843-a650-c7faed6fc07c
2025-06-29 17:23:40,126 INFO  - Fetched company for recruiterId=3dc93452-07a2-4843-a650-c7faed6fc07c
2025-06-29 17:24:56,771 INFO  - Fetched company for recruiterId=3dc93452-07a2-4843-a650-c7faed6fc07c
2025-06-29 17:24:56,778 INFO  - Fetched company for recruiterId=3dc93452-07a2-4843-a650-c7faed6fc07c
2025-06-29 17:24:56,786 INFO  - Fetched company for recruiterId=3dc93452-07a2-4843-a650-c7faed6fc07c
2025-06-29 17:24:58,394 INFO  - Fetched company for recruiterId=3dc93452-07a2-4843-a650-c7faed6fc07c
2025-06-29 17:24:58,401 INFO  - Fetched company for recruiterId=3dc93452-07a2-4843-a650-c7faed6fc07c
2025-06-29 17:24:58,407 INFO  - Fetched company for recruiterId=3dc93452-07a2-4843-a650-c7faed6fc07c
2025-06-29 17:24:59,503 INFO  - Fetched company for recruiterId=3dc93452-07a2-4843-a650-c7faed6fc07c
2025-06-29 17:24:59,509 INFO  - Fetched company for recruiterId=3dc93452-07a2-4843-a650-c7faed6fc07c
2025-06-29 17:24:59,515 INFO  - Fetched company for recruiterId=3dc93452-07a2-4843-a650-c7faed6fc07c
2025-06-29 17:25:16,825 INFO  - Fetched company for recruiterId=3dc93452-07a2-4843-a650-c7faed6fc07c
2025-06-29 17:25:16,833 INFO  - Fetched company for recruiterId=3dc93452-07a2-4843-a650-c7faed6fc07c
2025-06-29 17:25:16,842 INFO  - Fetched company for recruiterId=3dc93452-07a2-4843-a650-c7faed6fc07c
2025-06-29 17:25:53,440 INFO  - Fetched company for recruiterId=3dc93452-07a2-4843-a650-c7faed6fc07c
2025-06-29 17:25:53,452 INFO  - Fetched company for recruiterId=3dc93452-07a2-4843-a650-c7faed6fc07c
2025-06-29 17:25:53,474 INFO  - Fetched company for recruiterId=3dc93452-07a2-4843-a650-c7faed6fc07c
2025-06-29 17:37:27,698 INFO  - Updated education records for seeker muthu@gmail.com (ID: 637f3638-b296-4f0d-bb3c-5a65a7f8baed)
2025-06-29 17:38:02,533 INFO  - Updated education records for seeker muthu@gmail.com (ID: 637f3638-b296-4f0d-bb3c-5a65a7f8baed)
2025-06-29 17:38:51,144 INFO  - Fetched company for recruiterId=3dc93452-07a2-4843-a650-c7faed6fc07c
2025-06-29 17:38:51,163 INFO  - Fetched company for recruiterId=3dc93452-07a2-4843-a650-c7faed6fc07c
2025-06-29 17:38:51,173 INFO  - Fetched company for recruiterId=3dc93452-07a2-4843-a650-c7faed6fc07c
2025-06-29 17:38:51,959 INFO  - Fetched company for recruiterId=3dc93452-07a2-4843-a650-c7faed6fc07c
2025-06-29 17:38:51,972 INFO  - Fetched company for recruiterId=3dc93452-07a2-4843-a650-c7faed6fc07c
2025-06-29 17:38:52,025 INFO  - Fetched company for recruiterId=3dc93452-07a2-4843-a650-c7faed6fc07c
2025-06-29 17:38:52,563 INFO  - Fetched all company names.
2025-06-29 17:38:52,586 INFO  - Fetched company for recruiterId=3dc93452-07a2-4843-a650-c7faed6fc07c
2025-06-29 17:38:52,594 INFO  - Fetched company for recruiterId=3dc93452-07a2-4843-a650-c7faed6fc07c
2025-06-29 17:38:52,605 INFO  - Fetched company for recruiterId=3dc93452-07a2-4843-a650-c7faed6fc07c
2025-06-29 17:38:52,612 INFO  - Fetched company for recruiterId=3dc93452-07a2-4843-a650-c7faed6fc07c
2025-06-29 17:38:55,189 INFO  - Fetched all company names.
2025-06-29 17:38:55,204 INFO  - Fetched company for recruiterId=3dc93452-07a2-4843-a650-c7faed6fc07c
2025-06-29 17:38:55,220 INFO  - Fetched company for recruiterId=3dc93452-07a2-4843-a650-c7faed6fc07c
2025-06-29 17:38:55,226 INFO  - Fetched company for recruiterId=3dc93452-07a2-4843-a650-c7faed6fc07c
2025-06-29 17:38:55,239 INFO  - Fetched company for recruiterId=3dc93452-07a2-4843-a650-c7faed6fc07c
2025-06-29 17:38:59,523 INFO  - Fetched all company names.
2025-06-29 17:38:59,545 INFO  - Fetched company for recruiterId=3dc93452-07a2-4843-a650-c7faed6fc07c
2025-06-29 17:38:59,555 INFO  - Fetched company for recruiterId=3dc93452-07a2-4843-a650-c7faed6fc07c
2025-06-29 17:38:59,564 INFO  - Fetched company for recruiterId=3dc93452-07a2-4843-a650-c7faed6fc07c
2025-06-29 17:38:59,574 INFO  - Fetched company for recruiterId=3dc93452-07a2-4843-a650-c7faed6fc07c
2025-06-29 17:39:00,164 INFO  - Fetched company for recruiterId=3dc93452-07a2-4843-a650-c7faed6fc07c
2025-06-29 17:39:00,171 INFO  - Fetched company for recruiterId=3dc93452-07a2-4843-a650-c7faed6fc07c
2025-06-29 17:39:00,211 INFO  - Fetched company for recruiterId=3dc93452-07a2-4843-a650-c7faed6fc07c
2025-06-29 17:39:04,746 INFO  - Fetched all company names.
2025-06-29 17:39:04,765 INFO  - Fetched company for recruiterId=3dc93452-07a2-4843-a650-c7faed6fc07c
2025-06-29 17:39:04,774 INFO  - Fetched company for recruiterId=3dc93452-07a2-4843-a650-c7faed6fc07c
2025-06-29 17:39:04,783 INFO  - Fetched company for recruiterId=3dc93452-07a2-4843-a650-c7faed6fc07c
2025-06-29 17:39:04,789 INFO  - Fetched company for recruiterId=3dc93452-07a2-4843-a650-c7faed6fc07c
2025-06-29 17:39:09,166 INFO  - Fetched all company names.
2025-06-29 17:39:09,179 INFO  - Fetched company for recruiterId=3dc93452-07a2-4843-a650-c7faed6fc07c
2025-06-29 17:39:09,185 INFO  - Fetched company for recruiterId=3dc93452-07a2-4843-a650-c7faed6fc07c
2025-06-29 17:39:09,191 INFO  - Fetched company for recruiterId=3dc93452-07a2-4843-a650-c7faed6fc07c
2025-06-29 17:39:09,199 INFO  - Fetched company for recruiterId=3dc93452-07a2-4843-a650-c7faed6fc07c
2025-06-29 17:39:34,114 INFO  - Fetched company for recruiterId=3dc93452-07a2-4843-a650-c7faed6fc07c
2025-06-29 17:39:34,122 INFO  - Fetched company for recruiterId=3dc93452-07a2-4843-a650-c7faed6fc07c
2025-06-29 17:39:34,130 INFO  - Fetched company for recruiterId=3dc93452-07a2-4843-a650-c7faed6fc07c
2025-06-29 17:39:42,016 INFO  - Fetched company for recruiterId=3dc93452-07a2-4843-a650-c7faed6fc07c
2025-06-29 17:39:42,023 INFO  - Fetched company for recruiterId=3dc93452-07a2-4843-a650-c7faed6fc07c
2025-06-29 17:39:42,030 INFO  - Fetched company for recruiterId=3dc93452-07a2-4843-a650-c7faed6fc07c
2025-06-29 17:39:44,367 INFO  - Fetched all company names.
2025-06-29 17:39:44,387 INFO  - Fetched company for recruiterId=3dc93452-07a2-4843-a650-c7faed6fc07c
2025-06-29 17:39:44,398 INFO  - Fetched company for recruiterId=3dc93452-07a2-4843-a650-c7faed6fc07c
2025-06-29 17:39:44,407 INFO  - Fetched company for recruiterId=3dc93452-07a2-4843-a650-c7faed6fc07c
2025-06-29 17:39:44,416 INFO  - Fetched company for recruiterId=3dc93452-07a2-4843-a650-c7faed6fc07c
2025-06-29 17:42:31,745 INFO  - User logged in: muthu@gmail.com
2025-06-29 17:42:36,307 INFO  - Fetched all company names.
2025-06-29 17:42:36,330 INFO  - Fetched company for recruiterId=3dc93452-07a2-4843-a650-c7faed6fc07c
2025-06-29 17:42:36,340 INFO  - Fetched company for recruiterId=3dc93452-07a2-4843-a650-c7faed6fc07c
2025-06-29 17:42:36,349 INFO  - Fetched company for recruiterId=3dc93452-07a2-4843-a650-c7faed6fc07c
2025-06-29 17:42:36,358 INFO  - Fetched company for recruiterId=3dc93452-07a2-4843-a650-c7faed6fc07c
2025-06-29 17:42:37,072 INFO  - Fetched company for recruiterId=3dc93452-07a2-4843-a650-c7faed6fc07c
2025-06-29 17:42:37,094 INFO  - Fetched company for recruiterId=3dc93452-07a2-4843-a650-c7faed6fc07c
2025-06-29 17:42:37,100 INFO  - Fetched company for recruiterId=3dc93452-07a2-4843-a650-c7faed6fc07c
2025-06-29 17:42:38,540 INFO  - Fetched company for recruiterId=3dc93452-07a2-4843-a650-c7faed6fc07c
2025-06-29 17:42:38,549 INFO  - Fetched company for recruiterId=3dc93452-07a2-4843-a650-c7faed6fc07c
2025-06-29 17:42:38,556 INFO  - Fetched company for recruiterId=3dc93452-07a2-4843-a650-c7faed6fc07c
2025-06-29 17:42:42,105 INFO  - Fetched company for recruiterId=3dc93452-07a2-4843-a650-c7faed6fc07c
2025-06-29 17:42:42,112 INFO  - Fetched company for recruiterId=3dc93452-07a2-4843-a650-c7faed6fc07c
2025-06-29 17:42:42,118 INFO  - Fetched company for recruiterId=3dc93452-07a2-4843-a650-c7faed6fc07c
2025-06-29 17:51:23,723 INFO  - Fetched all company names.
2025-06-29 17:51:23,746 INFO  - Fetched company for recruiterId=3dc93452-07a2-4843-a650-c7faed6fc07c
2025-06-29 17:51:23,753 INFO  - Fetched company for recruiterId=3dc93452-07a2-4843-a650-c7faed6fc07c
2025-06-29 17:51:23,763 INFO  - Fetched company for recruiterId=3dc93452-07a2-4843-a650-c7faed6fc07c
2025-06-29 17:51:23,770 INFO  - Fetched company for recruiterId=3dc93452-07a2-4843-a650-c7faed6fc07c
2025-06-29 17:53:31,871 INFO  - User logged in: muthu@gmail.com
2025-06-29 17:54:24,019 INFO  - Fetched all company names.
2025-06-29 17:54:24,062 INFO  - Fetched company for recruiterId=3dc93452-07a2-4843-a650-c7faed6fc07c
2025-06-29 17:54:24,073 INFO  - Fetched company for recruiterId=3dc93452-07a2-4843-a650-c7faed6fc07c
2025-06-29 17:54:24,083 INFO  - Fetched company for recruiterId=3dc93452-07a2-4843-a650-c7faed6fc07c
2025-06-29 17:54:24,091 INFO  - Fetched company for recruiterId=3dc93452-07a2-4843-a650-c7faed6fc07c
2025-06-29 17:54:31,998 INFO  - Fetched all company names.
2025-06-29 17:54:32,062 INFO  - Fetched company for recruiterId=3dc93452-07a2-4843-a650-c7faed6fc07c
2025-06-29 17:54:32,082 INFO  - Fetched company for recruiterId=3dc93452-07a2-4843-a650-c7faed6fc07c
2025-06-29 17:54:32,097 INFO  - Fetched company for recruiterId=3dc93452-07a2-4843-a650-c7faed6fc07c
2025-06-29 17:54:32,117 INFO  - Fetched company for recruiterId=3dc93452-07a2-4843-a650-c7faed6fc07c
2025-06-29 17:54:33,930 INFO  - Fetched all company names.
2025-06-29 17:54:34,005 INFO  - Fetched company for recruiterId=3dc93452-07a2-4843-a650-c7faed6fc07c
2025-06-29 17:54:34,013 INFO  - Fetched company for recruiterId=3dc93452-07a2-4843-a650-c7faed6fc07c
2025-06-29 17:54:34,024 INFO  - Fetched company for recruiterId=3dc93452-07a2-4843-a650-c7faed6fc07c
2025-06-29 17:54:34,034 INFO  - Fetched company for recruiterId=3dc93452-07a2-4843-a650-c7faed6fc07c
2025-06-29 17:54:39,674 INFO  - Fetched all company names.
2025-06-29 17:54:39,722 INFO  - Fetched company for recruiterId=3dc93452-07a2-4843-a650-c7faed6fc07c
2025-06-29 17:54:39,743 INFO  - Fetched company for recruiterId=3dc93452-07a2-4843-a650-c7faed6fc07c
2025-06-29 17:54:39,752 INFO  - Fetched company for recruiterId=3dc93452-07a2-4843-a650-c7faed6fc07c
2025-06-29 17:54:39,767 INFO  - Fetched company for recruiterId=3dc93452-07a2-4843-a650-c7faed6fc07c
2025-06-29 17:54:41,505 INFO  - Fetched company for recruiterId=3dc93452-07a2-4843-a650-c7faed6fc07c
2025-06-29 17:54:41,515 INFO  - Fetched company for recruiterId=3dc93452-07a2-4843-a650-c7faed6fc07c
2025-06-29 17:54:41,523 INFO  - Fetched company for recruiterId=3dc93452-07a2-4843-a650-c7faed6fc07c
2025-06-29 17:54:41,537 INFO  - Fetched company for recruiterId=3dc93452-07a2-4843-a650-c7faed6fc07c
2025-06-29 17:54:45,804 INFO  - Fetched company for recruiterId=3dc93452-07a2-4843-a650-c7faed6fc07c
2025-06-29 17:54:45,810 INFO  - Fetched company for recruiterId=3dc93452-07a2-4843-a650-c7faed6fc07c
2025-06-29 17:54:45,817 INFO  - Fetched company for recruiterId=3dc93452-07a2-4843-a650-c7faed6fc07c
2025-06-29 17:54:45,823 INFO  - Fetched company for recruiterId=3dc93452-07a2-4843-a650-c7faed6fc07c
2025-06-29 17:54:52,034 INFO  - Fetched company for recruiterId=3dc93452-07a2-4843-a650-c7faed6fc07c
2025-06-29 17:54:52,040 INFO  - Fetched company for recruiterId=3dc93452-07a2-4843-a650-c7faed6fc07c
2025-06-29 17:54:52,048 INFO  - Fetched company for recruiterId=3dc93452-07a2-4843-a650-c7faed6fc07c
2025-06-29 17:54:54,883 INFO  - Fetched company for recruiterId=3dc93452-07a2-4843-a650-c7faed6fc07c
2025-06-29 17:54:58,455 INFO  - Fetched company for recruiterId=3dc93452-07a2-4843-a650-c7faed6fc07c
2025-06-29 17:54:58,462 INFO  - Fetched company for recruiterId=3dc93452-07a2-4843-a650-c7faed6fc07c
2025-06-29 17:54:58,469 INFO  - Fetched company for recruiterId=3dc93452-07a2-4843-a650-c7faed6fc07c
2025-06-29 17:54:58,474 INFO  - Fetched company for recruiterId=3dc93452-07a2-4843-a650-c7faed6fc07c
2025-06-29 17:57:14,444 INFO  - Fetched all company names.
2025-06-29 17:57:14,490 INFO  - Fetched company for recruiterId=3dc93452-07a2-4843-a650-c7faed6fc07c
2025-06-29 17:57:14,505 INFO  - Fetched company for recruiterId=3dc93452-07a2-4843-a650-c7faed6fc07c
2025-06-29 17:57:14,526 INFO  - Fetched company for recruiterId=3dc93452-07a2-4843-a650-c7faed6fc07c
2025-06-29 17:57:14,539 INFO  - Fetched company for recruiterId=3dc93452-07a2-4843-a650-c7faed6fc07c
2025-06-29 18:33:19,990 INFO  - User logged in: muthukaruppanaakash76@gmail.com
2025-06-29 18:33:21,343 INFO  - Fetched all skills.
2025-06-29 18:33:23,650 INFO  - Fetched company for recruiterId=3dc93452-07a2-4843-a650-c7faed6fc07c
2025-06-29 18:33:23,656 INFO  - Fetched company for recruiterId=3dc93452-07a2-4843-a650-c7faed6fc07c
2025-06-29 18:33:23,665 INFO  - Fetched company for recruiterId=3dc93452-07a2-4843-a650-c7faed6fc07c
2025-06-29 18:33:23,675 INFO  - Fetched company for recruiterId=3dc93452-07a2-4843-a650-c7faed6fc07c
2025-06-29 18:33:26,452 INFO  - Fetched company for recruiterId=3dc93452-07a2-4843-a650-c7faed6fc07c
2025-06-29 18:33:26,459 INFO  - Fetched company for recruiterId=3dc93452-07a2-4843-a650-c7faed6fc07c
2025-06-29 18:33:26,467 INFO  - Fetched company for recruiterId=3dc93452-07a2-4843-a650-c7faed6fc07c
2025-06-29 18:33:26,473 INFO  - Fetched company for recruiterId=3dc93452-07a2-4843-a650-c7faed6fc07c
2025-06-29 18:47:17,895 INFO  - Fetched company for recruiterId=3dc93452-07a2-4843-a650-c7faed6fc07c
2025-06-29 18:48:03,984 INFO  - Fetched company for recruiterId=3dc93452-07a2-4843-a650-c7faed6fc07c
2025-06-29 18:49:39,276 INFO  - Fetched company for recruiterId=3dc93452-07a2-4843-a650-c7faed6fc07c
2025-06-29 18:49:39,286 INFO  - Fetched company for recruiterId=3dc93452-07a2-4843-a650-c7faed6fc07c
2025-06-29 18:49:39,293 INFO  - Fetched company for recruiterId=3dc93452-07a2-4843-a650-c7faed6fc07c
2025-06-29 18:49:39,300 INFO  - Fetched company for recruiterId=3dc93452-07a2-4843-a650-c7faed6fc07c
2025-06-29 18:49:39,973 INFO  - Fetched all skills.
2025-06-29 18:49:47,905 INFO  - Fetched all skills.
2025-06-29 18:50:17,694 INFO  - Fetched all skills.
2025-06-29 18:50:18,243 INFO  - Fetched company for recruiterId=3dc93452-07a2-4843-a650-c7faed6fc07c
2025-06-29 18:50:18,252 INFO  - Fetched company for recruiterId=3dc93452-07a2-4843-a650-c7faed6fc07c
2025-06-29 18:50:18,278 INFO  - Fetched company for recruiterId=3dc93452-07a2-4843-a650-c7faed6fc07c
2025-06-29 18:50:18,285 INFO  - Fetched company for recruiterId=3dc93452-07a2-4843-a650-c7faed6fc07c
2025-06-29 18:50:22,687 INFO  - Fetched all skills.
2025-06-29 18:50:23,546 INFO  - Fetched company for recruiterId=3dc93452-07a2-4843-a650-c7faed6fc07c
2025-06-29 18:50:23,554 INFO  - Fetched company for recruiterId=3dc93452-07a2-4843-a650-c7faed6fc07c
2025-06-29 18:50:23,576 INFO  - Fetched company for recruiterId=3dc93452-07a2-4843-a650-c7faed6fc07c
2025-06-29 18:50:23,583 INFO  - Fetched company for recruiterId=3dc93452-07a2-4843-a650-c7faed6fc07c
2025-06-29 18:50:26,898 INFO  - Resume downloaded: SeekerId = 637f3638-b296-4f0d-bb3c-5a65a7f8baed, JobPostId = ce6efdf7-8ca5-494f-af1d-aca84641db3f
2025-06-29 18:50:54,824 INFO  - Fetched all skills.
2025-06-29 18:50:56,980 INFO  - Fetched all skills.
2025-06-29 18:51:00,041 INFO  - Fetched company for recruiterId=3dc93452-07a2-4843-a650-c7faed6fc07c
2025-06-29 18:51:00,048 INFO  - Fetched company for recruiterId=3dc93452-07a2-4843-a650-c7faed6fc07c
2025-06-29 18:51:00,056 INFO  - Fetched company for recruiterId=3dc93452-07a2-4843-a650-c7faed6fc07c
2025-06-29 18:51:00,077 INFO  - Fetched company for recruiterId=3dc93452-07a2-4843-a650-c7faed6fc07c
2025-06-29 18:51:08,639 INFO  - Fetched company for recruiterId=3dc93452-07a2-4843-a650-c7faed6fc07c
2025-06-29 18:53:41,892 INFO  - Fetched company for recruiterId=3dc93452-07a2-4843-a650-c7faed6fc07c
2025-06-29 18:54:22,031 INFO  - Fetched company for recruiterId=3dc93452-07a2-4843-a650-c7faed6fc07c
2025-06-29 18:54:32,088 INFO  - Fetched company for recruiterId=3dc93452-07a2-4843-a650-c7faed6fc07c
2025-06-29 18:54:34,134 INFO  - Fetched company for recruiterId=3dc93452-07a2-4843-a650-c7faed6fc07c
2025-06-29 18:54:38,154 INFO  - Fetched company for recruiterId=3dc93452-07a2-4843-a650-c7faed6fc07c
2025-06-29 18:54:42,098 INFO  - Recruiter updated successfully: Id=3dc93452-07a2-4843-a650-c7faed6fc07c, Name=Muthu Karuppan
2025-06-29 18:54:53,531 INFO  - Recruiter updated successfully: Id=3dc93452-07a2-4843-a650-c7faed6fc07c, Name=Muthu Gowtham
2025-06-29 18:54:58,794 INFO  - Fetched all skills.
2025-06-29 18:54:59,496 INFO  - Fetched company for recruiterId=3dc93452-07a2-4843-a650-c7faed6fc07c
2025-06-29 18:54:59,505 INFO  - Fetched company for recruiterId=3dc93452-07a2-4843-a650-c7faed6fc07c
2025-06-29 18:54:59,531 INFO  - Fetched company for recruiterId=3dc93452-07a2-4843-a650-c7faed6fc07c
2025-06-29 18:54:59,542 INFO  - Fetched company for recruiterId=3dc93452-07a2-4843-a650-c7faed6fc07c
2025-06-29 18:55:04,947 INFO  - Fetched company for recruiterId=3dc93452-07a2-4843-a650-c7faed6fc07c
2025-06-29 18:55:07,197 INFO  - Fetched company for recruiterId=3dc93452-07a2-4843-a650-c7faed6fc07c
2025-06-29 18:55:07,203 INFO  - Fetched company for recruiterId=3dc93452-07a2-4843-a650-c7faed6fc07c
2025-06-29 18:55:07,211 INFO  - Fetched company for recruiterId=3dc93452-07a2-4843-a650-c7faed6fc07c
2025-06-29 18:55:07,230 INFO  - Fetched company for recruiterId=3dc93452-07a2-4843-a650-c7faed6fc07c
2025-06-29 18:55:07,834 INFO  - Fetched company for recruiterId=3dc93452-07a2-4843-a650-c7faed6fc07c
2025-06-29 18:55:10,830 INFO  - Fetched company for recruiterId=3dc93452-07a2-4843-a650-c7faed6fc07c
2025-06-29 19:00:43,171 INFO  - Fetched company for recruiterId=3dc93452-07a2-4843-a650-c7faed6fc07c
2025-06-29 19:10:30,159 INFO  - User logged in: muthu@gmail.com
2025-06-29 19:10:42,268 INFO  - Fetched all company names.
2025-06-29 19:10:42,438 INFO  - Fetched company for recruiterId=3dc93452-07a2-4843-a650-c7faed6fc07c
2025-06-29 19:10:42,472 INFO  - Fetched company for recruiterId=3dc93452-07a2-4843-a650-c7faed6fc07c
2025-06-29 19:10:42,481 INFO  - Fetched company for recruiterId=3dc93452-07a2-4843-a650-c7faed6fc07c
2025-06-29 19:10:42,500 INFO  - Fetched company for recruiterId=3dc93452-07a2-4843-a650-c7faed6fc07c
2025-06-29 19:14:26,027 INFO  - Fetched all company names.
2025-06-29 19:14:26,077 INFO  - Fetched company for recruiterId=3dc93452-07a2-4843-a650-c7faed6fc07c
2025-06-29 19:14:26,087 INFO  - Fetched company for recruiterId=3dc93452-07a2-4843-a650-c7faed6fc07c
2025-06-29 19:14:26,135 INFO  - Fetched company for recruiterId=3dc93452-07a2-4843-a650-c7faed6fc07c
2025-06-29 19:14:26,159 INFO  - Fetched company for recruiterId=3dc93452-07a2-4843-a650-c7faed6fc07c
2025-06-29 19:16:35,295 INFO  - Fetched all company names.
2025-06-29 19:16:35,331 INFO  - Fetched company for recruiterId=3dc93452-07a2-4843-a650-c7faed6fc07c
2025-06-29 19:16:35,341 INFO  - Fetched company for recruiterId=3dc93452-07a2-4843-a650-c7faed6fc07c
2025-06-29 19:16:35,356 INFO  - Fetched company for recruiterId=3dc93452-07a2-4843-a650-c7faed6fc07c
2025-06-29 19:16:35,380 INFO  - Fetched company for recruiterId=3dc93452-07a2-4843-a650-c7faed6fc07c
2025-06-29 19:19:11,831 INFO  - Fetched company for recruiterId=3dc93452-07a2-4843-a650-c7faed6fc07c
2025-06-29 19:19:11,839 INFO  - Fetched company for recruiterId=3dc93452-07a2-4843-a650-c7faed6fc07c
2025-06-29 19:19:11,848 INFO  - Fetched company for recruiterId=3dc93452-07a2-4843-a650-c7faed6fc07c
2025-06-29 19:19:16,292 INFO  - Fetched company for recruiterId=3dc93452-07a2-4843-a650-c7faed6fc07c
2025-06-29 19:19:16,298 INFO  - Fetched company for recruiterId=3dc93452-07a2-4843-a650-c7faed6fc07c
2025-06-29 19:19:16,304 INFO  - Fetched company for recruiterId=3dc93452-07a2-4843-a650-c7faed6fc07c
2025-06-29 19:19:23,013 INFO  - Fetched all company names.
2025-06-29 19:19:23,031 INFO  - Fetched company for recruiterId=3dc93452-07a2-4843-a650-c7faed6fc07c
2025-06-29 19:19:23,039 INFO  - Fetched company for recruiterId=3dc93452-07a2-4843-a650-c7faed6fc07c
2025-06-29 19:19:23,048 INFO  - Fetched company for recruiterId=3dc93452-07a2-4843-a650-c7faed6fc07c
2025-06-29 19:19:23,055 INFO  - Fetched company for recruiterId=3dc93452-07a2-4843-a650-c7faed6fc07c
2025-06-29 19:19:23,723 INFO  - Fetched company for recruiterId=3dc93452-07a2-4843-a650-c7faed6fc07c
2025-06-29 19:19:23,731 INFO  - Fetched company for recruiterId=3dc93452-07a2-4843-a650-c7faed6fc07c
2025-06-29 19:19:23,738 INFO  - Fetched company for recruiterId=3dc93452-07a2-4843-a650-c7faed6fc07c
2025-06-29 19:19:24,854 INFO  - Fetched company for recruiterId=3dc93452-07a2-4843-a650-c7faed6fc07c
2025-06-29 19:19:24,861 INFO  - Fetched company for recruiterId=3dc93452-07a2-4843-a650-c7faed6fc07c
2025-06-29 19:19:24,870 INFO  - Fetched company for recruiterId=3dc93452-07a2-4843-a650-c7faed6fc07c
2025-06-29 19:20:10,175 INFO  - Fetched all company names.
2025-06-29 19:20:10,189 INFO  - Fetched company for recruiterId=3dc93452-07a2-4843-a650-c7faed6fc07c
2025-06-29 19:20:10,196 INFO  - Fetched company for recruiterId=3dc93452-07a2-4843-a650-c7faed6fc07c
2025-06-29 19:20:10,204 INFO  - Fetched company for recruiterId=3dc93452-07a2-4843-a650-c7faed6fc07c
2025-06-29 19:20:10,211 INFO  - Fetched company for recruiterId=3dc93452-07a2-4843-a650-c7faed6fc07c
2025-06-29 19:20:30,556 INFO  - Fetched all company names.
2025-06-29 19:20:30,558 INFO  - Fetched company for recruiterId=3dc93452-07a2-4843-a650-c7faed6fc07c
2025-06-29 19:20:30,563 INFO  - Fetched company for recruiterId=3dc93452-07a2-4843-a650-c7faed6fc07c
2025-06-29 19:20:30,570 INFO  - Fetched company for recruiterId=3dc93452-07a2-4843-a650-c7faed6fc07c
2025-06-29 19:20:30,576 INFO  - Fetched company for recruiterId=3dc93452-07a2-4843-a650-c7faed6fc07c
2025-06-29 19:20:33,240 INFO  - Fetched all company names.
2025-06-29 19:20:33,245 INFO  - Fetched company for recruiterId=3dc93452-07a2-4843-a650-c7faed6fc07c
2025-06-29 19:20:33,253 INFO  - Fetched company for recruiterId=3dc93452-07a2-4843-a650-c7faed6fc07c
2025-06-29 19:20:33,264 INFO  - Fetched company for recruiterId=3dc93452-07a2-4843-a650-c7faed6fc07c
2025-06-29 19:20:33,272 INFO  - Fetched company for recruiterId=3dc93452-07a2-4843-a650-c7faed6fc07c
2025-06-29 19:21:07,785 INFO  - Fetched all company names.
2025-06-29 19:21:07,789 INFO  - Fetched company for recruiterId=3dc93452-07a2-4843-a650-c7faed6fc07c
2025-06-29 19:21:07,796 INFO  - Fetched company for recruiterId=3dc93452-07a2-4843-a650-c7faed6fc07c
2025-06-29 19:21:07,803 INFO  - Fetched company for recruiterId=3dc93452-07a2-4843-a650-c7faed6fc07c
2025-06-29 19:21:07,809 INFO  - Fetched company for recruiterId=3dc93452-07a2-4843-a650-c7faed6fc07c
2025-06-29 19:21:10,234 INFO  - Fetched all company names.
2025-06-29 19:21:10,235 INFO  - Fetched company for recruiterId=3dc93452-07a2-4843-a650-c7faed6fc07c
2025-06-29 19:21:10,241 INFO  - Fetched company for recruiterId=3dc93452-07a2-4843-a650-c7faed6fc07c
2025-06-29 19:21:10,248 INFO  - Fetched company for recruiterId=3dc93452-07a2-4843-a650-c7faed6fc07c
2025-06-29 19:21:10,256 INFO  - Fetched company for recruiterId=3dc93452-07a2-4843-a650-c7faed6fc07c
2025-06-29 19:21:15,324 INFO  - Fetched company for recruiterId=3dc93452-07a2-4843-a650-c7faed6fc07c
2025-06-29 19:21:15,324 INFO  - Fetched all company names.
2025-06-29 19:21:15,333 INFO  - Fetched company for recruiterId=3dc93452-07a2-4843-a650-c7faed6fc07c
2025-06-29 19:21:15,343 INFO  - Fetched company for recruiterId=3dc93452-07a2-4843-a650-c7faed6fc07c
2025-06-29 19:21:15,349 INFO  - Fetched company for recruiterId=3dc93452-07a2-4843-a650-c7faed6fc07c
2025-06-29 19:21:43,416 INFO  - Fetched all company names.
2025-06-29 19:21:43,421 INFO  - Fetched company for recruiterId=3dc93452-07a2-4843-a650-c7faed6fc07c
2025-06-29 19:21:43,430 INFO  - Fetched company for recruiterId=3dc93452-07a2-4843-a650-c7faed6fc07c
2025-06-29 19:21:43,437 INFO  - Fetched company for recruiterId=3dc93452-07a2-4843-a650-c7faed6fc07c
2025-06-29 19:21:43,443 INFO  - Fetched company for recruiterId=3dc93452-07a2-4843-a650-c7faed6fc07c
2025-06-29 19:21:52,862 INFO  - Fetched all company names.
2025-06-29 19:21:52,909 INFO  - Fetched company for recruiterId=3dc93452-07a2-4843-a650-c7faed6fc07c
2025-06-29 19:21:52,922 INFO  - Fetched company for recruiterId=3dc93452-07a2-4843-a650-c7faed6fc07c
2025-06-29 19:21:52,930 INFO  - Fetched company for recruiterId=3dc93452-07a2-4843-a650-c7faed6fc07c
2025-06-29 19:21:52,939 INFO  - Fetched company for recruiterId=3dc93452-07a2-4843-a650-c7faed6fc07c
2025-06-29 19:22:06,098 INFO  - Fetched all company names.
2025-06-29 19:22:06,113 INFO  - Fetched company for recruiterId=3dc93452-07a2-4843-a650-c7faed6fc07c
2025-06-29 19:22:06,122 INFO  - Fetched company for recruiterId=3dc93452-07a2-4843-a650-c7faed6fc07c
2025-06-29 19:22:06,132 INFO  - Fetched company for recruiterId=3dc93452-07a2-4843-a650-c7faed6fc07c
2025-06-29 19:22:06,142 INFO  - Fetched company for recruiterId=3dc93452-07a2-4843-a650-c7faed6fc07c
2025-06-29 19:22:12,678 INFO  - Fetched all company names.
2025-06-29 19:22:12,682 INFO  - Fetched company for recruiterId=3dc93452-07a2-4843-a650-c7faed6fc07c
2025-06-29 19:22:12,691 INFO  - Fetched company for recruiterId=3dc93452-07a2-4843-a650-c7faed6fc07c
2025-06-29 19:22:12,699 INFO  - Fetched company for recruiterId=3dc93452-07a2-4843-a650-c7faed6fc07c
2025-06-29 19:22:12,708 INFO  - Fetched company for recruiterId=3dc93452-07a2-4843-a650-c7faed6fc07c
2025-06-29 19:22:18,289 INFO  - Fetched all company names.
2025-06-29 19:22:18,295 INFO  - Fetched company for recruiterId=3dc93452-07a2-4843-a650-c7faed6fc07c
2025-06-29 19:22:18,301 INFO  - Fetched company for recruiterId=3dc93452-07a2-4843-a650-c7faed6fc07c
2025-06-29 19:22:18,307 INFO  - Fetched company for recruiterId=3dc93452-07a2-4843-a650-c7faed6fc07c
2025-06-29 19:22:18,315 INFO  - Fetched company for recruiterId=3dc93452-07a2-4843-a650-c7faed6fc07c
2025-06-29 19:22:32,360 INFO  - Fetched all company names.
2025-06-29 19:22:32,365 INFO  - Fetched company for recruiterId=3dc93452-07a2-4843-a650-c7faed6fc07c
2025-06-29 19:22:32,370 INFO  - Fetched company for recruiterId=3dc93452-07a2-4843-a650-c7faed6fc07c
2025-06-29 19:22:32,376 INFO  - Fetched company for recruiterId=3dc93452-07a2-4843-a650-c7faed6fc07c
2025-06-29 19:22:32,384 INFO  - Fetched company for recruiterId=3dc93452-07a2-4843-a650-c7faed6fc07c
2025-06-29 19:22:35,902 INFO  - Fetched all company names.
2025-06-29 19:22:35,908 INFO  - Fetched company for recruiterId=3dc93452-07a2-4843-a650-c7faed6fc07c
2025-06-29 19:22:35,916 INFO  - Fetched company for recruiterId=3dc93452-07a2-4843-a650-c7faed6fc07c
2025-06-29 19:22:35,924 INFO  - Fetched company for recruiterId=3dc93452-07a2-4843-a650-c7faed6fc07c
2025-06-29 19:22:35,930 INFO  - Fetched company for recruiterId=3dc93452-07a2-4843-a650-c7faed6fc07c
2025-06-29 19:22:46,703 INFO  - Fetched all company names.
2025-06-29 19:22:46,715 INFO  - Fetched company for recruiterId=3dc93452-07a2-4843-a650-c7faed6fc07c
2025-06-29 19:22:46,723 INFO  - Fetched company for recruiterId=3dc93452-07a2-4843-a650-c7faed6fc07c
2025-06-29 19:22:46,735 INFO  - Fetched company for recruiterId=3dc93452-07a2-4843-a650-c7faed6fc07c
2025-06-29 19:22:46,741 INFO  - Fetched company for recruiterId=3dc93452-07a2-4843-a650-c7faed6fc07c
2025-06-29 19:22:59,459 INFO  - Fetched all company names.
2025-06-29 19:22:59,465 INFO  - Fetched company for recruiterId=3dc93452-07a2-4843-a650-c7faed6fc07c
2025-06-29 19:22:59,471 INFO  - Fetched company for recruiterId=3dc93452-07a2-4843-a650-c7faed6fc07c
2025-06-29 19:22:59,476 INFO  - Fetched company for recruiterId=3dc93452-07a2-4843-a650-c7faed6fc07c
2025-06-29 19:22:59,483 INFO  - Fetched company for recruiterId=3dc93452-07a2-4843-a650-c7faed6fc07c
2025-06-29 19:23:06,931 INFO  - Fetched all company names.
2025-06-29 19:23:06,933 INFO  - Fetched company for recruiterId=3dc93452-07a2-4843-a650-c7faed6fc07c
2025-06-29 19:23:06,937 INFO  - Fetched company for recruiterId=3dc93452-07a2-4843-a650-c7faed6fc07c
2025-06-29 19:23:06,942 INFO  - Fetched company for recruiterId=3dc93452-07a2-4843-a650-c7faed6fc07c
2025-06-29 19:23:06,947 INFO  - Fetched company for recruiterId=3dc93452-07a2-4843-a650-c7faed6fc07c
2025-06-29 19:23:15,265 INFO  - Fetched all company names.
2025-06-29 19:23:15,269 INFO  - Fetched company for recruiterId=3dc93452-07a2-4843-a650-c7faed6fc07c
2025-06-29 19:23:15,275 INFO  - Fetched company for recruiterId=3dc93452-07a2-4843-a650-c7faed6fc07c
2025-06-29 19:23:15,279 INFO  - Fetched company for recruiterId=3dc93452-07a2-4843-a650-c7faed6fc07c
2025-06-29 19:23:15,286 INFO  - Fetched company for recruiterId=3dc93452-07a2-4843-a650-c7faed6fc07c
2025-06-29 19:23:26,129 INFO  - Fetched all company names.
2025-06-29 19:23:26,131 INFO  - Fetched company for recruiterId=3dc93452-07a2-4843-a650-c7faed6fc07c
2025-06-29 19:23:26,136 INFO  - Fetched company for recruiterId=3dc93452-07a2-4843-a650-c7faed6fc07c
2025-06-29 19:23:26,141 INFO  - Fetched company for recruiterId=3dc93452-07a2-4843-a650-c7faed6fc07c
2025-06-29 19:23:26,146 INFO  - Fetched company for recruiterId=3dc93452-07a2-4843-a650-c7faed6fc07c
2025-06-29 19:23:36,263 INFO  - Fetched all company names.
2025-06-29 19:23:36,266 INFO  - Fetched company for recruiterId=3dc93452-07a2-4843-a650-c7faed6fc07c
2025-06-29 19:23:36,272 INFO  - Fetched company for recruiterId=3dc93452-07a2-4843-a650-c7faed6fc07c
2025-06-29 19:23:36,276 INFO  - Fetched company for recruiterId=3dc93452-07a2-4843-a650-c7faed6fc07c
2025-06-29 19:23:36,281 INFO  - Fetched company for recruiterId=3dc93452-07a2-4843-a650-c7faed6fc07c
2025-06-29 19:23:44,667 INFO  - Fetched all company names.
2025-06-29 19:23:44,672 INFO  - Fetched company for recruiterId=3dc93452-07a2-4843-a650-c7faed6fc07c
2025-06-29 19:23:44,678 INFO  - Fetched company for recruiterId=3dc93452-07a2-4843-a650-c7faed6fc07c
2025-06-29 19:23:44,684 INFO  - Fetched company for recruiterId=3dc93452-07a2-4843-a650-c7faed6fc07c
2025-06-29 19:23:44,691 INFO  - Fetched company for recruiterId=3dc93452-07a2-4843-a650-c7faed6fc07c
2025-06-29 19:23:47,228 INFO  - Fetched all company names.
2025-06-29 19:23:47,231 INFO  - Fetched company for recruiterId=3dc93452-07a2-4843-a650-c7faed6fc07c
2025-06-29 19:23:47,236 INFO  - Fetched company for recruiterId=3dc93452-07a2-4843-a650-c7faed6fc07c
2025-06-29 19:23:47,242 INFO  - Fetched company for recruiterId=3dc93452-07a2-4843-a650-c7faed6fc07c
2025-06-29 19:23:47,248 INFO  - Fetched company for recruiterId=3dc93452-07a2-4843-a650-c7faed6fc07c
2025-06-29 19:23:59,265 INFO  - Fetched all company names.
2025-06-29 19:23:59,268 INFO  - Fetched company for recruiterId=3dc93452-07a2-4843-a650-c7faed6fc07c
2025-06-29 19:23:59,273 INFO  - Fetched company for recruiterId=3dc93452-07a2-4843-a650-c7faed6fc07c
2025-06-29 19:23:59,278 INFO  - Fetched company for recruiterId=3dc93452-07a2-4843-a650-c7faed6fc07c
2025-06-29 19:23:59,283 INFO  - Fetched company for recruiterId=3dc93452-07a2-4843-a650-c7faed6fc07c
2025-06-29 19:24:07,367 INFO  - Fetched all company names.
2025-06-29 19:24:07,369 INFO  - Fetched company for recruiterId=3dc93452-07a2-4843-a650-c7faed6fc07c
2025-06-29 19:24:07,376 INFO  - Fetched company for recruiterId=3dc93452-07a2-4843-a650-c7faed6fc07c
2025-06-29 19:24:07,381 INFO  - Fetched company for recruiterId=3dc93452-07a2-4843-a650-c7faed6fc07c
2025-06-29 19:24:07,386 INFO  - Fetched company for recruiterId=3dc93452-07a2-4843-a650-c7faed6fc07c
2025-06-29 19:24:08,653 INFO  - Fetched all company names.
2025-06-29 19:24:08,654 INFO  - Fetched company for recruiterId=3dc93452-07a2-4843-a650-c7faed6fc07c
2025-06-29 19:24:08,660 INFO  - Fetched company for recruiterId=3dc93452-07a2-4843-a650-c7faed6fc07c
2025-06-29 19:24:08,665 INFO  - Fetched company for recruiterId=3dc93452-07a2-4843-a650-c7faed6fc07c
2025-06-29 19:24:08,671 INFO  - Fetched company for recruiterId=3dc93452-07a2-4843-a650-c7faed6fc07c
2025-06-29 19:24:09,802 INFO  - Fetched all company names.
2025-06-29 19:24:09,807 INFO  - Fetched company for recruiterId=3dc93452-07a2-4843-a650-c7faed6fc07c
2025-06-29 19:24:09,818 INFO  - Fetched company for recruiterId=3dc93452-07a2-4843-a650-c7faed6fc07c
2025-06-29 19:24:09,826 INFO  - Fetched company for recruiterId=3dc93452-07a2-4843-a650-c7faed6fc07c
2025-06-29 19:24:09,838 INFO  - Fetched company for recruiterId=3dc93452-07a2-4843-a650-c7faed6fc07c
2025-06-29 19:24:11,247 INFO  - Fetched all company names.
2025-06-29 19:24:11,251 INFO  - Fetched company for recruiterId=3dc93452-07a2-4843-a650-c7faed6fc07c
2025-06-29 19:24:11,256 INFO  - Fetched company for recruiterId=3dc93452-07a2-4843-a650-c7faed6fc07c
2025-06-29 19:24:11,261 INFO  - Fetched company for recruiterId=3dc93452-07a2-4843-a650-c7faed6fc07c
2025-06-29 19:24:11,267 INFO  - Fetched company for recruiterId=3dc93452-07a2-4843-a650-c7faed6fc07c
2025-06-29 19:24:25,233 INFO  - Fetched all company names.
2025-06-29 19:24:25,237 INFO  - Fetched company for recruiterId=3dc93452-07a2-4843-a650-c7faed6fc07c
2025-06-29 19:24:25,242 INFO  - Fetched company for recruiterId=3dc93452-07a2-4843-a650-c7faed6fc07c
2025-06-29 19:24:25,248 INFO  - Fetched company for recruiterId=3dc93452-07a2-4843-a650-c7faed6fc07c
2025-06-29 19:24:25,255 INFO  - Fetched company for recruiterId=3dc93452-07a2-4843-a650-c7faed6fc07c
2025-06-29 19:24:46,941 INFO  - Fetched all company names.
2025-06-29 19:24:46,948 INFO  - Fetched company for recruiterId=3dc93452-07a2-4843-a650-c7faed6fc07c
2025-06-29 19:24:46,955 INFO  - Fetched company for recruiterId=3dc93452-07a2-4843-a650-c7faed6fc07c
2025-06-29 19:24:46,963 INFO  - Fetched company for recruiterId=3dc93452-07a2-4843-a650-c7faed6fc07c
2025-06-29 19:24:46,970 INFO  - Fetched company for recruiterId=3dc93452-07a2-4843-a650-c7faed6fc07c
2025-06-29 19:24:49,788 INFO  - Fetched all company names.
2025-06-29 19:24:49,802 INFO  - Fetched company for recruiterId=3dc93452-07a2-4843-a650-c7faed6fc07c
2025-06-29 19:24:49,824 INFO  - Fetched company for recruiterId=3dc93452-07a2-4843-a650-c7faed6fc07c
2025-06-29 19:24:49,841 INFO  - Fetched company for recruiterId=3dc93452-07a2-4843-a650-c7faed6fc07c
2025-06-29 19:24:49,856 INFO  - Fetched company for recruiterId=3dc93452-07a2-4843-a650-c7faed6fc07c
2025-06-29 19:24:51,261 INFO  - Fetched all company names.
2025-06-29 19:24:51,267 INFO  - Fetched company for recruiterId=3dc93452-07a2-4843-a650-c7faed6fc07c
2025-06-29 19:24:51,274 INFO  - Fetched company for recruiterId=3dc93452-07a2-4843-a650-c7faed6fc07c
2025-06-29 19:24:51,290 INFO  - Fetched company for recruiterId=3dc93452-07a2-4843-a650-c7faed6fc07c
2025-06-29 19:24:51,297 INFO  - Fetched company for recruiterId=3dc93452-07a2-4843-a650-c7faed6fc07c
2025-06-29 19:24:57,317 INFO  - Fetched all company names.
2025-06-29 19:24:57,324 INFO  - Fetched company for recruiterId=3dc93452-07a2-4843-a650-c7faed6fc07c
2025-06-29 19:24:57,338 INFO  - Fetched company for recruiterId=3dc93452-07a2-4843-a650-c7faed6fc07c
2025-06-29 19:24:57,344 INFO  - Fetched company for recruiterId=3dc93452-07a2-4843-a650-c7faed6fc07c
2025-06-29 19:24:57,353 INFO  - Fetched company for recruiterId=3dc93452-07a2-4843-a650-c7faed6fc07c
2025-06-29 19:25:13,943 INFO  - Fetched company for recruiterId=3dc93452-07a2-4843-a650-c7faed6fc07c
2025-06-29 19:25:13,949 INFO  - Fetched company for recruiterId=3dc93452-07a2-4843-a650-c7faed6fc07c
2025-06-29 19:25:13,956 INFO  - Fetched company for recruiterId=3dc93452-07a2-4843-a650-c7faed6fc07c
2025-06-29 19:25:40,995 INFO  - Fetched all company names.
2025-06-29 19:25:41,008 INFO  - Fetched company for recruiterId=3dc93452-07a2-4843-a650-c7faed6fc07c
2025-06-29 19:25:41,013 INFO  - Fetched company for recruiterId=3dc93452-07a2-4843-a650-c7faed6fc07c
2025-06-29 19:25:41,019 INFO  - Fetched company for recruiterId=3dc93452-07a2-4843-a650-c7faed6fc07c
2025-06-29 19:25:41,025 INFO  - Fetched company for recruiterId=3dc93452-07a2-4843-a650-c7faed6fc07c
2025-06-29 19:27:18,440 INFO  - Fetched company for recruiterId=3dc93452-07a2-4843-a650-c7faed6fc07c
2025-06-29 19:27:18,446 INFO  - Fetched company for recruiterId=3dc93452-07a2-4843-a650-c7faed6fc07c
2025-06-29 19:27:20,231 INFO  - Fetched company for recruiterId=3dc93452-07a2-4843-a650-c7faed6fc07c
2025-06-29 19:27:20,236 INFO  - Fetched company for recruiterId=3dc93452-07a2-4843-a650-c7faed6fc07c
2025-06-29 19:27:21,465 INFO  - Fetched company for recruiterId=3dc93452-07a2-4843-a650-c7faed6fc07c
2025-06-29 19:27:21,470 INFO  - Fetched company for recruiterId=3dc93452-07a2-4843-a650-c7faed6fc07c
2025-06-29 19:27:21,477 INFO  - Fetched company for recruiterId=3dc93452-07a2-4843-a650-c7faed6fc07c
2025-06-29 19:27:21,484 INFO  - Fetched company for recruiterId=3dc93452-07a2-4843-a650-c7faed6fc07c
2025-06-29 19:45:52,402 INFO  - User logged in: muthukaruppanaakash76@gmail.com
2025-06-29 19:45:55,956 INFO  - Fetched company for recruiterId=3dc93452-07a2-4843-a650-c7faed6fc07c
2025-06-29 19:45:58,185 INFO  - Recruiter updated successfully: Id=3dc93452-07a2-4843-a650-c7faed6fc07c, Name=Muthu Gowtham
2025-06-29 19:46:00,848 INFO  - Fetched company for recruiterId=3dc93452-07a2-4843-a650-c7faed6fc07c
2025-06-29 19:46:00,855 INFO  - Fetched company for recruiterId=3dc93452-07a2-4843-a650-c7faed6fc07c
2025-06-29 19:46:00,861 INFO  - Fetched company for recruiterId=3dc93452-07a2-4843-a650-c7faed6fc07c
2025-06-29 19:46:00,866 INFO  - Fetched company for recruiterId=3dc93452-07a2-4843-a650-c7faed6fc07c
2025-06-29 19:46:02,810 INFO  - Fetched all skills.
2025-06-29 19:46:22,801 INFO  - Fetched all skills.
2025-06-29 19:46:25,678 INFO  - Fetched company for recruiterId=3dc93452-07a2-4843-a650-c7faed6fc07c
2025-06-29 19:46:25,700 INFO  - Fetched company for recruiterId=3dc93452-07a2-4843-a650-c7faed6fc07c
2025-06-29 19:46:25,708 INFO  - Fetched company for recruiterId=3dc93452-07a2-4843-a650-c7faed6fc07c
2025-06-29 19:46:25,715 INFO  - Fetched company for recruiterId=3dc93452-07a2-4843-a650-c7faed6fc07c
2025-06-29 19:46:27,434 INFO  - Fetched company for recruiterId=3dc93452-07a2-4843-a650-c7faed6fc07c
2025-06-29 19:46:28,461 INFO  - Fetched company for recruiterId=3dc93452-07a2-4843-a650-c7faed6fc07c
2025-06-29 19:46:28,467 INFO  - Fetched company for recruiterId=3dc93452-07a2-4843-a650-c7faed6fc07c
2025-06-29 19:46:28,475 INFO  - Fetched company for recruiterId=3dc93452-07a2-4843-a650-c7faed6fc07c
2025-06-29 19:46:28,497 INFO  - Fetched company for recruiterId=3dc93452-07a2-4843-a650-c7faed6fc07c
2025-06-29 19:46:29,146 INFO  - Fetched all skills.
2025-06-29 19:46:30,311 INFO  - Fetched company for recruiterId=3dc93452-07a2-4843-a650-c7faed6fc07c
2025-06-29 19:46:30,318 INFO  - Fetched company for recruiterId=3dc93452-07a2-4843-a650-c7faed6fc07c
2025-06-29 19:46:30,325 INFO  - Fetched company for recruiterId=3dc93452-07a2-4843-a650-c7faed6fc07c
2025-06-29 19:46:30,347 INFO  - Fetched company for recruiterId=3dc93452-07a2-4843-a650-c7faed6fc07c
2025-06-29 19:46:32,409 INFO  - Fetched company for recruiterId=3dc93452-07a2-4843-a650-c7faed6fc07c
2025-06-29 19:46:32,415 INFO  - Fetched company for recruiterId=3dc93452-07a2-4843-a650-c7faed6fc07c
2025-06-29 19:46:32,422 INFO  - Fetched company for recruiterId=3dc93452-07a2-4843-a650-c7faed6fc07c
2025-06-29 19:46:32,428 INFO  - Fetched company for recruiterId=3dc93452-07a2-4843-a650-c7faed6fc07c
2025-06-29 19:46:55,854 INFO  - Fetched company for recruiterId=3dc93452-07a2-4843-a650-c7faed6fc07c
2025-06-29 19:46:55,861 INFO  - Fetched company for recruiterId=3dc93452-07a2-4843-a650-c7faed6fc07c
2025-06-29 19:46:55,867 INFO  - Fetched company for recruiterId=3dc93452-07a2-4843-a650-c7faed6fc07c
2025-06-29 19:46:55,872 INFO  - Fetched company for recruiterId=3dc93452-07a2-4843-a650-c7faed6fc07c
2025-06-29 19:46:58,745 INFO  - Fetched all skills.
2025-06-29 19:46:59,870 INFO  - Fetched company for recruiterId=3dc93452-07a2-4843-a650-c7faed6fc07c
2025-06-29 19:46:59,875 INFO  - Fetched company for recruiterId=3dc93452-07a2-4843-a650-c7faed6fc07c
2025-06-29 19:46:59,881 INFO  - Fetched company for recruiterId=3dc93452-07a2-4843-a650-c7faed6fc07c
2025-06-29 19:46:59,889 INFO  - Fetched company for recruiterId=3dc93452-07a2-4843-a650-c7faed6fc07c
2025-06-29 19:47:05,368 INFO  - Fetched all skills.
2025-06-29 19:47:07,049 INFO  - Fetched all skills.
2025-06-29 19:47:08,993 INFO  - Fetched company for recruiterId=3dc93452-07a2-4843-a650-c7faed6fc07c
2025-06-29 19:47:08,998 INFO  - Fetched company for recruiterId=3dc93452-07a2-4843-a650-c7faed6fc07c
2025-06-29 19:47:09,006 INFO  - Fetched company for recruiterId=3dc93452-07a2-4843-a650-c7faed6fc07c
2025-06-29 19:47:09,013 INFO  - Fetched company for recruiterId=3dc93452-07a2-4843-a650-c7faed6fc07c
2025-06-29 19:48:09,791 INFO  - Fetched all skills.
2025-06-29 19:48:12,366 INFO  - Fetched company for recruiterId=3dc93452-07a2-4843-a650-c7faed6fc07c
2025-06-29 19:48:12,373 INFO  - Fetched company for recruiterId=3dc93452-07a2-4843-a650-c7faed6fc07c
2025-06-29 19:48:12,380 INFO  - Fetched company for recruiterId=3dc93452-07a2-4843-a650-c7faed6fc07c
2025-06-29 19:48:12,391 INFO  - Fetched company for recruiterId=3dc93452-07a2-4843-a650-c7faed6fc07c
2025-06-29 19:48:12,937 INFO  - Fetched all skills.
2025-06-29 19:48:14,805 INFO  - Fetched all skills.
2025-06-29 19:48:16,845 INFO  - Fetched all skills.
2025-06-29 19:48:22,021 INFO  - Fetched company for recruiterId=3dc93452-07a2-4843-a650-c7faed6fc07c
2025-06-29 19:48:22,027 INFO  - Fetched company for recruiterId=3dc93452-07a2-4843-a650-c7faed6fc07c
2025-06-29 19:48:22,034 INFO  - Fetched company for recruiterId=3dc93452-07a2-4843-a650-c7faed6fc07c
2025-06-29 19:48:22,043 INFO  - Fetched company for recruiterId=3dc93452-07a2-4843-a650-c7faed6fc07c
2025-06-29 19:48:25,873 INFO  - Fetched company for recruiterId=3dc93452-07a2-4843-a650-c7faed6fc07c
2025-06-29 19:48:27,008 INFO  - Fetched all skills.
2025-06-29 20:10:16,265 INFO  - User logged in: muthu@gmail.com
2025-06-29 20:10:26,713 INFO  - Updated seeker details for muthu@gmail.com (ID: 637f3638-b296-4f0d-bb3c-5a65a7f8baed)
2025-06-29 20:14:43,960 INFO  - Updated seeker details for muthu@gmail.com (ID: 637f3638-b296-4f0d-bb3c-5a65a7f8baed)
2025-06-29 20:14:56,938 INFO  - Updated seeker details for muthu@gmail.com (ID: 637f3638-b296-4f0d-bb3c-5a65a7f8baed)
2025-06-29 20:15:16,913 INFO  - Updated seeker details for muthu@gmail.com (ID: 637f3638-b296-4f0d-bb3c-5a65a7f8baed)
2025-06-29 20:15:24,319 INFO  - Updated seeker details for muthu@gmail.com (ID: 637f3638-b296-4f0d-bb3c-5a65a7f8baed)
2025-06-29 20:15:28,017 INFO  - Fetched company for recruiterId=3dc93452-07a2-4843-a650-c7faed6fc07c
2025-06-29 20:15:28,037 INFO  - Fetched company for recruiterId=3dc93452-07a2-4843-a650-c7faed6fc07c
2025-06-29 20:15:28,056 INFO  - Fetched company for recruiterId=3dc93452-07a2-4843-a650-c7faed6fc07c
2025-06-29 20:15:28,917 INFO  - Updated seeker details for muthu@gmail.com (ID: 637f3638-b296-4f0d-bb3c-5a65a7f8baed)
2025-06-29 20:15:33,922 INFO  - Updated seeker details for muthu@gmail.com (ID: 637f3638-b296-4f0d-bb3c-5a65a7f8baed)
2025-06-29 20:15:52,730 INFO  - Updated seeker details for muthu@gmail.com (ID: 637f3638-b296-4f0d-bb3c-5a65a7f8baed)
2025-06-29 20:16:09,895 INFO  - Updated seeker details for muthu@gmail.com (ID: 637f3638-b296-4f0d-bb3c-5a65a7f8baed)
2025-06-29 20:16:24,843 INFO  - Updated seeker details for muthu@gmail.com (ID: 637f3638-b296-4f0d-bb3c-5a65a7f8baed)
2025-06-29 20:16:28,021 INFO  - Updated seeker details for muthu@gmail.com (ID: 637f3638-b296-4f0d-bb3c-5a65a7f8baed)
2025-06-29 20:17:47,512 INFO  - Updated seeker details for muthu@gmail.com (ID: 637f3638-b296-4f0d-bb3c-5a65a7f8baed)
2025-06-29 20:17:50,791 INFO  - Updated seeker details for muthu@gmail.com (ID: 637f3638-b296-4f0d-bb3c-5a65a7f8baed)
2025-06-29 20:20:00,856 INFO  - Updated seeker details for muthu@gmail.com (ID: 637f3638-b296-4f0d-bb3c-5a65a7f8baed)
2025-06-29 20:20:13,232 INFO  - Updated seeker details for muthu@gmail.com (ID: 637f3638-b296-4f0d-bb3c-5a65a7f8baed)
2025-06-29 20:20:36,351 INFO  - Updated seeker details for muthu@gmail.com (ID: 637f3638-b296-4f0d-bb3c-5a65a7f8baed)
2025-06-29 20:20:47,601 INFO  - Updated seeker details for muthu@gmail.com (ID: 637f3638-b296-4f0d-bb3c-5a65a7f8baed)
2025-06-29 20:20:55,362 INFO  - Updated seeker details for muthu@gmail.com (ID: 637f3638-b296-4f0d-bb3c-5a65a7f8baed)
2025-06-29 20:20:58,984 INFO  - Updated seeker details for muthu@gmail.com (ID: 637f3638-b296-4f0d-bb3c-5a65a7f8baed)
2025-06-29 20:22:47,187 INFO  - Updated seeker details for muthu@gmail.com (ID: 637f3638-b296-4f0d-bb3c-5a65a7f8baed)
2025-06-29 20:23:23,601 INFO  - Updated seeker details for muthu@gmail.com (ID: 637f3638-b296-4f0d-bb3c-5a65a7f8baed)
2025-06-29 20:23:30,716 INFO  - Updated seeker details for muthu@gmail.com (ID: 637f3638-b296-4f0d-bb3c-5a65a7f8baed)
2025-06-29 20:23:56,791 INFO  - Updated seeker details for muthu@gmail.com (ID: 637f3638-b296-4f0d-bb3c-5a65a7f8baed)
2025-06-29 20:29:35,764 INFO  - Updated seeker details for muthu@gmail.com (ID: 637f3638-b296-4f0d-bb3c-5a65a7f8baed)
2025-06-29 20:30:07,801 INFO  - Updated seeker details for muthu@gmail.com (ID: 637f3638-b296-4f0d-bb3c-5a65a7f8baed)
2025-06-29 20:30:15,626 INFO  - Updated seeker details for muthu@gmail.com (ID: 637f3638-b296-4f0d-bb3c-5a65a7f8baed)
2025-06-29 20:33:13,852 INFO  - Fetched all skills.
2025-06-29 20:42:28,121 INFO  - User logged in: muthukaruppanaakash76@gmail.com
2025-06-29 20:42:41,160 INFO  - JobPost added by recruiter: 52f3dcc7-e7bb-4419-b8a9-9cfb2a6f8b9e, Job Title: Senior Frontend Developer
2025-06-29 20:43:29,484 INFO  - User logged in: muthu@gmail.com
2025-06-29 20:43:31,696 INFO  - Updated seeker details for muthu@gmail.com (ID: 637f3638-b296-4f0d-bb3c-5a65a7f8baed)
2025-06-29 20:44:05,166 INFO  - Updated seeker details for muthu@gmail.com (ID: 637f3638-b296-4f0d-bb3c-5a65a7f8baed)
2025-06-29 20:44:07,083 INFO  - Fetched company for recruiterId=3dc93452-07a2-4843-a650-c7faed6fc07c
2025-06-29 20:44:07,083 INFO  - Fetched company for recruiterId=52f3dcc7-e7bb-4419-b8a9-9cfb2a6f8b9e
2025-06-29 20:44:07,104 INFO  - Fetched company for recruiterId=3dc93452-07a2-4843-a650-c7faed6fc07c
2025-06-29 20:44:07,116 INFO  - Fetched company for recruiterId=3dc93452-07a2-4843-a650-c7faed6fc07c
2025-06-29 20:45:02,646 INFO  - JobPost added by recruiter: 52f3dcc7-e7bb-4419-b8a9-9cfb2a6f8b9e, Job Title: Senior Frontend Developer
2025-06-29 20:46:56,612 INFO  - Updated seeker details for muthu@gmail.com (ID: 637f3638-b296-4f0d-bb3c-5a65a7f8baed)
2025-06-29 20:47:47,325 INFO  - Updated seeker details for muthu@gmail.com (ID: 637f3638-b296-4f0d-bb3c-5a65a7f8baed)
2025-06-29 20:48:30,293 INFO  - JobPost added by recruiter: 52f3dcc7-e7bb-4419-b8a9-9cfb2a6f8b9e, Job Title: Senior Frontend Developer
2025-06-29 20:59:30,476 INFO  - Updated seeker details for muthu@gmail.com (ID: 637f3638-b296-4f0d-bb3c-5a65a7f8baed)
2025-06-29 20:59:40,147 INFO  - Updated seeker details for muthu@gmail.com (ID: 637f3638-b296-4f0d-bb3c-5a65a7f8baed)
2025-06-29 21:01:40,188 INFO  - JobPost added by recruiter: 52f3dcc7-e7bb-4419-b8a9-9cfb2a6f8b9e, Job Title: Senior Frontend Developer
2025-06-29 21:02:21,074 INFO  - JobPost added by recruiter: 52f3dcc7-e7bb-4419-b8a9-9cfb2a6f8b9e, Job Title: Senior Frontend Developer
2025-06-29 21:05:03,140 INFO  - JobPost added by recruiter: 52f3dcc7-e7bb-4419-b8a9-9cfb2a6f8b9e, Job Title: Senior Frontend Developer
2025-06-29 21:05:13,453 INFO  - JobPost added by recruiter: 52f3dcc7-e7bb-4419-b8a9-9cfb2a6f8b9e, Job Title: Senior Frontend Developer
2025-06-29 21:06:21,207 INFO  - JobPost added by recruiter: 52f3dcc7-e7bb-4419-b8a9-9cfb2a6f8b9e, Job Title: Senior Frontend Developer
