2025-07-07 09:45:06,614 INFO  - User logged in: muthukaruppanaakash76@gmail.com
2025-07-07 09:45:10,021 INFO  - Fetched all skills.
2025-07-07 09:47:57,801 INFO  - Fetched all skills.
2025-07-07 09:48:21,754 INFO  - Fetched all skills.
2025-07-07 09:48:24,750 INFO  - Fetched all skills.
2025-07-07 09:48:28,849 INFO  - Fetched all skills.
2025-07-07 09:48:32,449 INFO  - Fetched all skills.
2025-07-07 09:48:36,917 INFO  - Fetched all skills.
2025-07-07 09:48:40,901 INFO  - Fetched all skills.
2025-07-07 09:48:49,861 INFO  - Fetched all skills.
2025-07-07 09:50:58,692 INFO  - JobPost added by recruiter: 3dc93452-07a2-4843-a650-c7faed6fc07c, Job Title: Backend Developer
2025-07-07 09:50:58,709 INFO  - Fetched all skills.
2025-07-07 09:51:02,084 INFO  - Fetched company for recruiterId=3dc93452-07a2-4843-a650-c7faed6fc07c
2025-07-07 09:51:02,104 INFO  - Fetched company for recruiterId=3dc93452-07a2-4843-a650-c7faed6fc07c
2025-07-07 09:51:02,110 INFO  - Fetched company for recruiterId=3dc93452-07a2-4843-a650-c7faed6fc07c
2025-07-07 09:51:02,118 INFO  - Fetched company for recruiterId=3dc93452-07a2-4843-a650-c7faed6fc07c
2025-07-07 09:51:02,125 INFO  - Fetched company for recruiterId=3dc93452-07a2-4843-a650-c7faed6fc07c
2025-07-07 09:51:02,134 INFO  - Fetched company for recruiterId=3dc93452-07a2-4843-a650-c7faed6fc07c
2025-07-07 09:51:18,286 INFO  - Fetched company for recruiterId=3dc93452-07a2-4843-a650-c7faed6fc07c
2025-07-07 09:51:18,304 INFO  - Fetched company for recruiterId=3dc93452-07a2-4843-a650-c7faed6fc07c
2025-07-07 09:51:18,310 INFO  - Fetched company for recruiterId=3dc93452-07a2-4843-a650-c7faed6fc07c
2025-07-07 09:51:18,317 INFO  - Fetched company for recruiterId=3dc93452-07a2-4843-a650-c7faed6fc07c
2025-07-07 09:51:18,324 INFO  - Fetched company for recruiterId=3dc93452-07a2-4843-a650-c7faed6fc07c
2025-07-07 09:51:18,330 INFO  - Fetched company for recruiterId=3dc93452-07a2-4843-a650-c7faed6fc07c
2025-07-07 09:51:23,404 INFO  - Fetched company for recruiterId=3dc93452-07a2-4843-a650-c7faed6fc07c
2025-07-07 09:51:23,410 INFO  - Fetched company for recruiterId=3dc93452-07a2-4843-a650-c7faed6fc07c
2025-07-07 09:51:23,418 INFO  - Fetched company for recruiterId=3dc93452-07a2-4843-a650-c7faed6fc07c
2025-07-07 09:51:23,425 INFO  - Fetched company for recruiterId=3dc93452-07a2-4843-a650-c7faed6fc07c
2025-07-07 09:51:23,434 INFO  - Fetched company for recruiterId=3dc93452-07a2-4843-a650-c7faed6fc07c
2025-07-07 09:51:23,456 INFO  - Fetched company for recruiterId=3dc93452-07a2-4843-a650-c7faed6fc07c
2025-07-07 09:51:26,283 INFO  - Fetched company for recruiterId=3dc93452-07a2-4843-a650-c7faed6fc07c
2025-07-07 09:51:26,307 INFO  - Fetched company for recruiterId=3dc93452-07a2-4843-a650-c7faed6fc07c
2025-07-07 09:51:26,320 INFO  - Fetched company for recruiterId=3dc93452-07a2-4843-a650-c7faed6fc07c
2025-07-07 09:51:26,334 INFO  - Fetched company for recruiterId=3dc93452-07a2-4843-a650-c7faed6fc07c
2025-07-07 09:51:26,355 INFO  - Fetched company for recruiterId=3dc93452-07a2-4843-a650-c7faed6fc07c
2025-07-07 09:51:26,361 INFO  - Fetched company for recruiterId=3dc93452-07a2-4843-a650-c7faed6fc07c
2025-07-07 09:51:28,936 INFO  - Fetched company for recruiterId=3dc93452-07a2-4843-a650-c7faed6fc07c
2025-07-07 09:51:28,956 INFO  - Fetched company for recruiterId=3dc93452-07a2-4843-a650-c7faed6fc07c
2025-07-07 09:51:28,969 INFO  - Fetched company for recruiterId=3dc93452-07a2-4843-a650-c7faed6fc07c
2025-07-07 09:51:28,978 INFO  - Fetched company for recruiterId=3dc93452-07a2-4843-a650-c7faed6fc07c
2025-07-07 09:51:29,004 INFO  - Fetched company for recruiterId=3dc93452-07a2-4843-a650-c7faed6fc07c
2025-07-07 09:51:29,015 INFO  - Fetched company for recruiterId=3dc93452-07a2-4843-a650-c7faed6fc07c
2025-07-07 09:51:58,925 INFO  - Fetched company for recruiterId=3dc93452-07a2-4843-a650-c7faed6fc07c
2025-07-07 09:51:58,947 INFO  - Fetched company for recruiterId=3dc93452-07a2-4843-a650-c7faed6fc07c
2025-07-07 09:51:58,952 INFO  - Fetched company for recruiterId=3dc93452-07a2-4843-a650-c7faed6fc07c
2025-07-07 09:51:58,999 INFO  - Fetched company for recruiterId=3dc93452-07a2-4843-a650-c7faed6fc07c
2025-07-07 09:51:59,006 INFO  - Fetched company for recruiterId=3dc93452-07a2-4843-a650-c7faed6fc07c
2025-07-07 09:51:59,013 INFO  - Fetched company for recruiterId=3dc93452-07a2-4843-a650-c7faed6fc07c
2025-07-07 09:52:22,197 INFO  - Fetched company for recruiterId=3dc93452-07a2-4843-a650-c7faed6fc07c
2025-07-07 09:52:22,204 INFO  - Fetched company for recruiterId=3dc93452-07a2-4843-a650-c7faed6fc07c
2025-07-07 09:52:22,210 INFO  - Fetched company for recruiterId=3dc93452-07a2-4843-a650-c7faed6fc07c
2025-07-07 09:52:22,216 INFO  - Fetched company for recruiterId=3dc93452-07a2-4843-a650-c7faed6fc07c
2025-07-07 09:52:22,222 INFO  - Fetched company for recruiterId=3dc93452-07a2-4843-a650-c7faed6fc07c
2025-07-07 09:52:22,246 INFO  - Fetched company for recruiterId=3dc93452-07a2-4843-a650-c7faed6fc07c
2025-07-07 09:52:37,610 INFO  - Fetched company for recruiterId=3dc93452-07a2-4843-a650-c7faed6fc07c
2025-07-07 09:52:37,617 INFO  - Fetched company for recruiterId=3dc93452-07a2-4843-a650-c7faed6fc07c
2025-07-07 09:52:37,625 INFO  - Fetched company for recruiterId=3dc93452-07a2-4843-a650-c7faed6fc07c
2025-07-07 09:52:37,655 INFO  - Fetched company for recruiterId=3dc93452-07a2-4843-a650-c7faed6fc07c
2025-07-07 09:52:37,665 INFO  - Fetched company for recruiterId=3dc93452-07a2-4843-a650-c7faed6fc07c
2025-07-07 09:52:37,676 INFO  - Fetched company for recruiterId=3dc93452-07a2-4843-a650-c7faed6fc07c
2025-07-07 09:52:44,671 INFO  - Fetched company for recruiterId=3dc93452-07a2-4843-a650-c7faed6fc07c
2025-07-07 09:52:44,697 INFO  - Fetched company for recruiterId=3dc93452-07a2-4843-a650-c7faed6fc07c
2025-07-07 09:52:44,712 INFO  - Fetched company for recruiterId=3dc93452-07a2-4843-a650-c7faed6fc07c
2025-07-07 09:52:44,730 INFO  - Fetched company for recruiterId=3dc93452-07a2-4843-a650-c7faed6fc07c
2025-07-07 09:52:44,751 INFO  - Fetched company for recruiterId=3dc93452-07a2-4843-a650-c7faed6fc07c
2025-07-07 09:52:44,767 INFO  - Fetched company for recruiterId=3dc93452-07a2-4843-a650-c7faed6fc07c
2025-07-07 09:52:46,746 INFO  - Fetched all skills.
2025-07-07 09:52:48,627 INFO  - Updated job post: 6f026022-5fa5-4926-b22b-c901e46ec40e
2025-07-07 09:52:48,670 INFO  - Updated responsibilities for postId: 6f026022-5fa5-4926-b22b-c901e46ec40e
2025-07-07 09:52:48,714 INFO  - Updated requirements for postId: 6f026022-5fa5-4926-b22b-c901e46ec40e
2025-07-07 09:52:48,763 INFO  - Updated post skills for job post: 6f026022-5fa5-4926-b22b-c901e46ec40e
2025-07-07 09:52:49,858 INFO  - Fetched company for recruiterId=3dc93452-07a2-4843-a650-c7faed6fc07c
2025-07-07 09:52:49,864 INFO  - Fetched company for recruiterId=3dc93452-07a2-4843-a650-c7faed6fc07c
2025-07-07 09:52:49,869 INFO  - Fetched company for recruiterId=3dc93452-07a2-4843-a650-c7faed6fc07c
2025-07-07 09:52:49,875 INFO  - Fetched company for recruiterId=3dc93452-07a2-4843-a650-c7faed6fc07c
2025-07-07 09:52:49,898 INFO  - Fetched company for recruiterId=3dc93452-07a2-4843-a650-c7faed6fc07c
2025-07-07 09:52:49,904 INFO  - Fetched company for recruiterId=3dc93452-07a2-4843-a650-c7faed6fc07c
2025-07-07 09:53:03,452 INFO  - Fetched all skills.
2025-07-07 09:53:13,157 INFO  - Updated job post: 6f026022-5fa5-4926-b22b-c901e46ec40e
2025-07-07 09:53:13,173 INFO  - Updated responsibilities for postId: 6f026022-5fa5-4926-b22b-c901e46ec40e
2025-07-07 09:53:13,203 INFO  - Updated requirements for postId: 6f026022-5fa5-4926-b22b-c901e46ec40e
2025-07-07 09:53:13,221 INFO  - Updated post skills for job post: 6f026022-5fa5-4926-b22b-c901e46ec40e
2025-07-07 09:53:14,299 INFO  - Fetched company for recruiterId=3dc93452-07a2-4843-a650-c7faed6fc07c
2025-07-07 09:53:14,305 INFO  - Fetched company for recruiterId=3dc93452-07a2-4843-a650-c7faed6fc07c
2025-07-07 09:53:14,314 INFO  - Fetched company for recruiterId=3dc93452-07a2-4843-a650-c7faed6fc07c
2025-07-07 09:53:14,322 INFO  - Fetched company for recruiterId=3dc93452-07a2-4843-a650-c7faed6fc07c
2025-07-07 09:53:14,347 INFO  - Fetched company for recruiterId=3dc93452-07a2-4843-a650-c7faed6fc07c
2025-07-07 09:53:14,362 INFO  - Fetched company for recruiterId=3dc93452-07a2-4843-a650-c7faed6fc07c
2025-07-07 09:53:19,276 INFO  - Fetched company for recruiterId=3dc93452-07a2-4843-a650-c7faed6fc07c
2025-07-07 09:53:19,298 INFO  - Fetched company for recruiterId=3dc93452-07a2-4843-a650-c7faed6fc07c
2025-07-07 09:53:19,305 INFO  - Fetched company for recruiterId=3dc93452-07a2-4843-a650-c7faed6fc07c
2025-07-07 09:53:19,312 INFO  - Fetched company for recruiterId=3dc93452-07a2-4843-a650-c7faed6fc07c
2025-07-07 09:53:19,318 INFO  - Fetched company for recruiterId=3dc93452-07a2-4843-a650-c7faed6fc07c
2025-07-07 09:53:19,326 INFO  - Fetched company for recruiterId=3dc93452-07a2-4843-a650-c7faed6fc07c
2025-07-07 09:53:19,896 INFO  - Fetched all skills.
2025-07-07 09:53:20,648 INFO  - Fetched company for recruiterId=3dc93452-07a2-4843-a650-c7faed6fc07c
2025-07-07 09:53:20,653 INFO  - Fetched company for recruiterId=3dc93452-07a2-4843-a650-c7faed6fc07c
2025-07-07 09:53:20,660 INFO  - Fetched company for recruiterId=3dc93452-07a2-4843-a650-c7faed6fc07c
2025-07-07 09:53:20,667 INFO  - Fetched company for recruiterId=3dc93452-07a2-4843-a650-c7faed6fc07c
2025-07-07 09:53:20,673 INFO  - Fetched company for recruiterId=3dc93452-07a2-4843-a650-c7faed6fc07c
2025-07-07 09:53:20,699 INFO  - Fetched company for recruiterId=3dc93452-07a2-4843-a650-c7faed6fc07c
2025-07-07 09:56:11,041 INFO  - Fetched company for recruiterId=3dc93452-07a2-4843-a650-c7faed6fc07c
2025-07-07 09:56:11,064 INFO  - Fetched company for recruiterId=3dc93452-07a2-4843-a650-c7faed6fc07c
2025-07-07 09:56:11,072 INFO  - Fetched company for recruiterId=3dc93452-07a2-4843-a650-c7faed6fc07c
2025-07-07 09:56:11,077 INFO  - Fetched company for recruiterId=3dc93452-07a2-4843-a650-c7faed6fc07c
2025-07-07 09:56:11,083 INFO  - Fetched company for recruiterId=3dc93452-07a2-4843-a650-c7faed6fc07c
2025-07-07 09:56:11,090 INFO  - Fetched company for recruiterId=3dc93452-07a2-4843-a650-c7faed6fc07c
2025-07-07 09:56:33,191 INFO  - Fetched company for recruiterId=3dc93452-07a2-4843-a650-c7faed6fc07c
2025-07-07 09:56:33,214 INFO  - Fetched company for recruiterId=3dc93452-07a2-4843-a650-c7faed6fc07c
2025-07-07 09:56:33,223 INFO  - Fetched company for recruiterId=3dc93452-07a2-4843-a650-c7faed6fc07c
2025-07-07 09:56:33,234 INFO  - Fetched company for recruiterId=3dc93452-07a2-4843-a650-c7faed6fc07c
2025-07-07 09:56:33,295 INFO  - Fetched company for recruiterId=3dc93452-07a2-4843-a650-c7faed6fc07c
2025-07-07 09:56:33,314 INFO  - Fetched company for recruiterId=3dc93452-07a2-4843-a650-c7faed6fc07c
2025-07-07 09:56:41,165 INFO  - Fetched company for recruiterId=3dc93452-07a2-4843-a650-c7faed6fc07c
2025-07-07 09:56:41,172 INFO  - Fetched company for recruiterId=3dc93452-07a2-4843-a650-c7faed6fc07c
2025-07-07 09:56:41,178 INFO  - Fetched company for recruiterId=3dc93452-07a2-4843-a650-c7faed6fc07c
2025-07-07 09:56:41,185 INFO  - Fetched company for recruiterId=3dc93452-07a2-4843-a650-c7faed6fc07c
2025-07-07 09:56:41,192 INFO  - Fetched company for recruiterId=3dc93452-07a2-4843-a650-c7faed6fc07c
2025-07-07 09:56:41,214 INFO  - Fetched company for recruiterId=3dc93452-07a2-4843-a650-c7faed6fc07c
2025-07-07 09:56:44,128 INFO  - Fetched all skills.
2025-07-07 09:57:12,578 INFO  - Fetched company for recruiterId=3dc93452-07a2-4843-a650-c7faed6fc07c
2025-07-07 09:57:12,586 INFO  - Fetched company for recruiterId=3dc93452-07a2-4843-a650-c7faed6fc07c
2025-07-07 09:57:12,591 INFO  - Fetched company for recruiterId=3dc93452-07a2-4843-a650-c7faed6fc07c
2025-07-07 09:57:12,613 INFO  - Fetched company for recruiterId=3dc93452-07a2-4843-a650-c7faed6fc07c
2025-07-07 09:57:12,620 INFO  - Fetched company for recruiterId=3dc93452-07a2-4843-a650-c7faed6fc07c
2025-07-07 09:57:12,626 INFO  - Fetched company for recruiterId=3dc93452-07a2-4843-a650-c7faed6fc07c
2025-07-07 09:57:13,063 INFO  - Fetched all skills.
2025-07-07 10:01:56,351 INFO  - Fetched all skills.
2025-07-07 10:02:28,148 INFO  - Fetched all skills.
2025-07-07 10:02:32,569 INFO  - Fetched all skills.
2025-07-07 10:03:36,620 INFO  - Fetched all skills.
2025-07-07 10:03:54,771 INFO  - Fetched all skills.
2025-07-07 10:04:27,072 INFO  - Fetched all skills.
2025-07-07 10:04:32,096 INFO  - Fetched all skills.
2025-07-07 10:05:20,573 INFO  - Fetched all skills.
2025-07-07 10:08:47,131 INFO  - Fetched all skills.
2025-07-07 10:09:23,878 INFO  - Fetched all skills.
2025-07-07 10:09:39,278 INFO  - Fetched all skills.
2025-07-07 10:09:47,883 INFO  - Fetched company for recruiterId=3dc93452-07a2-4843-a650-c7faed6fc07c
2025-07-07 10:09:47,890 INFO  - Fetched company for recruiterId=3dc93452-07a2-4843-a650-c7faed6fc07c
2025-07-07 10:09:47,896 INFO  - Fetched company for recruiterId=3dc93452-07a2-4843-a650-c7faed6fc07c
2025-07-07 10:09:47,904 INFO  - Fetched company for recruiterId=3dc93452-07a2-4843-a650-c7faed6fc07c
2025-07-07 10:09:47,912 INFO  - Fetched company for recruiterId=3dc93452-07a2-4843-a650-c7faed6fc07c
2025-07-07 10:09:47,932 INFO  - Fetched company for recruiterId=3dc93452-07a2-4843-a650-c7faed6fc07c
2025-07-07 10:09:49,288 INFO  - Fetched all skills.
2025-07-07 10:09:50,980 INFO  - Updated job post: 6f026022-5fa5-4926-b22b-c901e46ec40e
2025-07-07 10:09:51,003 INFO  - Updated responsibilities for postId: 6f026022-5fa5-4926-b22b-c901e46ec40e
2025-07-07 10:09:51,036 INFO  - Updated requirements for postId: 6f026022-5fa5-4926-b22b-c901e46ec40e
2025-07-07 10:09:51,054 INFO  - Updated post skills for job post: 6f026022-5fa5-4926-b22b-c901e46ec40e
2025-07-07 10:09:52,109 INFO  - Fetched company for recruiterId=3dc93452-07a2-4843-a650-c7faed6fc07c
2025-07-07 10:09:52,130 INFO  - Fetched company for recruiterId=3dc93452-07a2-4843-a650-c7faed6fc07c
2025-07-07 10:09:52,140 INFO  - Fetched company for recruiterId=3dc93452-07a2-4843-a650-c7faed6fc07c
2025-07-07 10:09:52,146 INFO  - Fetched company for recruiterId=3dc93452-07a2-4843-a650-c7faed6fc07c
2025-07-07 10:09:52,152 INFO  - Fetched company for recruiterId=3dc93452-07a2-4843-a650-c7faed6fc07c
2025-07-07 10:09:52,160 INFO  - Fetched company for recruiterId=3dc93452-07a2-4843-a650-c7faed6fc07c
2025-07-07 10:09:56,956 INFO  - Fetched company for recruiterId=3dc93452-07a2-4843-a650-c7faed6fc07c
2025-07-07 10:09:58,108 INFO  - Fetched company for recruiterId=3dc93452-07a2-4843-a650-c7faed6fc07c
2025-07-07 10:09:58,131 INFO  - Fetched company for recruiterId=3dc93452-07a2-4843-a650-c7faed6fc07c
2025-07-07 10:09:58,138 INFO  - Fetched company for recruiterId=3dc93452-07a2-4843-a650-c7faed6fc07c
2025-07-07 10:09:58,146 INFO  - Fetched company for recruiterId=3dc93452-07a2-4843-a650-c7faed6fc07c
2025-07-07 10:09:58,153 INFO  - Fetched company for recruiterId=3dc93452-07a2-4843-a650-c7faed6fc07c
2025-07-07 10:09:58,161 INFO  - Fetched company for recruiterId=3dc93452-07a2-4843-a650-c7faed6fc07c
2025-07-07 10:09:58,653 INFO  - Fetched all skills.
2025-07-07 10:10:28,607 INFO  - Fetched company for recruiterId=3dc93452-07a2-4843-a650-c7faed6fc07c
2025-07-07 10:10:28,630 INFO  - Fetched company for recruiterId=3dc93452-07a2-4843-a650-c7faed6fc07c
2025-07-07 10:10:28,637 INFO  - Fetched company for recruiterId=3dc93452-07a2-4843-a650-c7faed6fc07c
2025-07-07 10:10:28,643 INFO  - Fetched company for recruiterId=3dc93452-07a2-4843-a650-c7faed6fc07c
2025-07-07 10:10:28,649 INFO  - Fetched company for recruiterId=3dc93452-07a2-4843-a650-c7faed6fc07c
2025-07-07 10:10:28,657 INFO  - Fetched company for recruiterId=3dc93452-07a2-4843-a650-c7faed6fc07c
2025-07-07 11:31:53,844 INFO  - Token refreshed for user: muthukaruppanaakash76@gmail.com
2025-07-07 11:32:18,973 INFO  - Fetched company for recruiterId=3dc93452-07a2-4843-a650-c7faed6fc07c
2025-07-07 11:32:26,783 INFO  - Fetched company for recruiterId=3dc93452-07a2-4843-a650-c7faed6fc07c
2025-07-07 11:32:26,791 INFO  - Fetched company for recruiterId=3dc93452-07a2-4843-a650-c7faed6fc07c
2025-07-07 11:32:26,802 INFO  - Fetched company for recruiterId=3dc93452-07a2-4843-a650-c7faed6fc07c
2025-07-07 11:32:26,812 INFO  - Fetched company for recruiterId=3dc93452-07a2-4843-a650-c7faed6fc07c
2025-07-07 11:32:26,825 INFO  - Fetched company for recruiterId=3dc93452-07a2-4843-a650-c7faed6fc07c
2025-07-07 11:32:26,837 INFO  - Fetched company for recruiterId=3dc93452-07a2-4843-a650-c7faed6fc07c
2025-07-07 11:32:27,768 INFO  - Fetched all skills.
2025-07-07 11:32:29,357 INFO  - Fetched all skills.
2025-07-07 11:32:50,432 INFO  - Fetched company for recruiterId=3dc93452-07a2-4843-a650-c7faed6fc07c
2025-07-07 11:32:50,437 INFO  - Fetched company for recruiterId=3dc93452-07a2-4843-a650-c7faed6fc07c
2025-07-07 11:32:50,445 INFO  - Fetched company for recruiterId=3dc93452-07a2-4843-a650-c7faed6fc07c
2025-07-07 11:32:50,454 INFO  - Fetched company for recruiterId=3dc93452-07a2-4843-a650-c7faed6fc07c
2025-07-07 11:32:50,460 INFO  - Fetched company for recruiterId=3dc93452-07a2-4843-a650-c7faed6fc07c
2025-07-07 11:32:50,467 INFO  - Fetched company for recruiterId=3dc93452-07a2-4843-a650-c7faed6fc07c
2025-07-07 11:33:10,024 INFO  - Fetched company for recruiterId=3dc93452-07a2-4843-a650-c7faed6fc07c
2025-07-07 11:33:10,031 INFO  - Fetched company for recruiterId=3dc93452-07a2-4843-a650-c7faed6fc07c
2025-07-07 11:33:10,037 INFO  - Fetched company for recruiterId=3dc93452-07a2-4843-a650-c7faed6fc07c
2025-07-07 11:33:10,048 INFO  - Fetched company for recruiterId=3dc93452-07a2-4843-a650-c7faed6fc07c
2025-07-07 11:33:10,057 INFO  - Fetched company for recruiterId=3dc93452-07a2-4843-a650-c7faed6fc07c
2025-07-07 11:33:10,065 INFO  - Fetched company for recruiterId=3dc93452-07a2-4843-a650-c7faed6fc07c
2025-07-07 11:33:15,563 INFO  - Resume downloaded: SeekerId = 2da039e7-95ef-483f-b6aa-d0732386f5c6, JobPostId = 4e6a8c17-fed2-4c37-a515-a19df84f1eb8
2025-07-07 11:33:16,747 INFO  - Job application status updated: ApplicationId = fe4920f7-07ad-4112-938f-b5314d8ff42f
2025-07-07 11:33:29,823 INFO  - Fetched company for recruiterId=3dc93452-07a2-4843-a650-c7faed6fc07c
2025-07-07 11:33:29,829 INFO  - Fetched company for recruiterId=3dc93452-07a2-4843-a650-c7faed6fc07c
2025-07-07 11:33:29,838 INFO  - Fetched company for recruiterId=3dc93452-07a2-4843-a650-c7faed6fc07c
2025-07-07 11:33:29,856 INFO  - Fetched company for recruiterId=3dc93452-07a2-4843-a650-c7faed6fc07c
2025-07-07 11:33:29,864 INFO  - Fetched company for recruiterId=3dc93452-07a2-4843-a650-c7faed6fc07c
2025-07-07 11:33:29,871 INFO  - Fetched company for recruiterId=3dc93452-07a2-4843-a650-c7faed6fc07c
2025-07-07 11:33:50,218 INFO  - Resume downloaded: SeekerId = 637f3638-b296-4f0d-bb3c-5a65a7f8baed, JobPostId = 4e6a8c17-fed2-4c37-a515-a19df84f1eb8
2025-07-07 13:49:32,468 INFO  - Token refreshed for user: muthukaruppanaakash76@gmail.com
2025-07-07 14:59:03,436 INFO  - Token refreshed for user: muthukaruppanaakash76@gmail.com
2025-07-07 15:04:55,950 INFO  - User logged out: muthukaruppanaakash76@gmail.com
2025-07-07 15:05:10,161 INFO  - User logged in: muthu@gmail.com
2025-07-07 15:05:13,693 INFO  - Fetched all company names.
2025-07-07 15:05:13,846 INFO  - Fetched company for recruiterId=585999a5-de05-4b90-bbe4-5cc916da48a2
2025-07-07 15:05:13,852 INFO  - Fetched company for recruiterId=585999a5-de05-4b90-bbe4-5cc916da48a2
2025-07-07 15:05:13,859 INFO  - Fetched company for recruiterId=585999a5-de05-4b90-bbe4-5cc916da48a2
2025-07-07 15:05:13,862 INFO  - Fetched company for recruiterId=3ef67fab-ab7c-4ea7-9c7f-5c44330545ff
2025-07-07 15:05:13,864 INFO  - Fetched company for recruiterId=52f3dcc7-e7bb-4419-b8a9-9cfb2a6f8b9e
2025-07-07 15:05:13,864 INFO  - Fetched company for recruiterId=3dc93452-07a2-4843-a650-c7faed6fc07c
2025-07-07 15:05:13,887 INFO  - Fetched company for recruiterId=585999a5-de05-4b90-bbe4-5cc916da48a2
2025-07-07 15:05:13,889 INFO  - Fetched company for recruiterId=3ef67fab-ab7c-4ea7-9c7f-5c44330545ff
2025-07-07 15:05:13,893 INFO  - Fetched company for recruiterId=3dc93452-07a2-4843-a650-c7faed6fc07c
2025-07-07 15:05:13,893 INFO  - Fetched company for recruiterId=52f3dcc7-e7bb-4419-b8a9-9cfb2a6f8b9e
2025-07-07 15:05:13,912 INFO  - Fetched company for recruiterId=585999a5-de05-4b90-bbe4-5cc916da48a2
2025-07-07 15:05:13,915 INFO  - Fetched company for recruiterId=3dc93452-07a2-4843-a650-c7faed6fc07c
2025-07-07 15:05:13,915 INFO  - Fetched company for recruiterId=52f3dcc7-e7bb-4419-b8a9-9cfb2a6f8b9e
2025-07-07 15:05:13,949 INFO  - Fetched company for recruiterId=52f3dcc7-e7bb-4419-b8a9-9cfb2a6f8b9e
2025-07-07 15:05:13,950 INFO  - Fetched company for recruiterId=3dc93452-07a2-4843-a650-c7faed6fc07c
2025-07-07 15:05:13,950 INFO  - Fetched company for recruiterId=585999a5-de05-4b90-bbe4-5cc916da48a2
2025-07-07 15:05:13,961 INFO  - Fetched company for recruiterId=585999a5-de05-4b90-bbe4-5cc916da48a2
2025-07-07 15:05:13,961 INFO  - Fetched company for recruiterId=52f3dcc7-e7bb-4419-b8a9-9cfb2a6f8b9e
2025-07-07 15:05:13,985 INFO  - Fetched company for recruiterId=3dc93452-07a2-4843-a650-c7faed6fc07c
2025-07-07 15:05:13,990 INFO  - Fetched company for recruiterId=52f3dcc7-e7bb-4419-b8a9-9cfb2a6f8b9e
2025-07-07 15:05:14,037 INFO  - Fetched company for recruiterId=3dc93452-07a2-4843-a650-c7faed6fc07c
2025-07-07 15:05:14,043 INFO  - Fetched company for recruiterId=52f3dcc7-e7bb-4419-b8a9-9cfb2a6f8b9e
2025-07-07 15:05:14,090 INFO  - Fetched company for recruiterId=52f3dcc7-e7bb-4419-b8a9-9cfb2a6f8b9e
2025-07-07 15:05:14,105 INFO  - Fetched company for recruiterId=52f3dcc7-e7bb-4419-b8a9-9cfb2a6f8b9e
2025-07-07 15:05:14,151 INFO  - Fetched company for recruiterId=52f3dcc7-e7bb-4419-b8a9-9cfb2a6f8b9e
2025-07-07 15:05:14,158 INFO  - Fetched company for recruiterId=52f3dcc7-e7bb-4419-b8a9-9cfb2a6f8b9e
2025-07-07 15:05:14,169 INFO  - Fetched company for recruiterId=52f3dcc7-e7bb-4419-b8a9-9cfb2a6f8b9e
2025-07-07 15:05:14,189 INFO  - Fetched company for recruiterId=52f3dcc7-e7bb-4419-b8a9-9cfb2a6f8b9e
2025-07-07 15:05:14,205 INFO  - Fetched company for recruiterId=52f3dcc7-e7bb-4419-b8a9-9cfb2a6f8b9e
2025-07-07 15:05:14,219 INFO  - Fetched company for recruiterId=52f3dcc7-e7bb-4419-b8a9-9cfb2a6f8b9e
2025-07-07 15:05:14,240 INFO  - Fetched company for recruiterId=52f3dcc7-e7bb-4419-b8a9-9cfb2a6f8b9e
2025-07-07 15:05:47,339 INFO  - Fetched all company names.
2025-07-07 15:05:47,447 INFO  - Fetched company for recruiterId=585999a5-de05-4b90-bbe4-5cc916da48a2
2025-07-07 15:05:47,448 INFO  - Fetched company for recruiterId=3ef67fab-ab7c-4ea7-9c7f-5c44330545ff
2025-07-07 15:05:47,452 INFO  - Fetched company for recruiterId=3dc93452-07a2-4843-a650-c7faed6fc07c
2025-07-07 15:05:47,460 INFO  - Fetched company for recruiterId=52f3dcc7-e7bb-4419-b8a9-9cfb2a6f8b9e
2025-07-07 15:05:47,461 INFO  - Fetched company for recruiterId=585999a5-de05-4b90-bbe4-5cc916da48a2
2025-07-07 15:05:47,462 INFO  - Fetched company for recruiterId=3ef67fab-ab7c-4ea7-9c7f-5c44330545ff
2025-07-07 15:05:47,465 INFO  - Fetched company for recruiterId=3dc93452-07a2-4843-a650-c7faed6fc07c
2025-07-07 15:05:47,489 INFO  - Fetched company for recruiterId=585999a5-de05-4b90-bbe4-5cc916da48a2
2025-07-07 15:05:47,492 INFO  - Fetched company for recruiterId=52f3dcc7-e7bb-4419-b8a9-9cfb2a6f8b9e
2025-07-07 15:05:47,494 INFO  - Fetched company for recruiterId=3dc93452-07a2-4843-a650-c7faed6fc07c
2025-07-07 15:05:47,507 INFO  - Fetched company for recruiterId=52f3dcc7-e7bb-4419-b8a9-9cfb2a6f8b9e
2025-07-07 15:05:47,507 INFO  - Fetched company for recruiterId=585999a5-de05-4b90-bbe4-5cc916da48a2
2025-07-07 15:05:47,508 INFO  - Fetched company for recruiterId=3dc93452-07a2-4843-a650-c7faed6fc07c
2025-07-07 15:05:47,536 INFO  - Fetched company for recruiterId=585999a5-de05-4b90-bbe4-5cc916da48a2
2025-07-07 15:05:47,537 INFO  - Fetched company for recruiterId=52f3dcc7-e7bb-4419-b8a9-9cfb2a6f8b9e
2025-07-07 15:05:47,537 INFO  - Fetched company for recruiterId=3dc93452-07a2-4843-a650-c7faed6fc07c
2025-07-07 15:05:47,549 INFO  - Fetched company for recruiterId=3dc93452-07a2-4843-a650-c7faed6fc07c
2025-07-07 15:05:47,549 INFO  - Fetched company for recruiterId=585999a5-de05-4b90-bbe4-5cc916da48a2
2025-07-07 15:05:47,556 INFO  - Fetched company for recruiterId=52f3dcc7-e7bb-4419-b8a9-9cfb2a6f8b9e
2025-07-07 15:05:47,568 INFO  - Fetched company for recruiterId=585999a5-de05-4b90-bbe4-5cc916da48a2
2025-07-07 15:05:47,610 INFO  - Fetched company for recruiterId=52f3dcc7-e7bb-4419-b8a9-9cfb2a6f8b9e
2025-07-07 15:05:47,640 INFO  - Fetched company for recruiterId=52f3dcc7-e7bb-4419-b8a9-9cfb2a6f8b9e
2025-07-07 15:05:47,650 INFO  - Fetched company for recruiterId=52f3dcc7-e7bb-4419-b8a9-9cfb2a6f8b9e
2025-07-07 15:05:47,662 INFO  - Fetched company for recruiterId=52f3dcc7-e7bb-4419-b8a9-9cfb2a6f8b9e
2025-07-07 15:05:47,691 INFO  - Fetched company for recruiterId=52f3dcc7-e7bb-4419-b8a9-9cfb2a6f8b9e
2025-07-07 15:05:47,701 INFO  - Fetched company for recruiterId=52f3dcc7-e7bb-4419-b8a9-9cfb2a6f8b9e
2025-07-07 15:05:47,709 INFO  - Fetched company for recruiterId=52f3dcc7-e7bb-4419-b8a9-9cfb2a6f8b9e
2025-07-07 15:05:47,738 INFO  - Fetched company for recruiterId=52f3dcc7-e7bb-4419-b8a9-9cfb2a6f8b9e
2025-07-07 15:05:47,750 INFO  - Fetched company for recruiterId=52f3dcc7-e7bb-4419-b8a9-9cfb2a6f8b9e
2025-07-07 15:05:47,760 INFO  - Fetched company for recruiterId=52f3dcc7-e7bb-4419-b8a9-9cfb2a6f8b9e
2025-07-07 15:05:47,769 INFO  - Fetched company for recruiterId=52f3dcc7-e7bb-4419-b8a9-9cfb2a6f8b9e
2025-07-07 15:07:56,146 INFO  - User logged out: muthu@gmail.com
2025-07-07 15:08:15,614 INFO  - User logged in: muthukaruppanaakash76@gmail.com
2025-07-07 15:08:22,212 INFO  - Fetched company for recruiterId=3dc93452-07a2-4843-a650-c7faed6fc07c
2025-07-07 15:08:22,221 INFO  - Fetched company for recruiterId=3dc93452-07a2-4843-a650-c7faed6fc07c
2025-07-07 15:08:22,242 INFO  - Fetched company for recruiterId=3dc93452-07a2-4843-a650-c7faed6fc07c
2025-07-07 15:08:22,249 INFO  - Fetched company for recruiterId=3dc93452-07a2-4843-a650-c7faed6fc07c
2025-07-07 15:08:22,258 INFO  - Fetched company for recruiterId=3dc93452-07a2-4843-a650-c7faed6fc07c
2025-07-07 15:08:22,267 INFO  - Fetched company for recruiterId=3dc93452-07a2-4843-a650-c7faed6fc07c
2025-07-07 15:09:57,952 INFO  - Fetched all skills.
2025-07-07 15:09:58,909 INFO  - Fetched company for recruiterId=3dc93452-07a2-4843-a650-c7faed6fc07c
2025-07-07 15:09:58,920 INFO  - Fetched company for recruiterId=3dc93452-07a2-4843-a650-c7faed6fc07c
2025-07-07 15:09:58,944 INFO  - Fetched company for recruiterId=3dc93452-07a2-4843-a650-c7faed6fc07c
2025-07-07 15:09:58,967 INFO  - Fetched company for recruiterId=3dc93452-07a2-4843-a650-c7faed6fc07c
2025-07-07 15:09:58,993 INFO  - Fetched company for recruiterId=3dc93452-07a2-4843-a650-c7faed6fc07c
2025-07-07 15:09:59,002 INFO  - Fetched company for recruiterId=3dc93452-07a2-4843-a650-c7faed6fc07c
2025-07-07 15:12:05,467 INFO  - Fetched company for recruiterId=3dc93452-07a2-4843-a650-c7faed6fc07c
2025-07-07 15:12:05,476 INFO  - Fetched company for recruiterId=3dc93452-07a2-4843-a650-c7faed6fc07c
2025-07-07 15:12:05,497 INFO  - Fetched company for recruiterId=3dc93452-07a2-4843-a650-c7faed6fc07c
2025-07-07 15:12:05,515 INFO  - Fetched company for recruiterId=3dc93452-07a2-4843-a650-c7faed6fc07c
2025-07-07 15:12:05,546 INFO  - Fetched company for recruiterId=3dc93452-07a2-4843-a650-c7faed6fc07c
2025-07-07 15:12:05,555 INFO  - Fetched company for recruiterId=3dc93452-07a2-4843-a650-c7faed6fc07c
2025-07-07 15:12:11,146 INFO  - Fetched company for recruiterId=3dc93452-07a2-4843-a650-c7faed6fc07c
2025-07-07 15:12:11,154 INFO  - Fetched company for recruiterId=3dc93452-07a2-4843-a650-c7faed6fc07c
2025-07-07 15:12:11,161 INFO  - Fetched company for recruiterId=3dc93452-07a2-4843-a650-c7faed6fc07c
2025-07-07 15:12:11,168 INFO  - Fetched company for recruiterId=3dc93452-07a2-4843-a650-c7faed6fc07c
2025-07-07 15:12:11,176 INFO  - Fetched company for recruiterId=3dc93452-07a2-4843-a650-c7faed6fc07c
2025-07-07 15:12:11,197 INFO  - Fetched company for recruiterId=3dc93452-07a2-4843-a650-c7faed6fc07c
2025-07-07 15:13:27,717 INFO  - Fetched company for recruiterId=3dc93452-07a2-4843-a650-c7faed6fc07c
2025-07-07 15:13:27,725 INFO  - Fetched company for recruiterId=3dc93452-07a2-4843-a650-c7faed6fc07c
2025-07-07 15:13:27,733 INFO  - Fetched company for recruiterId=3dc93452-07a2-4843-a650-c7faed6fc07c
2025-07-07 15:13:27,740 INFO  - Fetched company for recruiterId=3dc93452-07a2-4843-a650-c7faed6fc07c
2025-07-07 15:13:27,762 INFO  - Fetched company for recruiterId=3dc93452-07a2-4843-a650-c7faed6fc07c
2025-07-07 15:13:27,773 INFO  - Fetched company for recruiterId=3dc93452-07a2-4843-a650-c7faed6fc07c
2025-07-07 15:15:21,374 INFO  - Fetched all skills.
2025-07-07 15:16:25,549 INFO  - JobPost added by recruiter: 3dc93452-07a2-4843-a650-c7faed6fc07c, Job Title: Frontend Developer
2025-07-07 15:16:26,573 INFO  - Fetched all skills.
2025-07-07 15:16:29,532 INFO  - Fetched company for recruiterId=3dc93452-07a2-4843-a650-c7faed6fc07c
2025-07-07 15:16:29,543 INFO  - Fetched company for recruiterId=3dc93452-07a2-4843-a650-c7faed6fc07c
2025-07-07 15:16:29,567 INFO  - Fetched company for recruiterId=3dc93452-07a2-4843-a650-c7faed6fc07c
2025-07-07 15:16:29,574 INFO  - Fetched company for recruiterId=3dc93452-07a2-4843-a650-c7faed6fc07c
2025-07-07 15:16:29,587 INFO  - Fetched company for recruiterId=3dc93452-07a2-4843-a650-c7faed6fc07c
2025-07-07 15:16:29,597 INFO  - Fetched company for recruiterId=3dc93452-07a2-4843-a650-c7faed6fc07c
2025-07-07 15:16:29,617 INFO  - Fetched company for recruiterId=3dc93452-07a2-4843-a650-c7faed6fc07c
2025-07-07 15:16:33,215 INFO  - Fetched all skills.
2025-07-07 15:16:34,781 INFO  - Updated job post: 4f69f5aa-3a90-41a3-9322-71ddd6cb7967
2025-07-07 15:16:34,819 INFO  - Updated responsibilities for postId: 4f69f5aa-3a90-41a3-9322-71ddd6cb7967
2025-07-07 15:16:34,841 INFO  - Updated requirements for postId: 4f69f5aa-3a90-41a3-9322-71ddd6cb7967
2025-07-07 15:16:34,881 INFO  - Updated post skills for job post: 4f69f5aa-3a90-41a3-9322-71ddd6cb7967
2025-07-07 15:16:35,967 INFO  - Fetched company for recruiterId=3dc93452-07a2-4843-a650-c7faed6fc07c
2025-07-07 15:16:35,973 INFO  - Fetched company for recruiterId=3dc93452-07a2-4843-a650-c7faed6fc07c
2025-07-07 15:16:35,980 INFO  - Fetched company for recruiterId=3dc93452-07a2-4843-a650-c7faed6fc07c
2025-07-07 15:16:35,987 INFO  - Fetched company for recruiterId=3dc93452-07a2-4843-a650-c7faed6fc07c
2025-07-07 15:16:35,994 INFO  - Fetched company for recruiterId=3dc93452-07a2-4843-a650-c7faed6fc07c
2025-07-07 15:16:36,018 INFO  - Fetched company for recruiterId=3dc93452-07a2-4843-a650-c7faed6fc07c
2025-07-07 15:16:36,027 INFO  - Fetched company for recruiterId=3dc93452-07a2-4843-a650-c7faed6fc07c
2025-07-07 15:29:57,683 INFO  - Fetched company for recruiterId=3dc93452-07a2-4843-a650-c7faed6fc07c
2025-07-07 15:29:57,704 INFO  - Fetched company for recruiterId=3dc93452-07a2-4843-a650-c7faed6fc07c
2025-07-07 15:29:57,713 INFO  - Fetched company for recruiterId=3dc93452-07a2-4843-a650-c7faed6fc07c
2025-07-07 15:29:57,720 INFO  - Fetched company for recruiterId=3dc93452-07a2-4843-a650-c7faed6fc07c
2025-07-07 15:29:57,729 INFO  - Fetched company for recruiterId=3dc93452-07a2-4843-a650-c7faed6fc07c
2025-07-07 15:29:57,737 INFO  - Fetched company for recruiterId=3dc93452-07a2-4843-a650-c7faed6fc07c
2025-07-07 15:29:57,746 INFO  - Fetched company for recruiterId=3dc93452-07a2-4843-a650-c7faed6fc07c
2025-07-07 15:41:45,515 INFO  - Token refreshed for user: muthukaruppanaakash76@gmail.com
2025-07-07 15:41:45,571 INFO  - Fetched all skills.
2025-07-07 15:43:37,224 INFO  - Fetched company for recruiterId=3dc93452-07a2-4843-a650-c7faed6fc07c
2025-07-07 15:43:37,241 INFO  - Fetched company for recruiterId=3dc93452-07a2-4843-a650-c7faed6fc07c
2025-07-07 15:43:37,258 INFO  - Fetched company for recruiterId=3dc93452-07a2-4843-a650-c7faed6fc07c
2025-07-07 15:43:37,283 INFO  - Fetched company for recruiterId=3dc93452-07a2-4843-a650-c7faed6fc07c
2025-07-07 15:43:37,305 INFO  - Fetched company for recruiterId=3dc93452-07a2-4843-a650-c7faed6fc07c
2025-07-07 15:43:37,349 INFO  - Fetched company for recruiterId=3dc93452-07a2-4843-a650-c7faed6fc07c
2025-07-07 15:43:37,385 INFO  - Fetched company for recruiterId=3dc93452-07a2-4843-a650-c7faed6fc07c
2025-07-07 15:43:37,693 INFO  - Fetched all skills.
2025-07-07 15:43:43,340 INFO  - Fetched all skills.
2025-07-07 15:44:45,418 INFO  - JobPost added by recruiter: 3dc93452-07a2-4843-a650-c7faed6fc07c, Job Title: Backend Developer
2025-07-07 15:44:46,437 INFO  - Fetched all skills.
2025-07-07 15:45:00,129 INFO  - Fetched company for recruiterId=3dc93452-07a2-4843-a650-c7faed6fc07c
2025-07-07 15:45:00,137 INFO  - Fetched company for recruiterId=3dc93452-07a2-4843-a650-c7faed6fc07c
2025-07-07 15:45:00,146 INFO  - Fetched company for recruiterId=3dc93452-07a2-4843-a650-c7faed6fc07c
2025-07-07 15:45:00,158 INFO  - Fetched company for recruiterId=3dc93452-07a2-4843-a650-c7faed6fc07c
2025-07-07 15:45:00,169 INFO  - Fetched company for recruiterId=3dc93452-07a2-4843-a650-c7faed6fc07c
2025-07-07 15:45:00,183 INFO  - Fetched company for recruiterId=3dc93452-07a2-4843-a650-c7faed6fc07c
2025-07-07 15:45:00,196 INFO  - Fetched company for recruiterId=3dc93452-07a2-4843-a650-c7faed6fc07c
2025-07-07 15:45:00,204 INFO  - Fetched company for recruiterId=3dc93452-07a2-4843-a650-c7faed6fc07c
2025-07-07 15:45:01,818 INFO  - Fetched all skills.
2025-07-07 15:45:04,735 INFO  - Updated job post: c0b17400-9830-46bc-b20d-8ecd2801d033
2025-07-07 15:45:04,784 INFO  - Updated responsibilities for postId: c0b17400-9830-46bc-b20d-8ecd2801d033
2025-07-07 15:45:04,813 INFO  - Updated requirements for postId: c0b17400-9830-46bc-b20d-8ecd2801d033
2025-07-07 15:45:04,845 INFO  - Updated post skills for job post: c0b17400-9830-46bc-b20d-8ecd2801d033
2025-07-07 15:45:05,891 INFO  - Fetched company for recruiterId=3dc93452-07a2-4843-a650-c7faed6fc07c
2025-07-07 15:45:05,898 INFO  - Fetched company for recruiterId=3dc93452-07a2-4843-a650-c7faed6fc07c
2025-07-07 15:45:05,905 INFO  - Fetched company for recruiterId=3dc93452-07a2-4843-a650-c7faed6fc07c
2025-07-07 15:45:05,913 INFO  - Fetched company for recruiterId=3dc93452-07a2-4843-a650-c7faed6fc07c
2025-07-07 15:45:05,920 INFO  - Fetched company for recruiterId=3dc93452-07a2-4843-a650-c7faed6fc07c
2025-07-07 15:45:05,927 INFO  - Fetched company for recruiterId=3dc93452-07a2-4843-a650-c7faed6fc07c
2025-07-07 15:45:05,936 INFO  - Fetched company for recruiterId=3dc93452-07a2-4843-a650-c7faed6fc07c
2025-07-07 15:45:05,956 INFO  - Fetched company for recruiterId=3dc93452-07a2-4843-a650-c7faed6fc07c
2025-07-07 15:45:45,728 INFO  - User logged out: muthukaruppanaakash76@gmail.com
2025-07-07 15:46:03,430 INFO  - User logged in: muthu@gmail.com
2025-07-07 15:46:06,192 INFO  - Fetched all company names.
2025-07-07 15:46:06,285 INFO  - Fetched company for recruiterId=3dc93452-07a2-4843-a650-c7faed6fc07c
2025-07-07 15:46:06,296 INFO  - Fetched company for recruiterId=3dc93452-07a2-4843-a650-c7faed6fc07c
2025-07-07 15:46:06,304 INFO  - Fetched company for recruiterId=3ef67fab-ab7c-4ea7-9c7f-5c44330545ff
2025-07-07 15:46:06,304 INFO  - Fetched company for recruiterId=52f3dcc7-e7bb-4419-b8a9-9cfb2a6f8b9e
2025-07-07 15:46:06,304 INFO  - Fetched company for recruiterId=585999a5-de05-4b90-bbe4-5cc916da48a2
2025-07-07 15:46:06,305 INFO  - Fetched company for recruiterId=3dc93452-07a2-4843-a650-c7faed6fc07c
2025-07-07 15:46:06,319 INFO  - Fetched company for recruiterId=52f3dcc7-e7bb-4419-b8a9-9cfb2a6f8b9e
2025-07-07 15:46:06,319 INFO  - Fetched company for recruiterId=585999a5-de05-4b90-bbe4-5cc916da48a2
2025-07-07 15:46:06,319 INFO  - Fetched company for recruiterId=3ef67fab-ab7c-4ea7-9c7f-5c44330545ff
2025-07-07 15:46:06,320 INFO  - Fetched company for recruiterId=3dc93452-07a2-4843-a650-c7faed6fc07c
2025-07-07 15:46:06,333 INFO  - Fetched company for recruiterId=585999a5-de05-4b90-bbe4-5cc916da48a2
2025-07-07 15:46:06,333 INFO  - Fetched company for recruiterId=3dc93452-07a2-4843-a650-c7faed6fc07c
2025-07-07 15:46:06,335 INFO  - Fetched company for recruiterId=52f3dcc7-e7bb-4419-b8a9-9cfb2a6f8b9e
2025-07-07 15:46:06,357 INFO  - Fetched company for recruiterId=585999a5-de05-4b90-bbe4-5cc916da48a2
2025-07-07 15:46:06,371 INFO  - Fetched company for recruiterId=3dc93452-07a2-4843-a650-c7faed6fc07c
2025-07-07 15:46:06,372 INFO  - Fetched company for recruiterId=52f3dcc7-e7bb-4419-b8a9-9cfb2a6f8b9e
2025-07-07 15:46:06,384 INFO  - Fetched company for recruiterId=585999a5-de05-4b90-bbe4-5cc916da48a2
2025-07-07 15:46:06,392 INFO  - Fetched company for recruiterId=3dc93452-07a2-4843-a650-c7faed6fc07c
2025-07-07 15:46:06,392 INFO  - Fetched company for recruiterId=52f3dcc7-e7bb-4419-b8a9-9cfb2a6f8b9e
2025-07-07 15:46:06,409 INFO  - Fetched company for recruiterId=585999a5-de05-4b90-bbe4-5cc916da48a2
2025-07-07 15:46:06,424 INFO  - Fetched company for recruiterId=3dc93452-07a2-4843-a650-c7faed6fc07c
2025-07-07 15:46:06,433 INFO  - Fetched company for recruiterId=585999a5-de05-4b90-bbe4-5cc916da48a2
2025-07-07 15:46:06,435 INFO  - Fetched company for recruiterId=52f3dcc7-e7bb-4419-b8a9-9cfb2a6f8b9e
2025-07-07 15:46:06,452 INFO  - Fetched company for recruiterId=52f3dcc7-e7bb-4419-b8a9-9cfb2a6f8b9e
2025-07-07 15:46:06,462 INFO  - Fetched company for recruiterId=52f3dcc7-e7bb-4419-b8a9-9cfb2a6f8b9e
2025-07-07 15:46:06,477 INFO  - Fetched company for recruiterId=52f3dcc7-e7bb-4419-b8a9-9cfb2a6f8b9e
2025-07-07 15:46:06,489 INFO  - Fetched company for recruiterId=52f3dcc7-e7bb-4419-b8a9-9cfb2a6f8b9e
2025-07-07 15:46:06,505 INFO  - Fetched company for recruiterId=52f3dcc7-e7bb-4419-b8a9-9cfb2a6f8b9e
2025-07-07 15:46:06,549 INFO  - Fetched company for recruiterId=52f3dcc7-e7bb-4419-b8a9-9cfb2a6f8b9e
2025-07-07 15:46:06,589 INFO  - Fetched company for recruiterId=52f3dcc7-e7bb-4419-b8a9-9cfb2a6f8b9e
2025-07-07 15:46:06,604 INFO  - Fetched company for recruiterId=52f3dcc7-e7bb-4419-b8a9-9cfb2a6f8b9e
2025-07-07 15:46:06,632 INFO  - Fetched company for recruiterId=52f3dcc7-e7bb-4419-b8a9-9cfb2a6f8b9e
2025-07-07 15:46:06,643 INFO  - Fetched company for recruiterId=52f3dcc7-e7bb-4419-b8a9-9cfb2a6f8b9e
2025-07-07 15:47:42,312 INFO  - User logged in: muthukaruppanaakash76@gmail.com
2025-07-07 15:47:45,620 INFO  - Fetched company for recruiterId=3dc93452-07a2-4843-a650-c7faed6fc07c
2025-07-07 15:47:45,636 INFO  - Fetched company for recruiterId=3dc93452-07a2-4843-a650-c7faed6fc07c
2025-07-07 15:47:45,646 INFO  - Fetched company for recruiterId=3dc93452-07a2-4843-a650-c7faed6fc07c
2025-07-07 15:47:45,656 INFO  - Fetched company for recruiterId=3dc93452-07a2-4843-a650-c7faed6fc07c
2025-07-07 15:47:45,668 INFO  - Fetched company for recruiterId=3dc93452-07a2-4843-a650-c7faed6fc07c
2025-07-07 15:47:45,681 INFO  - Fetched company for recruiterId=3dc93452-07a2-4843-a650-c7faed6fc07c
2025-07-07 15:47:45,694 INFO  - Fetched company for recruiterId=3dc93452-07a2-4843-a650-c7faed6fc07c
2025-07-07 15:47:45,732 INFO  - Fetched company for recruiterId=3dc93452-07a2-4843-a650-c7faed6fc07c
2025-07-07 15:47:46,809 INFO  - Fetched all skills.
2025-07-07 15:48:37,652 INFO  - JobPost added by recruiter: 3dc93452-07a2-4843-a650-c7faed6fc07c, Job Title: Frontend developer
2025-07-07 15:48:37,807 INFO  - Fetched company for recruiterId=3dc93452-07a2-4843-a650-c7faed6fc07c
2025-07-07 15:48:37,834 INFO  - Fetched company for recruiterId=3dc93452-07a2-4843-a650-c7faed6fc07c
2025-07-07 15:48:38,668 INFO  - Fetched all skills.
2025-07-07 15:48:46,937 INFO  - Fetched all company names.
2025-07-07 15:48:47,027 INFO  - Fetched company for recruiterId=585999a5-de05-4b90-bbe4-5cc916da48a2
2025-07-07 15:48:47,028 INFO  - Fetched company for recruiterId=3dc93452-07a2-4843-a650-c7faed6fc07c
2025-07-07 15:48:47,038 INFO  - Fetched company for recruiterId=585999a5-de05-4b90-bbe4-5cc916da48a2
2025-07-07 15:48:47,038 INFO  - Fetched company for recruiterId=3dc93452-07a2-4843-a650-c7faed6fc07c
2025-07-07 15:48:47,044 INFO  - Fetched company for recruiterId=3ef67fab-ab7c-4ea7-9c7f-5c44330545ff
2025-07-07 15:48:47,050 INFO  - Fetched company for recruiterId=52f3dcc7-e7bb-4419-b8a9-9cfb2a6f8b9e
2025-07-07 15:48:47,053 INFO  - Fetched company for recruiterId=585999a5-de05-4b90-bbe4-5cc916da48a2
2025-07-07 15:48:47,054 INFO  - Fetched company for recruiterId=3dc93452-07a2-4843-a650-c7faed6fc07c
2025-07-07 15:48:47,071 INFO  - Fetched company for recruiterId=52f3dcc7-e7bb-4419-b8a9-9cfb2a6f8b9e
2025-07-07 15:48:47,072 INFO  - Fetched company for recruiterId=585999a5-de05-4b90-bbe4-5cc916da48a2
2025-07-07 15:48:47,073 INFO  - Fetched company for recruiterId=3dc93452-07a2-4843-a650-c7faed6fc07c
2025-07-07 15:48:47,084 INFO  - Fetched company for recruiterId=3ef67fab-ab7c-4ea7-9c7f-5c44330545ff
2025-07-07 15:48:47,086 INFO  - Fetched company for recruiterId=585999a5-de05-4b90-bbe4-5cc916da48a2
2025-07-07 15:48:47,087 INFO  - Fetched company for recruiterId=52f3dcc7-e7bb-4419-b8a9-9cfb2a6f8b9e
2025-07-07 15:48:47,090 INFO  - Fetched company for recruiterId=3dc93452-07a2-4843-a650-c7faed6fc07c
2025-07-07 15:48:47,105 INFO  - Fetched company for recruiterId=52f3dcc7-e7bb-4419-b8a9-9cfb2a6f8b9e
2025-07-07 15:48:47,107 INFO  - Fetched company for recruiterId=585999a5-de05-4b90-bbe4-5cc916da48a2
2025-07-07 15:48:47,107 INFO  - Fetched company for recruiterId=3dc93452-07a2-4843-a650-c7faed6fc07c
2025-07-07 15:48:47,122 INFO  - Fetched company for recruiterId=52f3dcc7-e7bb-4419-b8a9-9cfb2a6f8b9e
2025-07-07 15:48:47,122 INFO  - Fetched company for recruiterId=3dc93452-07a2-4843-a650-c7faed6fc07c
2025-07-07 15:48:47,123 INFO  - Fetched company for recruiterId=585999a5-de05-4b90-bbe4-5cc916da48a2
2025-07-07 15:48:47,135 INFO  - Fetched company for recruiterId=52f3dcc7-e7bb-4419-b8a9-9cfb2a6f8b9e
2025-07-07 15:48:47,136 INFO  - Fetched company for recruiterId=3dc93452-07a2-4843-a650-c7faed6fc07c
2025-07-07 15:48:47,147 INFO  - Fetched company for recruiterId=52f3dcc7-e7bb-4419-b8a9-9cfb2a6f8b9e
2025-07-07 15:48:47,148 INFO  - Fetched company for recruiterId=3dc93452-07a2-4843-a650-c7faed6fc07c
2025-07-07 15:48:47,157 INFO  - Fetched company for recruiterId=52f3dcc7-e7bb-4419-b8a9-9cfb2a6f8b9e
2025-07-07 15:48:47,165 INFO  - Fetched company for recruiterId=52f3dcc7-e7bb-4419-b8a9-9cfb2a6f8b9e
2025-07-07 15:48:47,176 INFO  - Fetched company for recruiterId=52f3dcc7-e7bb-4419-b8a9-9cfb2a6f8b9e
2025-07-07 15:48:47,190 INFO  - Fetched company for recruiterId=52f3dcc7-e7bb-4419-b8a9-9cfb2a6f8b9e
2025-07-07 15:48:47,199 INFO  - Fetched company for recruiterId=52f3dcc7-e7bb-4419-b8a9-9cfb2a6f8b9e
2025-07-07 15:48:47,210 INFO  - Fetched company for recruiterId=52f3dcc7-e7bb-4419-b8a9-9cfb2a6f8b9e
2025-07-07 15:48:47,222 INFO  - Fetched company for recruiterId=52f3dcc7-e7bb-4419-b8a9-9cfb2a6f8b9e
2025-07-07 15:48:47,233 INFO  - Fetched company for recruiterId=52f3dcc7-e7bb-4419-b8a9-9cfb2a6f8b9e
2025-07-07 15:48:47,267 INFO  - Fetched company for recruiterId=52f3dcc7-e7bb-4419-b8a9-9cfb2a6f8b9e
2025-07-07 15:48:47,587 INFO  - Fetched company for recruiterId=3dc93452-07a2-4843-a650-c7faed6fc07c
2025-07-07 15:48:53,662 INFO  - Fetched company for recruiterId=3dc93452-07a2-4843-a650-c7faed6fc07c
2025-07-07 15:51:14,762 INFO  - Fetched all company names.
2025-07-07 15:51:14,830 INFO  - Fetched company for recruiterId=3dc93452-07a2-4843-a650-c7faed6fc07c
2025-07-07 15:51:14,852 INFO  - Fetched company for recruiterId=3ef67fab-ab7c-4ea7-9c7f-5c44330545ff
2025-07-07 15:51:14,852 INFO  - Fetched company for recruiterId=585999a5-de05-4b90-bbe4-5cc916da48a2
2025-07-07 15:51:14,858 INFO  - Fetched company for recruiterId=3dc93452-07a2-4843-a650-c7faed6fc07c
2025-07-07 15:51:14,858 INFO  - Fetched company for recruiterId=52f3dcc7-e7bb-4419-b8a9-9cfb2a6f8b9e
2025-07-07 15:51:14,864 INFO  - Fetched company for recruiterId=3ef67fab-ab7c-4ea7-9c7f-5c44330545ff
2025-07-07 15:51:14,864 INFO  - Fetched company for recruiterId=585999a5-de05-4b90-bbe4-5cc916da48a2
2025-07-07 15:51:14,870 INFO  - Fetched company for recruiterId=3dc93452-07a2-4843-a650-c7faed6fc07c
2025-07-07 15:51:14,870 INFO  - Fetched company for recruiterId=52f3dcc7-e7bb-4419-b8a9-9cfb2a6f8b9e
2025-07-07 15:51:14,879 INFO  - Fetched company for recruiterId=585999a5-de05-4b90-bbe4-5cc916da48a2
2025-07-07 15:51:14,888 INFO  - Fetched company for recruiterId=3dc93452-07a2-4843-a650-c7faed6fc07c
2025-07-07 15:51:14,902 INFO  - Fetched company for recruiterId=52f3dcc7-e7bb-4419-b8a9-9cfb2a6f8b9e
2025-07-07 15:51:14,906 INFO  - Fetched company for recruiterId=585999a5-de05-4b90-bbe4-5cc916da48a2
2025-07-07 15:51:14,906 INFO  - Fetched company for recruiterId=3dc93452-07a2-4843-a650-c7faed6fc07c
2025-07-07 15:51:14,918 INFO  - Fetched company for recruiterId=52f3dcc7-e7bb-4419-b8a9-9cfb2a6f8b9e
2025-07-07 15:51:14,923 INFO  - Fetched company for recruiterId=585999a5-de05-4b90-bbe4-5cc916da48a2
2025-07-07 15:51:14,924 INFO  - Fetched company for recruiterId=3dc93452-07a2-4843-a650-c7faed6fc07c
2025-07-07 15:51:14,953 INFO  - Fetched company for recruiterId=52f3dcc7-e7bb-4419-b8a9-9cfb2a6f8b9e
2025-07-07 15:51:14,957 INFO  - Fetched company for recruiterId=585999a5-de05-4b90-bbe4-5cc916da48a2
2025-07-07 15:51:14,957 INFO  - Fetched company for recruiterId=3dc93452-07a2-4843-a650-c7faed6fc07c
2025-07-07 15:51:14,982 INFO  - Fetched company for recruiterId=585999a5-de05-4b90-bbe4-5cc916da48a2
2025-07-07 15:51:14,982 INFO  - Fetched company for recruiterId=52f3dcc7-e7bb-4419-b8a9-9cfb2a6f8b9e
2025-07-07 15:51:14,982 INFO  - Fetched company for recruiterId=3dc93452-07a2-4843-a650-c7faed6fc07c
2025-07-07 15:51:15,006 INFO  - Fetched company for recruiterId=52f3dcc7-e7bb-4419-b8a9-9cfb2a6f8b9e
2025-07-07 15:51:15,006 INFO  - Fetched company for recruiterId=3dc93452-07a2-4843-a650-c7faed6fc07c
2025-07-07 15:51:15,017 INFO  - Fetched company for recruiterId=52f3dcc7-e7bb-4419-b8a9-9cfb2a6f8b9e
2025-07-07 15:51:15,053 INFO  - Fetched company for recruiterId=52f3dcc7-e7bb-4419-b8a9-9cfb2a6f8b9e
2025-07-07 15:51:15,064 INFO  - Fetched company for recruiterId=52f3dcc7-e7bb-4419-b8a9-9cfb2a6f8b9e
2025-07-07 15:51:15,078 INFO  - Fetched company for recruiterId=52f3dcc7-e7bb-4419-b8a9-9cfb2a6f8b9e
2025-07-07 15:51:15,106 INFO  - Fetched company for recruiterId=52f3dcc7-e7bb-4419-b8a9-9cfb2a6f8b9e
2025-07-07 15:51:15,115 INFO  - Fetched company for recruiterId=52f3dcc7-e7bb-4419-b8a9-9cfb2a6f8b9e
2025-07-07 15:51:15,127 INFO  - Fetched company for recruiterId=52f3dcc7-e7bb-4419-b8a9-9cfb2a6f8b9e
2025-07-07 15:51:15,158 INFO  - Fetched company for recruiterId=52f3dcc7-e7bb-4419-b8a9-9cfb2a6f8b9e
2025-07-07 15:51:15,168 INFO  - Fetched company for recruiterId=52f3dcc7-e7bb-4419-b8a9-9cfb2a6f8b9e
2025-07-07 15:51:15,275 INFO  - Fetched company for recruiterId=3dc93452-07a2-4843-a650-c7faed6fc07c
2025-07-07 15:51:15,855 INFO  - Fetched all company names.
2025-07-07 15:51:15,953 INFO  - Fetched company for recruiterId=3dc93452-07a2-4843-a650-c7faed6fc07c
2025-07-07 15:51:15,955 INFO  - Fetched company for recruiterId=585999a5-de05-4b90-bbe4-5cc916da48a2
2025-07-07 15:51:15,955 INFO  - Fetched company for recruiterId=3ef67fab-ab7c-4ea7-9c7f-5c44330545ff
2025-07-07 15:51:15,956 INFO  - Fetched company for recruiterId=52f3dcc7-e7bb-4419-b8a9-9cfb2a6f8b9e
2025-07-07 15:51:15,961 INFO  - Fetched company for recruiterId=3dc93452-07a2-4843-a650-c7faed6fc07c
2025-07-07 15:51:15,963 INFO  - Fetched company for recruiterId=585999a5-de05-4b90-bbe4-5cc916da48a2
2025-07-07 15:51:15,963 INFO  - Fetched company for recruiterId=3ef67fab-ab7c-4ea7-9c7f-5c44330545ff
2025-07-07 15:51:15,965 INFO  - Fetched company for recruiterId=52f3dcc7-e7bb-4419-b8a9-9cfb2a6f8b9e
2025-07-07 15:51:15,969 INFO  - Fetched company for recruiterId=3dc93452-07a2-4843-a650-c7faed6fc07c
2025-07-07 15:51:15,972 INFO  - Fetched company for recruiterId=585999a5-de05-4b90-bbe4-5cc916da48a2
2025-07-07 15:51:15,974 INFO  - Fetched company for recruiterId=52f3dcc7-e7bb-4419-b8a9-9cfb2a6f8b9e
2025-07-07 15:51:15,978 INFO  - Fetched company for recruiterId=3dc93452-07a2-4843-a650-c7faed6fc07c
2025-07-07 15:51:15,983 INFO  - Fetched company for recruiterId=585999a5-de05-4b90-bbe4-5cc916da48a2
2025-07-07 15:51:15,983 INFO  - Fetched company for recruiterId=52f3dcc7-e7bb-4419-b8a9-9cfb2a6f8b9e
2025-07-07 15:51:16,002 INFO  - Fetched company for recruiterId=3dc93452-07a2-4843-a650-c7faed6fc07c
2025-07-07 15:51:16,005 INFO  - Fetched company for recruiterId=585999a5-de05-4b90-bbe4-5cc916da48a2
2025-07-07 15:51:16,005 INFO  - Fetched company for recruiterId=52f3dcc7-e7bb-4419-b8a9-9cfb2a6f8b9e
2025-07-07 15:51:16,014 INFO  - Fetched company for recruiterId=3dc93452-07a2-4843-a650-c7faed6fc07c
2025-07-07 15:51:16,015 INFO  - Fetched company for recruiterId=52f3dcc7-e7bb-4419-b8a9-9cfb2a6f8b9e
2025-07-07 15:51:16,016 INFO  - Fetched company for recruiterId=585999a5-de05-4b90-bbe4-5cc916da48a2
2025-07-07 15:51:16,027 INFO  - Fetched company for recruiterId=3dc93452-07a2-4843-a650-c7faed6fc07c
2025-07-07 15:51:16,027 INFO  - Fetched company for recruiterId=585999a5-de05-4b90-bbe4-5cc916da48a2
2025-07-07 15:51:16,027 INFO  - Fetched company for recruiterId=52f3dcc7-e7bb-4419-b8a9-9cfb2a6f8b9e
2025-07-07 15:51:16,055 INFO  - Fetched company for recruiterId=3dc93452-07a2-4843-a650-c7faed6fc07c
2025-07-07 15:51:16,055 INFO  - Fetched company for recruiterId=52f3dcc7-e7bb-4419-b8a9-9cfb2a6f8b9e
2025-07-07 15:51:16,066 INFO  - Fetched company for recruiterId=52f3dcc7-e7bb-4419-b8a9-9cfb2a6f8b9e
2025-07-07 15:51:16,066 INFO  - Fetched company for recruiterId=3dc93452-07a2-4843-a650-c7faed6fc07c
2025-07-07 15:51:16,076 INFO  - Fetched company for recruiterId=52f3dcc7-e7bb-4419-b8a9-9cfb2a6f8b9e
2025-07-07 15:51:16,102 INFO  - Fetched company for recruiterId=52f3dcc7-e7bb-4419-b8a9-9cfb2a6f8b9e
2025-07-07 15:51:16,111 INFO  - Fetched company for recruiterId=52f3dcc7-e7bb-4419-b8a9-9cfb2a6f8b9e
2025-07-07 15:51:16,118 INFO  - Fetched company for recruiterId=52f3dcc7-e7bb-4419-b8a9-9cfb2a6f8b9e
2025-07-07 15:51:16,130 INFO  - Fetched company for recruiterId=52f3dcc7-e7bb-4419-b8a9-9cfb2a6f8b9e
2025-07-07 15:51:16,154 INFO  - Fetched company for recruiterId=52f3dcc7-e7bb-4419-b8a9-9cfb2a6f8b9e
2025-07-07 15:51:16,162 INFO  - Fetched company for recruiterId=52f3dcc7-e7bb-4419-b8a9-9cfb2a6f8b9e
2025-07-07 15:51:16,655 INFO  - Fetched company for recruiterId=3dc93452-07a2-4843-a650-c7faed6fc07c
2025-07-07 15:51:17,403 INFO  - Fetched all company names.
2025-07-07 15:51:17,475 INFO  - Fetched company for recruiterId=585999a5-de05-4b90-bbe4-5cc916da48a2
2025-07-07 15:51:17,475 INFO  - Fetched company for recruiterId=3ef67fab-ab7c-4ea7-9c7f-5c44330545ff
2025-07-07 15:51:17,476 INFO  - Fetched company for recruiterId=3dc93452-07a2-4843-a650-c7faed6fc07c
2025-07-07 15:51:17,476 INFO  - Fetched company for recruiterId=52f3dcc7-e7bb-4419-b8a9-9cfb2a6f8b9e
2025-07-07 15:51:17,502 INFO  - Fetched company for recruiterId=3ef67fab-ab7c-4ea7-9c7f-5c44330545ff
2025-07-07 15:51:17,502 INFO  - Fetched company for recruiterId=3dc93452-07a2-4843-a650-c7faed6fc07c
2025-07-07 15:51:17,502 INFO  - Fetched company for recruiterId=585999a5-de05-4b90-bbe4-5cc916da48a2
2025-07-07 15:51:17,502 INFO  - Fetched company for recruiterId=52f3dcc7-e7bb-4419-b8a9-9cfb2a6f8b9e
2025-07-07 15:51:17,552 INFO  - Fetched company for recruiterId=52f3dcc7-e7bb-4419-b8a9-9cfb2a6f8b9e
2025-07-07 15:51:17,552 INFO  - Fetched company for recruiterId=3dc93452-07a2-4843-a650-c7faed6fc07c
2025-07-07 15:51:17,553 INFO  - Fetched company for recruiterId=585999a5-de05-4b90-bbe4-5cc916da48a2
2025-07-07 15:51:17,562 INFO  - Fetched company for recruiterId=585999a5-de05-4b90-bbe4-5cc916da48a2
2025-07-07 15:51:17,562 INFO  - Fetched company for recruiterId=52f3dcc7-e7bb-4419-b8a9-9cfb2a6f8b9e
2025-07-07 15:51:17,562 INFO  - Fetched company for recruiterId=3dc93452-07a2-4843-a650-c7faed6fc07c
2025-07-07 15:51:17,571 INFO  - Fetched company for recruiterId=585999a5-de05-4b90-bbe4-5cc916da48a2
2025-07-07 15:51:17,571 INFO  - Fetched company for recruiterId=3dc93452-07a2-4843-a650-c7faed6fc07c
2025-07-07 15:51:17,571 INFO  - Fetched company for recruiterId=52f3dcc7-e7bb-4419-b8a9-9cfb2a6f8b9e
2025-07-07 15:51:17,605 INFO  - Fetched company for recruiterId=585999a5-de05-4b90-bbe4-5cc916da48a2
2025-07-07 15:51:17,605 INFO  - Fetched company for recruiterId=52f3dcc7-e7bb-4419-b8a9-9cfb2a6f8b9e
2025-07-07 15:51:17,605 INFO  - Fetched company for recruiterId=3dc93452-07a2-4843-a650-c7faed6fc07c
2025-07-07 15:51:17,613 INFO  - Fetched company for recruiterId=52f3dcc7-e7bb-4419-b8a9-9cfb2a6f8b9e
2025-07-07 15:51:17,613 INFO  - Fetched company for recruiterId=585999a5-de05-4b90-bbe4-5cc916da48a2
2025-07-07 15:51:17,614 INFO  - Fetched company for recruiterId=3dc93452-07a2-4843-a650-c7faed6fc07c
2025-07-07 15:51:17,627 INFO  - Fetched company for recruiterId=3dc93452-07a2-4843-a650-c7faed6fc07c
2025-07-07 15:51:17,627 INFO  - Fetched company for recruiterId=52f3dcc7-e7bb-4419-b8a9-9cfb2a6f8b9e
2025-07-07 15:51:17,652 INFO  - Fetched company for recruiterId=52f3dcc7-e7bb-4419-b8a9-9cfb2a6f8b9e
2025-07-07 15:51:17,652 INFO  - Fetched company for recruiterId=3dc93452-07a2-4843-a650-c7faed6fc07c
2025-07-07 15:51:17,659 INFO  - Fetched company for recruiterId=52f3dcc7-e7bb-4419-b8a9-9cfb2a6f8b9e
2025-07-07 15:51:17,670 INFO  - Fetched company for recruiterId=52f3dcc7-e7bb-4419-b8a9-9cfb2a6f8b9e
2025-07-07 15:51:17,683 INFO  - Fetched company for recruiterId=52f3dcc7-e7bb-4419-b8a9-9cfb2a6f8b9e
2025-07-07 15:51:17,705 INFO  - Fetched company for recruiterId=52f3dcc7-e7bb-4419-b8a9-9cfb2a6f8b9e
2025-07-07 15:51:17,715 INFO  - Fetched company for recruiterId=52f3dcc7-e7bb-4419-b8a9-9cfb2a6f8b9e
2025-07-07 15:51:17,723 INFO  - Fetched company for recruiterId=52f3dcc7-e7bb-4419-b8a9-9cfb2a6f8b9e
2025-07-07 15:51:17,734 INFO  - Fetched company for recruiterId=52f3dcc7-e7bb-4419-b8a9-9cfb2a6f8b9e
2025-07-07 15:51:18,267 INFO  - Fetched company for recruiterId=3dc93452-07a2-4843-a650-c7faed6fc07c
2025-07-07 15:51:19,053 INFO  - Fetched all company names.
2025-07-07 15:51:19,104 INFO  - Fetched company for recruiterId=585999a5-de05-4b90-bbe4-5cc916da48a2
2025-07-07 15:51:19,104 INFO  - Fetched company for recruiterId=3ef67fab-ab7c-4ea7-9c7f-5c44330545ff
2025-07-07 15:51:19,104 INFO  - Fetched company for recruiterId=3dc93452-07a2-4843-a650-c7faed6fc07c
2025-07-07 15:51:19,105 INFO  - Fetched company for recruiterId=52f3dcc7-e7bb-4419-b8a9-9cfb2a6f8b9e
2025-07-07 15:51:19,113 INFO  - Fetched company for recruiterId=585999a5-de05-4b90-bbe4-5cc916da48a2
2025-07-07 15:51:19,113 INFO  - Fetched company for recruiterId=52f3dcc7-e7bb-4419-b8a9-9cfb2a6f8b9e
2025-07-07 15:51:19,113 INFO  - Fetched company for recruiterId=3dc93452-07a2-4843-a650-c7faed6fc07c
2025-07-07 15:51:19,114 INFO  - Fetched company for recruiterId=3ef67fab-ab7c-4ea7-9c7f-5c44330545ff
2025-07-07 15:51:19,121 INFO  - Fetched company for recruiterId=585999a5-de05-4b90-bbe4-5cc916da48a2
2025-07-07 15:51:19,122 INFO  - Fetched company for recruiterId=52f3dcc7-e7bb-4419-b8a9-9cfb2a6f8b9e
2025-07-07 15:51:19,123 INFO  - Fetched company for recruiterId=3dc93452-07a2-4843-a650-c7faed6fc07c
2025-07-07 15:51:19,132 INFO  - Fetched company for recruiterId=52f3dcc7-e7bb-4419-b8a9-9cfb2a6f8b9e
2025-07-07 15:51:19,132 INFO  - Fetched company for recruiterId=585999a5-de05-4b90-bbe4-5cc916da48a2
2025-07-07 15:51:19,133 INFO  - Fetched company for recruiterId=3dc93452-07a2-4843-a650-c7faed6fc07c
2025-07-07 15:51:19,155 INFO  - Fetched company for recruiterId=585999a5-de05-4b90-bbe4-5cc916da48a2
2025-07-07 15:51:19,155 INFO  - Fetched company for recruiterId=3dc93452-07a2-4843-a650-c7faed6fc07c
2025-07-07 15:51:19,155 INFO  - Fetched company for recruiterId=52f3dcc7-e7bb-4419-b8a9-9cfb2a6f8b9e
2025-07-07 15:51:19,165 INFO  - Fetched company for recruiterId=585999a5-de05-4b90-bbe4-5cc916da48a2
2025-07-07 15:51:19,165 INFO  - Fetched company for recruiterId=52f3dcc7-e7bb-4419-b8a9-9cfb2a6f8b9e
2025-07-07 15:51:19,165 INFO  - Fetched company for recruiterId=3dc93452-07a2-4843-a650-c7faed6fc07c
2025-07-07 15:51:19,173 INFO  - Fetched company for recruiterId=3dc93452-07a2-4843-a650-c7faed6fc07c
2025-07-07 15:51:19,174 INFO  - Fetched company for recruiterId=585999a5-de05-4b90-bbe4-5cc916da48a2
2025-07-07 15:51:19,174 INFO  - Fetched company for recruiterId=52f3dcc7-e7bb-4419-b8a9-9cfb2a6f8b9e
2025-07-07 15:51:19,202 INFO  - Fetched company for recruiterId=3dc93452-07a2-4843-a650-c7faed6fc07c
2025-07-07 15:51:19,204 INFO  - Fetched company for recruiterId=52f3dcc7-e7bb-4419-b8a9-9cfb2a6f8b9e
2025-07-07 15:51:19,211 INFO  - Fetched company for recruiterId=3dc93452-07a2-4843-a650-c7faed6fc07c
2025-07-07 15:51:19,214 INFO  - Fetched company for recruiterId=52f3dcc7-e7bb-4419-b8a9-9cfb2a6f8b9e
2025-07-07 15:51:19,222 INFO  - Fetched company for recruiterId=52f3dcc7-e7bb-4419-b8a9-9cfb2a6f8b9e
2025-07-07 15:51:19,234 INFO  - Fetched company for recruiterId=52f3dcc7-e7bb-4419-b8a9-9cfb2a6f8b9e
2025-07-07 15:51:19,255 INFO  - Fetched company for recruiterId=52f3dcc7-e7bb-4419-b8a9-9cfb2a6f8b9e
2025-07-07 15:51:19,267 INFO  - Fetched company for recruiterId=52f3dcc7-e7bb-4419-b8a9-9cfb2a6f8b9e
2025-07-07 15:51:19,285 INFO  - Fetched company for recruiterId=52f3dcc7-e7bb-4419-b8a9-9cfb2a6f8b9e
2025-07-07 15:51:19,304 INFO  - Fetched company for recruiterId=52f3dcc7-e7bb-4419-b8a9-9cfb2a6f8b9e
2025-07-07 15:51:19,313 INFO  - Fetched company for recruiterId=52f3dcc7-e7bb-4419-b8a9-9cfb2a6f8b9e
2025-07-07 15:51:19,571 INFO  - Fetched company for recruiterId=3dc93452-07a2-4843-a650-c7faed6fc07c
2025-07-07 15:51:24,252 INFO  - Fetched all company names.
2025-07-07 15:51:24,305 INFO  - Fetched company for recruiterId=3ef67fab-ab7c-4ea7-9c7f-5c44330545ff
2025-07-07 15:51:24,306 INFO  - Fetched company for recruiterId=585999a5-de05-4b90-bbe4-5cc916da48a2
2025-07-07 15:51:24,306 INFO  - Fetched company for recruiterId=52f3dcc7-e7bb-4419-b8a9-9cfb2a6f8b9e
2025-07-07 15:51:24,306 INFO  - Fetched company for recruiterId=3dc93452-07a2-4843-a650-c7faed6fc07c
2025-07-07 15:51:24,315 INFO  - Fetched company for recruiterId=3ef67fab-ab7c-4ea7-9c7f-5c44330545ff
2025-07-07 15:51:24,315 INFO  - Fetched company for recruiterId=585999a5-de05-4b90-bbe4-5cc916da48a2
2025-07-07 15:51:24,315 INFO  - Fetched company for recruiterId=3dc93452-07a2-4843-a650-c7faed6fc07c
2025-07-07 15:51:24,316 INFO  - Fetched company for recruiterId=52f3dcc7-e7bb-4419-b8a9-9cfb2a6f8b9e
2025-07-07 15:51:24,325 INFO  - Fetched company for recruiterId=585999a5-de05-4b90-bbe4-5cc916da48a2
2025-07-07 15:51:24,325 INFO  - Fetched company for recruiterId=3dc93452-07a2-4843-a650-c7faed6fc07c
2025-07-07 15:51:24,326 INFO  - Fetched company for recruiterId=52f3dcc7-e7bb-4419-b8a9-9cfb2a6f8b9e
2025-07-07 15:51:24,352 INFO  - Fetched company for recruiterId=52f3dcc7-e7bb-4419-b8a9-9cfb2a6f8b9e
2025-07-07 15:51:24,353 INFO  - Fetched company for recruiterId=585999a5-de05-4b90-bbe4-5cc916da48a2
2025-07-07 15:51:24,353 INFO  - Fetched company for recruiterId=3dc93452-07a2-4843-a650-c7faed6fc07c
2025-07-07 15:51:24,365 INFO  - Fetched company for recruiterId=585999a5-de05-4b90-bbe4-5cc916da48a2
2025-07-07 15:51:24,365 INFO  - Fetched company for recruiterId=3dc93452-07a2-4843-a650-c7faed6fc07c
2025-07-07 15:51:24,366 INFO  - Fetched company for recruiterId=52f3dcc7-e7bb-4419-b8a9-9cfb2a6f8b9e
2025-07-07 15:51:24,376 INFO  - Fetched company for recruiterId=585999a5-de05-4b90-bbe4-5cc916da48a2
2025-07-07 15:51:24,377 INFO  - Fetched company for recruiterId=3dc93452-07a2-4843-a650-c7faed6fc07c
2025-07-07 15:51:24,377 INFO  - Fetched company for recruiterId=52f3dcc7-e7bb-4419-b8a9-9cfb2a6f8b9e
2025-07-07 15:51:24,402 INFO  - Fetched company for recruiterId=585999a5-de05-4b90-bbe4-5cc916da48a2
2025-07-07 15:51:24,403 INFO  - Fetched company for recruiterId=52f3dcc7-e7bb-4419-b8a9-9cfb2a6f8b9e
2025-07-07 15:51:24,403 INFO  - Fetched company for recruiterId=3dc93452-07a2-4843-a650-c7faed6fc07c
2025-07-07 15:51:24,414 INFO  - Fetched company for recruiterId=3dc93452-07a2-4843-a650-c7faed6fc07c
2025-07-07 15:51:24,414 INFO  - Fetched company for recruiterId=52f3dcc7-e7bb-4419-b8a9-9cfb2a6f8b9e
2025-07-07 15:51:24,422 INFO  - Fetched company for recruiterId=3dc93452-07a2-4843-a650-c7faed6fc07c
2025-07-07 15:51:24,422 INFO  - Fetched company for recruiterId=52f3dcc7-e7bb-4419-b8a9-9cfb2a6f8b9e
2025-07-07 15:51:24,433 INFO  - Fetched company for recruiterId=52f3dcc7-e7bb-4419-b8a9-9cfb2a6f8b9e
2025-07-07 15:51:24,457 INFO  - Fetched company for recruiterId=52f3dcc7-e7bb-4419-b8a9-9cfb2a6f8b9e
2025-07-07 15:51:24,469 INFO  - Fetched company for recruiterId=52f3dcc7-e7bb-4419-b8a9-9cfb2a6f8b9e
2025-07-07 15:51:24,480 INFO  - Fetched company for recruiterId=52f3dcc7-e7bb-4419-b8a9-9cfb2a6f8b9e
2025-07-07 15:51:24,505 INFO  - Fetched company for recruiterId=52f3dcc7-e7bb-4419-b8a9-9cfb2a6f8b9e
2025-07-07 15:51:24,513 INFO  - Fetched company for recruiterId=52f3dcc7-e7bb-4419-b8a9-9cfb2a6f8b9e
2025-07-07 15:51:24,520 INFO  - Fetched company for recruiterId=52f3dcc7-e7bb-4419-b8a9-9cfb2a6f8b9e
2025-07-07 15:51:24,733 INFO  - Fetched company for recruiterId=3dc93452-07a2-4843-a650-c7faed6fc07c
2025-07-07 15:51:26,053 INFO  - Fetched company for recruiterId=3dc93452-07a2-4843-a650-c7faed6fc07c
2025-07-07 15:51:27,365 INFO  - Fetched company for recruiterId=3dc93452-07a2-4843-a650-c7faed6fc07c
2025-07-07 15:51:29,008 INFO  - Fetched company for recruiterId=3dc93452-07a2-4843-a650-c7faed6fc07c
2025-07-07 15:52:55,924 INFO  - User logged out: muthu@gmail.com
