2025-06-27 09:38:44,331 INFO  - User logged in: muthukaruppanaakash76@gmail.com
2025-06-27 09:38:46,689 INFO  - Fetched all skills.
2025-06-27 09:38:47,575 INFO  - Fetched company for recruiterId=3dc93452-07a2-4843-a650-c7faed6fc07c
2025-06-27 09:38:47,594 INFO  - Fetched company for recruiterId=3dc93452-07a2-4843-a650-c7faed6fc07c
2025-06-27 09:38:47,605 INFO  - Fetched company for recruiterId=3dc93452-07a2-4843-a650-c7faed6fc07c
2025-06-27 09:38:47,616 INFO  - Fetched company for recruiterId=3dc93452-07a2-4843-a650-c7faed6fc07c
2025-06-27 09:39:39,433 INFO  - Fetched all skills.
2025-06-27 09:39:40,538 INFO  - Fetched company for recruiterId=3dc93452-07a2-4843-a650-c7faed6fc07c
2025-06-27 09:39:40,546 INFO  - Fetched company for recruiterId=3dc93452-07a2-4843-a650-c7faed6fc07c
2025-06-27 09:39:40,560 INFO  - Fetched company for recruiterId=3dc93452-07a2-4843-a650-c7faed6fc07c
2025-06-27 09:39:40,574 INFO  - Fetched company for recruiterId=3dc93452-07a2-4843-a650-c7faed6fc07c
2025-06-27 09:39:53,001 INFO  - Resume downloaded: SeekerId = 637f3638-b296-4f0d-bb3c-5a65a7f8baed, JobPostId = ce6efdf7-8ca5-494f-af1d-aca84641db3f
2025-06-27 10:12:41,045 INFO  - User logged in: muthu@gmail.com
2025-06-27 10:12:43,460 INFO  - Fetched company for recruiterId=3dc93452-07a2-4843-a650-c7faed6fc07c
2025-06-27 10:12:43,467 INFO  - Fetched company for recruiterId=3dc93452-07a2-4843-a650-c7faed6fc07c
2025-06-27 10:12:43,475 INFO  - Fetched company for recruiterId=3dc93452-07a2-4843-a650-c7faed6fc07c
2025-06-27 10:12:46,871 INFO  - Fetched all company names.
2025-06-27 10:12:46,918 INFO  - Fetched company for recruiterId=3dc93452-07a2-4843-a650-c7faed6fc07c
2025-06-27 10:12:46,923 INFO  - Fetched company for recruiterId=3dc93452-07a2-4843-a650-c7faed6fc07c
2025-06-27 10:12:46,929 INFO  - Fetched company for recruiterId=3dc93452-07a2-4843-a650-c7faed6fc07c
2025-06-27 10:12:46,944 INFO  - Fetched company for recruiterId=3dc93452-07a2-4843-a650-c7faed6fc07c
2025-06-27 10:13:33,316 INFO  - Fetched all company names.
2025-06-27 10:13:33,334 INFO  - Fetched company for recruiterId=3dc93452-07a2-4843-a650-c7faed6fc07c
2025-06-27 10:13:33,342 INFO  - Fetched company for recruiterId=3dc93452-07a2-4843-a650-c7faed6fc07c
2025-06-27 10:13:33,349 INFO  - Fetched company for recruiterId=3dc93452-07a2-4843-a650-c7faed6fc07c
2025-06-27 10:13:33,356 INFO  - Fetched company for recruiterId=3dc93452-07a2-4843-a650-c7faed6fc07c
2025-06-27 10:13:35,686 INFO  - Fetched company for recruiterId=3dc93452-07a2-4843-a650-c7faed6fc07c
2025-06-27 10:13:35,694 INFO  - Fetched company for recruiterId=3dc93452-07a2-4843-a650-c7faed6fc07c
2025-06-27 10:13:35,702 INFO  - Fetched company for recruiterId=3dc93452-07a2-4843-a650-c7faed6fc07c
2025-06-27 10:13:36,335 INFO  - Fetched all company names.
2025-06-27 10:13:36,352 INFO  - Fetched company for recruiterId=3dc93452-07a2-4843-a650-c7faed6fc07c
2025-06-27 10:13:36,359 INFO  - Fetched company for recruiterId=3dc93452-07a2-4843-a650-c7faed6fc07c
2025-06-27 10:13:36,365 INFO  - Fetched company for recruiterId=3dc93452-07a2-4843-a650-c7faed6fc07c
2025-06-27 10:13:36,372 INFO  - Fetched company for recruiterId=3dc93452-07a2-4843-a650-c7faed6fc07c
2025-06-27 10:13:36,991 INFO  - Fetched company for recruiterId=3dc93452-07a2-4843-a650-c7faed6fc07c
2025-06-27 10:13:36,998 INFO  - Fetched company for recruiterId=3dc93452-07a2-4843-a650-c7faed6fc07c
2025-06-27 10:13:37,008 INFO  - Fetched company for recruiterId=3dc93452-07a2-4843-a650-c7faed6fc07c
2025-06-27 10:13:37,594 INFO  - Fetched company for recruiterId=3dc93452-07a2-4843-a650-c7faed6fc07c
2025-06-27 10:13:37,603 INFO  - Fetched company for recruiterId=3dc93452-07a2-4843-a650-c7faed6fc07c
2025-06-27 10:13:37,609 INFO  - Fetched company for recruiterId=3dc93452-07a2-4843-a650-c7faed6fc07c
2025-06-27 10:13:38,386 INFO  - Fetched company for recruiterId=3dc93452-07a2-4843-a650-c7faed6fc07c
2025-06-27 10:13:38,396 INFO  - Fetched company for recruiterId=3dc93452-07a2-4843-a650-c7faed6fc07c
2025-06-27 10:13:38,406 INFO  - Fetched company for recruiterId=3dc93452-07a2-4843-a650-c7faed6fc07c
2025-06-27 10:14:52,411 INFO  - Fetched all company names.
2025-06-27 10:14:52,427 INFO  - Fetched company for recruiterId=3dc93452-07a2-4843-a650-c7faed6fc07c
2025-06-27 10:14:52,446 INFO  - Fetched company for recruiterId=3dc93452-07a2-4843-a650-c7faed6fc07c
2025-06-27 10:14:52,457 INFO  - Fetched company for recruiterId=3dc93452-07a2-4843-a650-c7faed6fc07c
2025-06-27 10:14:52,465 INFO  - Fetched company for recruiterId=3dc93452-07a2-4843-a650-c7faed6fc07c
2025-06-27 10:14:53,720 INFO  - Fetched company for recruiterId=3dc93452-07a2-4843-a650-c7faed6fc07c
2025-06-27 10:14:53,727 INFO  - Fetched company for recruiterId=3dc93452-07a2-4843-a650-c7faed6fc07c
2025-06-27 10:14:53,735 INFO  - Fetched company for recruiterId=3dc93452-07a2-4843-a650-c7faed6fc07c
2025-06-27 10:14:55,105 INFO  - Fetched all company names.
2025-06-27 10:14:55,120 INFO  - Fetched company for recruiterId=3dc93452-07a2-4843-a650-c7faed6fc07c
2025-06-27 10:14:55,126 INFO  - Fetched company for recruiterId=3dc93452-07a2-4843-a650-c7faed6fc07c
2025-06-27 10:14:55,132 INFO  - Fetched company for recruiterId=3dc93452-07a2-4843-a650-c7faed6fc07c
2025-06-27 10:14:55,140 INFO  - Fetched company for recruiterId=3dc93452-07a2-4843-a650-c7faed6fc07c
2025-06-27 10:15:36,969 INFO  - User logged in: muthukaruppanaakash76@gmail.com
2025-06-27 10:15:47,479 INFO  - Fetched all skills.
2025-06-27 10:15:54,417 INFO  - Fetched company for recruiterId=3dc93452-07a2-4843-a650-c7faed6fc07c
2025-06-27 10:15:54,426 INFO  - Fetched company for recruiterId=3dc93452-07a2-4843-a650-c7faed6fc07c
2025-06-27 10:15:54,435 INFO  - Fetched company for recruiterId=3dc93452-07a2-4843-a650-c7faed6fc07c
2025-06-27 10:15:54,443 INFO  - Fetched company for recruiterId=3dc93452-07a2-4843-a650-c7faed6fc07c
2025-06-27 10:15:58,082 INFO  - Resume downloaded: SeekerId = 637f3638-b296-4f0d-bb3c-5a65a7f8baed, JobPostId = ce6efdf7-8ca5-494f-af1d-aca84641db3f
2025-06-27 10:23:51,815 INFO  - User logged in: muthu@gmail.com
2025-06-27 10:23:53,596 INFO  - Fetched all company names.
2025-06-27 10:23:53,631 INFO  - Fetched company for recruiterId=3dc93452-07a2-4843-a650-c7faed6fc07c
2025-06-27 10:23:53,638 INFO  - Fetched company for recruiterId=3dc93452-07a2-4843-a650-c7faed6fc07c
2025-06-27 10:23:53,644 INFO  - Fetched company for recruiterId=3dc93452-07a2-4843-a650-c7faed6fc07c
2025-06-27 10:23:53,650 INFO  - Fetched company for recruiterId=3dc93452-07a2-4843-a650-c7faed6fc07c
