2025-07-03 12:57:33,630 INFO  - Skill added: Java
2025-07-03 14:06:36,306 INFO  - User logged in: muthu@gmail.com
2025-07-03 14:06:40,426 INFO  - Fetched all company names.
2025-07-03 14:06:40,838 INFO  - Fetched company for recruiterId=585999a5-de05-4b90-bbe4-5cc916da48a2
2025-07-03 14:06:40,838 INFO  - Fetched company for recruiterId=3dc93452-07a2-4843-a650-c7faed6fc07c
2025-07-03 14:06:40,838 INFO  - Fetched company for recruiterId=52f3dcc7-e7bb-4419-b8a9-9cfb2a6f8b9e
2025-07-03 14:06:40,852 INFO  - Fetched company for recruiterId=585999a5-de05-4b90-bbe4-5cc916da48a2
2025-07-03 14:06:40,852 INFO  - Fetched company for recruiterId=3dc93452-07a2-4843-a650-c7faed6fc07c
2025-07-03 14:06:40,862 INFO  - Fetched company for recruiterId=585999a5-de05-4b90-bbe4-5cc916da48a2
2025-07-03 14:06:40,863 INFO  - Fetched company for recruiterId=3dc93452-07a2-4843-a650-c7faed6fc07c
2025-07-03 14:06:40,879 INFO  - Fetched company for recruiterId=585999a5-de05-4b90-bbe4-5cc916da48a2
2025-07-03 14:06:40,890 INFO  - Fetched company for recruiterId=585999a5-de05-4b90-bbe4-5cc916da48a2
2025-07-03 14:06:40,903 INFO  - Fetched company for recruiterId=585999a5-de05-4b90-bbe4-5cc916da48a2
2025-07-03 14:06:42,127 INFO  - Fetched company for recruiterId=585999a5-de05-4b90-bbe4-5cc916da48a2
2025-07-03 14:06:42,128 INFO  - Fetched company for recruiterId=3dc93452-07a2-4843-a650-c7faed6fc07c
2025-07-03 14:06:42,324 INFO  - Fetched company for recruiterId=585999a5-de05-4b90-bbe4-5cc916da48a2
2025-07-03 14:06:42,407 INFO  - Fetched company for recruiterId=585999a5-de05-4b90-bbe4-5cc916da48a2
2025-07-03 14:06:42,408 INFO  - Fetched company for recruiterId=3dc93452-07a2-4843-a650-c7faed6fc07c
2025-07-03 14:17:01,872 INFO  - Fetched company for recruiterId=3dc93452-07a2-4843-a650-c7faed6fc07c
2025-07-03 14:17:01,873 INFO  - Fetched company for recruiterId=585999a5-de05-4b90-bbe4-5cc916da48a2
2025-07-03 14:17:01,882 INFO  - Fetched company for recruiterId=3dc93452-07a2-4843-a650-c7faed6fc07c
2025-07-03 14:17:01,889 INFO  - Fetched company for recruiterId=585999a5-de05-4b90-bbe4-5cc916da48a2
2025-07-03 14:17:01,899 INFO  - Fetched company for recruiterId=585999a5-de05-4b90-bbe4-5cc916da48a2
2025-07-03 15:15:33,055 INFO  - Token refreshed for user: muthu@gmail.com
2025-07-03 15:15:33,135 INFO  - Fetched all company names.
2025-07-03 15:15:33,211 INFO  - Fetched company for recruiterId=585999a5-de05-4b90-bbe4-5cc916da48a2
2025-07-03 15:15:33,224 INFO  - Fetched company for recruiterId=3dc93452-07a2-4843-a650-c7faed6fc07c
2025-07-03 15:15:33,233 INFO  - Fetched company for recruiterId=585999a5-de05-4b90-bbe4-5cc916da48a2
2025-07-03 15:15:33,233 INFO  - Fetched company for recruiterId=52f3dcc7-e7bb-4419-b8a9-9cfb2a6f8b9e
2025-07-03 15:15:33,245 INFO  - Fetched company for recruiterId=3dc93452-07a2-4843-a650-c7faed6fc07c
2025-07-03 15:15:33,250 INFO  - Fetched company for recruiterId=3dc93452-07a2-4843-a650-c7faed6fc07c
2025-07-03 15:15:33,254 INFO  - Fetched company for recruiterId=585999a5-de05-4b90-bbe4-5cc916da48a2
2025-07-03 15:15:33,274 INFO  - Fetched company for recruiterId=585999a5-de05-4b90-bbe4-5cc916da48a2
2025-07-03 15:15:33,282 INFO  - Fetched company for recruiterId=585999a5-de05-4b90-bbe4-5cc916da48a2
2025-07-03 15:15:33,299 INFO  - Fetched company for recruiterId=585999a5-de05-4b90-bbe4-5cc916da48a2
2025-07-03 15:15:33,899 INFO  - Fetched all company names.
2025-07-03 15:15:34,156 INFO  - Fetched company for recruiterId=3dc93452-07a2-4843-a650-c7faed6fc07c
2025-07-03 15:15:34,160 INFO  - Fetched company for recruiterId=52f3dcc7-e7bb-4419-b8a9-9cfb2a6f8b9e
2025-07-03 15:15:34,167 INFO  - Fetched company for recruiterId=3dc93452-07a2-4843-a650-c7faed6fc07c
2025-07-03 15:15:34,170 INFO  - Fetched company for recruiterId=52f3dcc7-e7bb-4419-b8a9-9cfb2a6f8b9e
2025-07-03 15:15:34,181 INFO  - Fetched company for recruiterId=52f3dcc7-e7bb-4419-b8a9-9cfb2a6f8b9e
2025-07-03 15:15:34,190 INFO  - Fetched company for recruiterId=52f3dcc7-e7bb-4419-b8a9-9cfb2a6f8b9e
2025-07-03 15:15:34,203 INFO  - Fetched company for recruiterId=3dc93452-07a2-4843-a650-c7faed6fc07c
2025-07-03 15:15:34,215 INFO  - Fetched company for recruiterId=3dc93452-07a2-4843-a650-c7faed6fc07c
2025-07-03 15:15:34,222 INFO  - Fetched company for recruiterId=585999a5-de05-4b90-bbe4-5cc916da48a2
2025-07-03 15:15:34,222 INFO  - Fetched company for recruiterId=52f3dcc7-e7bb-4419-b8a9-9cfb2a6f8b9e
2025-07-03 15:15:34,234 INFO  - Fetched company for recruiterId=585999a5-de05-4b90-bbe4-5cc916da48a2
2025-07-03 15:15:34,234 INFO  - Fetched company for recruiterId=52f3dcc7-e7bb-4419-b8a9-9cfb2a6f8b9e
2025-07-03 15:15:34,240 INFO  - Fetched company for recruiterId=3dc93452-07a2-4843-a650-c7faed6fc07c
2025-07-03 15:15:34,247 INFO  - Fetched company for recruiterId=585999a5-de05-4b90-bbe4-5cc916da48a2
2025-07-03 15:15:34,247 INFO  - Fetched company for recruiterId=52f3dcc7-e7bb-4419-b8a9-9cfb2a6f8b9e
2025-07-03 15:15:34,278 INFO  - Fetched company for recruiterId=52f3dcc7-e7bb-4419-b8a9-9cfb2a6f8b9e
2025-07-03 15:15:34,278 INFO  - Fetched company for recruiterId=585999a5-de05-4b90-bbe4-5cc916da48a2
2025-07-03 15:15:34,286 INFO  - Fetched company for recruiterId=585999a5-de05-4b90-bbe4-5cc916da48a2
2025-07-03 15:15:34,297 INFO  - Fetched company for recruiterId=585999a5-de05-4b90-bbe4-5cc916da48a2
2025-07-03 15:15:34,299 INFO  - Fetched company for recruiterId=52f3dcc7-e7bb-4419-b8a9-9cfb2a6f8b9e
2025-07-03 15:15:34,308 INFO  - Fetched company for recruiterId=52f3dcc7-e7bb-4419-b8a9-9cfb2a6f8b9e
2025-07-03 15:15:34,319 INFO  - Fetched company for recruiterId=52f3dcc7-e7bb-4419-b8a9-9cfb2a6f8b9e
2025-07-03 15:15:34,331 INFO  - Fetched company for recruiterId=52f3dcc7-e7bb-4419-b8a9-9cfb2a6f8b9e
2025-07-03 15:15:34,343 INFO  - Fetched company for recruiterId=52f3dcc7-e7bb-4419-b8a9-9cfb2a6f8b9e
2025-07-03 15:15:34,384 INFO  - Fetched company for recruiterId=52f3dcc7-e7bb-4419-b8a9-9cfb2a6f8b9e
2025-07-03 15:15:34,398 INFO  - Fetched company for recruiterId=52f3dcc7-e7bb-4419-b8a9-9cfb2a6f8b9e
2025-07-03 15:15:34,407 INFO  - Fetched company for recruiterId=52f3dcc7-e7bb-4419-b8a9-9cfb2a6f8b9e
2025-07-03 15:15:34,595 INFO  - Fetched company for recruiterId=585999a5-de05-4b90-bbe4-5cc916da48a2
2025-07-03 15:15:35,442 INFO  - Fetched all company names.
2025-07-03 15:15:35,494 INFO  - Fetched company for recruiterId=585999a5-de05-4b90-bbe4-5cc916da48a2
2025-07-03 15:15:35,494 INFO  - Fetched company for recruiterId=3dc93452-07a2-4843-a650-c7faed6fc07c
2025-07-03 15:15:35,497 INFO  - Fetched company for recruiterId=52f3dcc7-e7bb-4419-b8a9-9cfb2a6f8b9e
2025-07-03 15:15:35,527 INFO  - Fetched company for recruiterId=3dc93452-07a2-4843-a650-c7faed6fc07c
2025-07-03 15:15:35,540 INFO  - Fetched company for recruiterId=52f3dcc7-e7bb-4419-b8a9-9cfb2a6f8b9e
2025-07-03 15:15:35,566 INFO  - Fetched company for recruiterId=52f3dcc7-e7bb-4419-b8a9-9cfb2a6f8b9e
2025-07-03 15:15:35,592 INFO  - Fetched company for recruiterId=585999a5-de05-4b90-bbe4-5cc916da48a2
2025-07-03 15:15:35,594 INFO  - Fetched company for recruiterId=3dc93452-07a2-4843-a650-c7faed6fc07c
2025-07-03 15:15:35,603 INFO  - Fetched company for recruiterId=52f3dcc7-e7bb-4419-b8a9-9cfb2a6f8b9e
2025-07-03 15:15:35,615 INFO  - Fetched company for recruiterId=585999a5-de05-4b90-bbe4-5cc916da48a2
2025-07-03 15:15:35,615 INFO  - Fetched company for recruiterId=3dc93452-07a2-4843-a650-c7faed6fc07c
2025-07-03 15:15:35,618 INFO  - Fetched company for recruiterId=52f3dcc7-e7bb-4419-b8a9-9cfb2a6f8b9e
2025-07-03 15:15:35,627 INFO  - Fetched company for recruiterId=3dc93452-07a2-4843-a650-c7faed6fc07c
2025-07-03 15:15:35,627 INFO  - Fetched company for recruiterId=585999a5-de05-4b90-bbe4-5cc916da48a2
2025-07-03 15:15:35,630 INFO  - Fetched company for recruiterId=52f3dcc7-e7bb-4419-b8a9-9cfb2a6f8b9e
2025-07-03 15:15:35,640 INFO  - Fetched company for recruiterId=585999a5-de05-4b90-bbe4-5cc916da48a2
2025-07-03 15:15:35,647 INFO  - Fetched company for recruiterId=52f3dcc7-e7bb-4419-b8a9-9cfb2a6f8b9e
2025-07-03 15:15:35,655 INFO  - Fetched company for recruiterId=585999a5-de05-4b90-bbe4-5cc916da48a2
2025-07-03 15:15:35,659 INFO  - Fetched company for recruiterId=52f3dcc7-e7bb-4419-b8a9-9cfb2a6f8b9e
2025-07-03 15:15:35,669 INFO  - Fetched company for recruiterId=52f3dcc7-e7bb-4419-b8a9-9cfb2a6f8b9e
2025-07-03 15:15:35,680 INFO  - Fetched company for recruiterId=52f3dcc7-e7bb-4419-b8a9-9cfb2a6f8b9e
2025-07-03 15:15:35,691 INFO  - Fetched company for recruiterId=52f3dcc7-e7bb-4419-b8a9-9cfb2a6f8b9e
2025-07-03 15:15:35,704 INFO  - Fetched company for recruiterId=52f3dcc7-e7bb-4419-b8a9-9cfb2a6f8b9e
2025-07-03 15:15:35,711 INFO  - Fetched company for recruiterId=52f3dcc7-e7bb-4419-b8a9-9cfb2a6f8b9e
2025-07-03 15:15:35,722 INFO  - Fetched company for recruiterId=52f3dcc7-e7bb-4419-b8a9-9cfb2a6f8b9e
2025-07-03 15:15:35,730 INFO  - Fetched company for recruiterId=52f3dcc7-e7bb-4419-b8a9-9cfb2a6f8b9e
2025-07-03 15:15:35,738 INFO  - Fetched company for recruiterId=52f3dcc7-e7bb-4419-b8a9-9cfb2a6f8b9e
2025-07-03 15:15:37,097 INFO  - Fetched company for recruiterId=52f3dcc7-e7bb-4419-b8a9-9cfb2a6f8b9e
2025-07-03 15:15:37,098 INFO  - Fetched company for recruiterId=3dc93452-07a2-4843-a650-c7faed6fc07c
2025-07-03 15:15:37,107 INFO  - Fetched company for recruiterId=3dc93452-07a2-4843-a650-c7faed6fc07c
2025-07-03 15:15:37,107 INFO  - Fetched company for recruiterId=52f3dcc7-e7bb-4419-b8a9-9cfb2a6f8b9e
2025-07-03 15:15:37,117 INFO  - Fetched company for recruiterId=3dc93452-07a2-4843-a650-c7faed6fc07c
2025-07-03 15:15:37,117 INFO  - Fetched company for recruiterId=52f3dcc7-e7bb-4419-b8a9-9cfb2a6f8b9e
2025-07-03 15:15:37,129 INFO  - Fetched company for recruiterId=52f3dcc7-e7bb-4419-b8a9-9cfb2a6f8b9e
2025-07-03 15:15:37,129 INFO  - Fetched company for recruiterId=3dc93452-07a2-4843-a650-c7faed6fc07c
2025-07-03 15:15:37,136 INFO  - Fetched company for recruiterId=3dc93452-07a2-4843-a650-c7faed6fc07c
2025-07-03 15:15:37,137 INFO  - Fetched company for recruiterId=52f3dcc7-e7bb-4419-b8a9-9cfb2a6f8b9e
2025-07-03 15:15:37,149 INFO  - Fetched company for recruiterId=52f3dcc7-e7bb-4419-b8a9-9cfb2a6f8b9e
2025-07-03 15:15:37,159 INFO  - Fetched company for recruiterId=52f3dcc7-e7bb-4419-b8a9-9cfb2a6f8b9e
2025-07-03 15:15:37,177 INFO  - Fetched company for recruiterId=52f3dcc7-e7bb-4419-b8a9-9cfb2a6f8b9e
2025-07-03 15:15:37,193 INFO  - Fetched company for recruiterId=52f3dcc7-e7bb-4419-b8a9-9cfb2a6f8b9e
2025-07-03 15:15:37,203 INFO  - Fetched company for recruiterId=52f3dcc7-e7bb-4419-b8a9-9cfb2a6f8b9e
2025-07-03 15:15:37,212 INFO  - Fetched company for recruiterId=52f3dcc7-e7bb-4419-b8a9-9cfb2a6f8b9e
2025-07-03 15:15:37,221 INFO  - Fetched company for recruiterId=52f3dcc7-e7bb-4419-b8a9-9cfb2a6f8b9e
2025-07-03 15:15:37,231 INFO  - Fetched company for recruiterId=52f3dcc7-e7bb-4419-b8a9-9cfb2a6f8b9e
2025-07-03 15:15:37,239 INFO  - Fetched company for recruiterId=52f3dcc7-e7bb-4419-b8a9-9cfb2a6f8b9e
2025-07-03 15:15:37,249 INFO  - Fetched company for recruiterId=52f3dcc7-e7bb-4419-b8a9-9cfb2a6f8b9e
2025-07-03 15:15:37,256 INFO  - Fetched company for recruiterId=52f3dcc7-e7bb-4419-b8a9-9cfb2a6f8b9e
2025-07-03 15:15:38,795 INFO  - Fetched company for recruiterId=585999a5-de05-4b90-bbe4-5cc916da48a2
2025-07-03 15:15:38,795 INFO  - Fetched company for recruiterId=3dc93452-07a2-4843-a650-c7faed6fc07c
2025-07-03 15:15:38,799 INFO  - Fetched company for recruiterId=52f3dcc7-e7bb-4419-b8a9-9cfb2a6f8b9e
2025-07-03 15:15:38,805 INFO  - Fetched company for recruiterId=585999a5-de05-4b90-bbe4-5cc916da48a2
2025-07-03 15:15:38,805 INFO  - Fetched company for recruiterId=3dc93452-07a2-4843-a650-c7faed6fc07c
2025-07-03 15:15:38,811 INFO  - Fetched company for recruiterId=52f3dcc7-e7bb-4419-b8a9-9cfb2a6f8b9e
2025-07-03 15:15:38,816 INFO  - Fetched company for recruiterId=3dc93452-07a2-4843-a650-c7faed6fc07c
2025-07-03 15:15:38,816 INFO  - Fetched company for recruiterId=585999a5-de05-4b90-bbe4-5cc916da48a2
2025-07-03 15:15:38,823 INFO  - Fetched company for recruiterId=52f3dcc7-e7bb-4419-b8a9-9cfb2a6f8b9e
2025-07-03 15:15:38,830 INFO  - Fetched company for recruiterId=585999a5-de05-4b90-bbe4-5cc916da48a2
2025-07-03 15:15:38,832 INFO  - Fetched company for recruiterId=3dc93452-07a2-4843-a650-c7faed6fc07c
2025-07-03 15:15:38,838 INFO  - Fetched company for recruiterId=52f3dcc7-e7bb-4419-b8a9-9cfb2a6f8b9e
2025-07-03 15:15:38,847 INFO  - Fetched company for recruiterId=585999a5-de05-4b90-bbe4-5cc916da48a2
2025-07-03 15:15:38,848 INFO  - Fetched company for recruiterId=3dc93452-07a2-4843-a650-c7faed6fc07c
2025-07-03 15:15:38,852 INFO  - Fetched company for recruiterId=52f3dcc7-e7bb-4419-b8a9-9cfb2a6f8b9e
2025-07-03 15:15:38,857 INFO  - Fetched company for recruiterId=585999a5-de05-4b90-bbe4-5cc916da48a2
2025-07-03 15:15:38,861 INFO  - Fetched company for recruiterId=52f3dcc7-e7bb-4419-b8a9-9cfb2a6f8b9e
2025-07-03 15:15:38,869 INFO  - Fetched company for recruiterId=52f3dcc7-e7bb-4419-b8a9-9cfb2a6f8b9e
2025-07-03 15:15:38,878 INFO  - Fetched company for recruiterId=52f3dcc7-e7bb-4419-b8a9-9cfb2a6f8b9e
2025-07-03 15:15:38,885 INFO  - Fetched company for recruiterId=52f3dcc7-e7bb-4419-b8a9-9cfb2a6f8b9e
2025-07-03 15:15:38,894 INFO  - Fetched company for recruiterId=52f3dcc7-e7bb-4419-b8a9-9cfb2a6f8b9e
2025-07-03 15:15:38,902 INFO  - Fetched company for recruiterId=52f3dcc7-e7bb-4419-b8a9-9cfb2a6f8b9e
2025-07-03 15:15:38,912 INFO  - Fetched company for recruiterId=52f3dcc7-e7bb-4419-b8a9-9cfb2a6f8b9e
2025-07-03 15:15:38,920 INFO  - Fetched company for recruiterId=52f3dcc7-e7bb-4419-b8a9-9cfb2a6f8b9e
2025-07-03 15:15:38,930 INFO  - Fetched company for recruiterId=52f3dcc7-e7bb-4419-b8a9-9cfb2a6f8b9e
2025-07-03 15:15:38,938 INFO  - Fetched company for recruiterId=52f3dcc7-e7bb-4419-b8a9-9cfb2a6f8b9e
2025-07-03 15:15:38,957 INFO  - Fetched company for recruiterId=52f3dcc7-e7bb-4419-b8a9-9cfb2a6f8b9e
2025-07-03 15:15:39,464 INFO  - Fetched company for recruiterId=585999a5-de05-4b90-bbe4-5cc916da48a2
2025-07-03 15:17:26,192 INFO  - Fetched company for recruiterId=585999a5-de05-4b90-bbe4-5cc916da48a2
2025-07-03 15:17:27,831 INFO  - Fetched company for recruiterId=585999a5-de05-4b90-bbe4-5cc916da48a2
2025-07-03 15:17:29,902 INFO  - Fetched company for recruiterId=585999a5-de05-4b90-bbe4-5cc916da48a2
2025-07-03 15:17:32,025 INFO  - Fetched company for recruiterId=585999a5-de05-4b90-bbe4-5cc916da48a2
2025-07-03 15:17:36,194 INFO  - Fetched company for recruiterId=585999a5-de05-4b90-bbe4-5cc916da48a2
2025-07-03 15:17:39,335 INFO  - Fetched company for recruiterId=585999a5-de05-4b90-bbe4-5cc916da48a2
2025-07-03 15:17:58,877 INFO  - Fetched company for recruiterId=585999a5-de05-4b90-bbe4-5cc916da48a2
2025-07-03 15:18:00,005 INFO  - Fetched company for recruiterId=585999a5-de05-4b90-bbe4-5cc916da48a2
2025-07-03 15:18:02,189 INFO  - Fetched company for recruiterId=585999a5-de05-4b90-bbe4-5cc916da48a2
2025-07-03 15:18:05,394 INFO  - Fetched company for recruiterId=585999a5-de05-4b90-bbe4-5cc916da48a2
2025-07-03 15:18:15,786 INFO  - Fetched company for recruiterId=585999a5-de05-4b90-bbe4-5cc916da48a2
2025-07-03 15:20:41,959 INFO  - Fetched company for recruiterId=585999a5-de05-4b90-bbe4-5cc916da48a2
2025-07-03 15:21:21,904 INFO  - Fetched company for recruiterId=585999a5-de05-4b90-bbe4-5cc916da48a2
2025-07-03 15:21:25,619 INFO  - Fetched company for recruiterId=585999a5-de05-4b90-bbe4-5cc916da48a2
2025-07-03 15:21:28,226 INFO  - Fetched company for recruiterId=585999a5-de05-4b90-bbe4-5cc916da48a2
2025-07-03 15:22:28,756 INFO  - Fetched company for recruiterId=585999a5-de05-4b90-bbe4-5cc916da48a2
2025-07-03 15:22:43,540 INFO  - Fetched company for recruiterId=585999a5-de05-4b90-bbe4-5cc916da48a2
2025-07-03 15:22:44,572 INFO  - Fetched company for recruiterId=585999a5-de05-4b90-bbe4-5cc916da48a2
2025-07-03 15:22:47,110 INFO  - Fetched company for recruiterId=585999a5-de05-4b90-bbe4-5cc916da48a2
2025-07-03 15:22:59,226 INFO  - Fetched company for recruiterId=585999a5-de05-4b90-bbe4-5cc916da48a2
2025-07-03 15:23:03,550 INFO  - Fetched company for recruiterId=585999a5-de05-4b90-bbe4-5cc916da48a2
2025-07-03 15:23:09,237 INFO  - Fetched company for recruiterId=585999a5-de05-4b90-bbe4-5cc916da48a2
2025-07-03 15:23:20,664 INFO  - Fetched company for recruiterId=585999a5-de05-4b90-bbe4-5cc916da48a2
2025-07-03 15:23:24,490 INFO  - Fetched company for recruiterId=585999a5-de05-4b90-bbe4-5cc916da48a2
2025-07-03 15:23:28,921 INFO  - Fetched company for recruiterId=585999a5-de05-4b90-bbe4-5cc916da48a2
2025-07-03 15:23:36,292 INFO  - Fetched company for recruiterId=585999a5-de05-4b90-bbe4-5cc916da48a2
2025-07-03 15:23:43,294 INFO  - Fetched company for recruiterId=585999a5-de05-4b90-bbe4-5cc916da48a2
2025-07-03 15:23:56,936 INFO  - Fetched company for recruiterId=585999a5-de05-4b90-bbe4-5cc916da48a2
2025-07-03 15:23:58,504 INFO  - Fetched company for recruiterId=585999a5-de05-4b90-bbe4-5cc916da48a2
2025-07-03 15:24:26,305 INFO  - Fetched company for recruiterId=585999a5-de05-4b90-bbe4-5cc916da48a2
2025-07-03 15:24:28,867 INFO  - Fetched company for recruiterId=585999a5-de05-4b90-bbe4-5cc916da48a2
2025-07-03 15:24:39,168 INFO  - Fetched company for recruiterId=585999a5-de05-4b90-bbe4-5cc916da48a2
2025-07-03 15:24:40,450 INFO  - Fetched company for recruiterId=585999a5-de05-4b90-bbe4-5cc916da48a2
2025-07-03 15:24:41,250 INFO  - Fetched company for recruiterId=585999a5-de05-4b90-bbe4-5cc916da48a2
2025-07-03 15:24:41,949 INFO  - Fetched all company names.
2025-07-03 15:24:42,042 INFO  - Fetched company for recruiterId=3dc93452-07a2-4843-a650-c7faed6fc07c
2025-07-03 15:24:42,043 INFO  - Fetched company for recruiterId=52f3dcc7-e7bb-4419-b8a9-9cfb2a6f8b9e
2025-07-03 15:24:42,051 INFO  - Fetched company for recruiterId=585999a5-de05-4b90-bbe4-5cc916da48a2
2025-07-03 15:24:42,052 INFO  - Fetched company for recruiterId=52f3dcc7-e7bb-4419-b8a9-9cfb2a6f8b9e
2025-07-03 15:24:42,059 INFO  - Fetched company for recruiterId=3dc93452-07a2-4843-a650-c7faed6fc07c
2025-07-03 15:24:42,062 INFO  - Fetched company for recruiterId=585999a5-de05-4b90-bbe4-5cc916da48a2
2025-07-03 15:24:42,066 INFO  - Fetched company for recruiterId=52f3dcc7-e7bb-4419-b8a9-9cfb2a6f8b9e
2025-07-03 15:24:42,071 INFO  - Fetched company for recruiterId=3dc93452-07a2-4843-a650-c7faed6fc07c
2025-07-03 15:24:42,090 INFO  - Fetched company for recruiterId=585999a5-de05-4b90-bbe4-5cc916da48a2
2025-07-03 15:24:42,094 INFO  - Fetched company for recruiterId=52f3dcc7-e7bb-4419-b8a9-9cfb2a6f8b9e
2025-07-03 15:24:42,099 INFO  - Fetched company for recruiterId=3dc93452-07a2-4843-a650-c7faed6fc07c
2025-07-03 15:24:42,105 INFO  - Fetched company for recruiterId=585999a5-de05-4b90-bbe4-5cc916da48a2
2025-07-03 15:24:42,107 INFO  - Fetched company for recruiterId=52f3dcc7-e7bb-4419-b8a9-9cfb2a6f8b9e
2025-07-03 15:24:42,114 INFO  - Fetched company for recruiterId=3dc93452-07a2-4843-a650-c7faed6fc07c
2025-07-03 15:24:42,118 INFO  - Fetched company for recruiterId=585999a5-de05-4b90-bbe4-5cc916da48a2
2025-07-03 15:24:42,126 INFO  - Fetched company for recruiterId=52f3dcc7-e7bb-4419-b8a9-9cfb2a6f8b9e
2025-07-03 15:24:42,144 INFO  - Fetched company for recruiterId=585999a5-de05-4b90-bbe4-5cc916da48a2
2025-07-03 15:24:42,144 INFO  - Fetched company for recruiterId=52f3dcc7-e7bb-4419-b8a9-9cfb2a6f8b9e
2025-07-03 15:24:42,158 INFO  - Fetched company for recruiterId=52f3dcc7-e7bb-4419-b8a9-9cfb2a6f8b9e
2025-07-03 15:24:42,201 INFO  - Fetched company for recruiterId=52f3dcc7-e7bb-4419-b8a9-9cfb2a6f8b9e
2025-07-03 15:24:42,210 INFO  - Fetched company for recruiterId=52f3dcc7-e7bb-4419-b8a9-9cfb2a6f8b9e
2025-07-03 15:24:42,218 INFO  - Fetched company for recruiterId=52f3dcc7-e7bb-4419-b8a9-9cfb2a6f8b9e
2025-07-03 15:24:42,253 INFO  - Fetched company for recruiterId=52f3dcc7-e7bb-4419-b8a9-9cfb2a6f8b9e
2025-07-03 15:24:42,264 INFO  - Fetched company for recruiterId=52f3dcc7-e7bb-4419-b8a9-9cfb2a6f8b9e
2025-07-03 15:24:42,293 INFO  - Fetched company for recruiterId=52f3dcc7-e7bb-4419-b8a9-9cfb2a6f8b9e
2025-07-03 15:24:42,313 INFO  - Fetched company for recruiterId=52f3dcc7-e7bb-4419-b8a9-9cfb2a6f8b9e
2025-07-03 15:24:42,322 INFO  - Fetched company for recruiterId=52f3dcc7-e7bb-4419-b8a9-9cfb2a6f8b9e
2025-07-03 15:24:42,914 INFO  - Fetched all company names.
2025-07-03 15:24:42,992 INFO  - Fetched company for recruiterId=3dc93452-07a2-4843-a650-c7faed6fc07c
2025-07-03 15:24:42,992 INFO  - Fetched company for recruiterId=52f3dcc7-e7bb-4419-b8a9-9cfb2a6f8b9e
2025-07-03 15:24:42,993 INFO  - Fetched company for recruiterId=585999a5-de05-4b90-bbe4-5cc916da48a2
2025-07-03 15:24:43,006 INFO  - Fetched company for recruiterId=585999a5-de05-4b90-bbe4-5cc916da48a2
2025-07-03 15:24:43,013 INFO  - Fetched company for recruiterId=3dc93452-07a2-4843-a650-c7faed6fc07c
2025-07-03 15:24:43,015 INFO  - Fetched company for recruiterId=585999a5-de05-4b90-bbe4-5cc916da48a2
2025-07-03 15:24:43,023 INFO  - Fetched company for recruiterId=3dc93452-07a2-4843-a650-c7faed6fc07c
2025-07-03 15:24:43,041 INFO  - Fetched company for recruiterId=585999a5-de05-4b90-bbe4-5cc916da48a2
2025-07-03 15:24:43,050 INFO  - Fetched company for recruiterId=585999a5-de05-4b90-bbe4-5cc916da48a2
2025-07-03 15:24:43,058 INFO  - Fetched company for recruiterId=585999a5-de05-4b90-bbe4-5cc916da48a2
2025-07-03 15:24:43,797 INFO  - Fetched all company names.
2025-07-03 15:24:44,290 INFO  - Fetched company for recruiterId=585999a5-de05-4b90-bbe4-5cc916da48a2
2025-07-03 15:24:56,399 INFO  - Fetched company for recruiterId=585999a5-de05-4b90-bbe4-5cc916da48a2
2025-07-03 15:25:42,515 INFO  - Fetched company for recruiterId=585999a5-de05-4b90-bbe4-5cc916da48a2
2025-07-03 15:25:46,588 INFO  - Fetched all company names.
2025-07-03 15:25:46,653 INFO  - Fetched company for recruiterId=585999a5-de05-4b90-bbe4-5cc916da48a2
2025-07-03 15:25:46,656 INFO  - Fetched company for recruiterId=3dc93452-07a2-4843-a650-c7faed6fc07c
2025-07-03 15:25:46,663 INFO  - Fetched company for recruiterId=585999a5-de05-4b90-bbe4-5cc916da48a2
2025-07-03 15:25:46,667 INFO  - Fetched company for recruiterId=3dc93452-07a2-4843-a650-c7faed6fc07c
2025-07-03 15:25:46,668 INFO  - Fetched company for recruiterId=52f3dcc7-e7bb-4419-b8a9-9cfb2a6f8b9e
2025-07-03 15:25:46,688 INFO  - Fetched company for recruiterId=585999a5-de05-4b90-bbe4-5cc916da48a2
2025-07-03 15:25:46,688 INFO  - Fetched company for recruiterId=3dc93452-07a2-4843-a650-c7faed6fc07c
2025-07-03 15:25:46,698 INFO  - Fetched company for recruiterId=585999a5-de05-4b90-bbe4-5cc916da48a2
2025-07-03 15:25:46,710 INFO  - Fetched company for recruiterId=585999a5-de05-4b90-bbe4-5cc916da48a2
2025-07-03 15:25:46,719 INFO  - Fetched company for recruiterId=585999a5-de05-4b90-bbe4-5cc916da48a2
2025-07-03 15:25:47,567 INFO  - Fetched company for recruiterId=585999a5-de05-4b90-bbe4-5cc916da48a2
2025-07-03 15:25:47,568 INFO  - Fetched company for recruiterId=3dc93452-07a2-4843-a650-c7faed6fc07c
2025-07-03 15:25:47,588 INFO  - Fetched company for recruiterId=3dc93452-07a2-4843-a650-c7faed6fc07c
2025-07-03 15:25:47,592 INFO  - Fetched company for recruiterId=585999a5-de05-4b90-bbe4-5cc916da48a2
2025-07-03 15:25:47,605 INFO  - Fetched company for recruiterId=585999a5-de05-4b90-bbe4-5cc916da48a2
2025-07-03 15:25:48,054 INFO  - Fetched all company names.
2025-07-03 15:25:48,116 INFO  - Fetched company for recruiterId=3dc93452-07a2-4843-a650-c7faed6fc07c
2025-07-03 15:25:48,116 INFO  - Fetched company for recruiterId=585999a5-de05-4b90-bbe4-5cc916da48a2
2025-07-03 15:25:48,135 INFO  - Fetched company for recruiterId=52f3dcc7-e7bb-4419-b8a9-9cfb2a6f8b9e
2025-07-03 15:25:48,137 INFO  - Fetched company for recruiterId=585999a5-de05-4b90-bbe4-5cc916da48a2
2025-07-03 15:25:48,137 INFO  - Fetched company for recruiterId=3dc93452-07a2-4843-a650-c7faed6fc07c
2025-07-03 15:25:48,145 INFO  - Fetched company for recruiterId=585999a5-de05-4b90-bbe4-5cc916da48a2
2025-07-03 15:25:48,154 INFO  - Fetched company for recruiterId=3dc93452-07a2-4843-a650-c7faed6fc07c
2025-07-03 15:25:48,157 INFO  - Fetched company for recruiterId=585999a5-de05-4b90-bbe4-5cc916da48a2
2025-07-03 15:25:48,167 INFO  - Fetched company for recruiterId=585999a5-de05-4b90-bbe4-5cc916da48a2
2025-07-03 15:25:48,190 INFO  - Fetched company for recruiterId=585999a5-de05-4b90-bbe4-5cc916da48a2
2025-07-03 15:25:48,785 INFO  - Fetched all company names.
2025-07-03 15:25:48,853 INFO  - Fetched company for recruiterId=585999a5-de05-4b90-bbe4-5cc916da48a2
2025-07-03 15:25:48,856 INFO  - Fetched company for recruiterId=3dc93452-07a2-4843-a650-c7faed6fc07c
2025-07-03 15:25:48,856 INFO  - Fetched company for recruiterId=52f3dcc7-e7bb-4419-b8a9-9cfb2a6f8b9e
2025-07-03 15:25:48,867 INFO  - Fetched company for recruiterId=585999a5-de05-4b90-bbe4-5cc916da48a2
2025-07-03 15:25:48,868 INFO  - Fetched company for recruiterId=52f3dcc7-e7bb-4419-b8a9-9cfb2a6f8b9e
2025-07-03 15:25:48,870 INFO  - Fetched company for recruiterId=3dc93452-07a2-4843-a650-c7faed6fc07c
2025-07-03 15:25:48,886 INFO  - Fetched company for recruiterId=585999a5-de05-4b90-bbe4-5cc916da48a2
2025-07-03 15:25:48,887 INFO  - Fetched company for recruiterId=3dc93452-07a2-4843-a650-c7faed6fc07c
2025-07-03 15:25:48,887 INFO  - Fetched company for recruiterId=52f3dcc7-e7bb-4419-b8a9-9cfb2a6f8b9e
2025-07-03 15:25:48,901 INFO  - Fetched company for recruiterId=585999a5-de05-4b90-bbe4-5cc916da48a2
2025-07-03 15:25:48,902 INFO  - Fetched company for recruiterId=52f3dcc7-e7bb-4419-b8a9-9cfb2a6f8b9e
2025-07-03 15:25:48,902 INFO  - Fetched company for recruiterId=3dc93452-07a2-4843-a650-c7faed6fc07c
2025-07-03 15:25:48,918 INFO  - Fetched company for recruiterId=585999a5-de05-4b90-bbe4-5cc916da48a2
2025-07-03 15:25:48,918 INFO  - Fetched company for recruiterId=3dc93452-07a2-4843-a650-c7faed6fc07c
2025-07-03 15:25:48,935 INFO  - Fetched company for recruiterId=52f3dcc7-e7bb-4419-b8a9-9cfb2a6f8b9e
2025-07-03 15:25:48,938 INFO  - Fetched company for recruiterId=585999a5-de05-4b90-bbe4-5cc916da48a2
2025-07-03 15:25:48,944 INFO  - Fetched company for recruiterId=52f3dcc7-e7bb-4419-b8a9-9cfb2a6f8b9e
2025-07-03 15:25:48,956 INFO  - Fetched company for recruiterId=52f3dcc7-e7bb-4419-b8a9-9cfb2a6f8b9e
2025-07-03 15:25:48,967 INFO  - Fetched company for recruiterId=52f3dcc7-e7bb-4419-b8a9-9cfb2a6f8b9e
2025-07-03 15:25:48,987 INFO  - Fetched company for recruiterId=52f3dcc7-e7bb-4419-b8a9-9cfb2a6f8b9e
2025-07-03 15:25:48,997 INFO  - Fetched company for recruiterId=52f3dcc7-e7bb-4419-b8a9-9cfb2a6f8b9e
2025-07-03 15:25:49,006 INFO  - Fetched company for recruiterId=52f3dcc7-e7bb-4419-b8a9-9cfb2a6f8b9e
2025-07-03 15:25:49,029 INFO  - Fetched company for recruiterId=52f3dcc7-e7bb-4419-b8a9-9cfb2a6f8b9e
2025-07-03 15:25:49,041 INFO  - Fetched company for recruiterId=52f3dcc7-e7bb-4419-b8a9-9cfb2a6f8b9e
2025-07-03 15:25:49,051 INFO  - Fetched company for recruiterId=52f3dcc7-e7bb-4419-b8a9-9cfb2a6f8b9e
2025-07-03 15:25:49,059 INFO  - Fetched company for recruiterId=52f3dcc7-e7bb-4419-b8a9-9cfb2a6f8b9e
2025-07-03 15:25:49,085 INFO  - Fetched company for recruiterId=52f3dcc7-e7bb-4419-b8a9-9cfb2a6f8b9e
2025-07-03 15:25:50,585 INFO  - Fetched company for recruiterId=585999a5-de05-4b90-bbe4-5cc916da48a2
2025-07-03 15:25:53,316 INFO  - Fetched all skills.
2025-07-03 16:27:34,775 INFO  - Token refreshed for user: muthu@gmail.com
2025-07-03 16:27:34,891 INFO  - Fetched all skills.
2025-07-03 16:27:35,672 INFO  - User logged out: muthu@gmail.com
2025-07-03 16:27:45,831 INFO  - User logged in: muthukaruppanaakash76@gmail.com
2025-07-03 16:27:49,260 INFO  - Fetched company for recruiterId=3dc93452-07a2-4843-a650-c7faed6fc07c
2025-07-03 16:27:49,270 INFO  - Fetched company for recruiterId=3dc93452-07a2-4843-a650-c7faed6fc07c
2025-07-03 16:27:49,279 INFO  - Fetched company for recruiterId=3dc93452-07a2-4843-a650-c7faed6fc07c
2025-07-03 16:27:49,286 INFO  - Fetched company for recruiterId=3dc93452-07a2-4843-a650-c7faed6fc07c
2025-07-03 16:27:49,299 INFO  - Fetched company for recruiterId=3dc93452-07a2-4843-a650-c7faed6fc07c
2025-07-03 16:27:51,929 INFO  - Fetched company for recruiterId=3dc93452-07a2-4843-a650-c7faed6fc07c
2025-07-03 16:27:51,936 INFO  - Fetched company for recruiterId=3dc93452-07a2-4843-a650-c7faed6fc07c
2025-07-03 16:27:51,942 INFO  - Fetched company for recruiterId=3dc93452-07a2-4843-a650-c7faed6fc07c
2025-07-03 16:27:51,951 INFO  - Fetched company for recruiterId=3dc93452-07a2-4843-a650-c7faed6fc07c
2025-07-03 16:27:51,961 INFO  - Fetched company for recruiterId=3dc93452-07a2-4843-a650-c7faed6fc07c
2025-07-03 16:28:06,790 INFO  - Fetched company for recruiterId=3dc93452-07a2-4843-a650-c7faed6fc07c
2025-07-03 16:28:06,801 INFO  - Fetched company for recruiterId=3dc93452-07a2-4843-a650-c7faed6fc07c
2025-07-03 16:28:06,808 INFO  - Fetched company for recruiterId=3dc93452-07a2-4843-a650-c7faed6fc07c
2025-07-03 16:28:06,815 INFO  - Fetched company for recruiterId=3dc93452-07a2-4843-a650-c7faed6fc07c
2025-07-03 16:28:06,821 INFO  - Fetched company for recruiterId=3dc93452-07a2-4843-a650-c7faed6fc07c
2025-07-03 16:28:12,894 INFO  - Fetched company for recruiterId=3dc93452-07a2-4843-a650-c7faed6fc07c
2025-07-03 16:28:13,955 INFO  - Fetched company for recruiterId=3dc93452-07a2-4843-a650-c7faed6fc07c
2025-07-03 16:28:13,963 INFO  - Fetched company for recruiterId=3dc93452-07a2-4843-a650-c7faed6fc07c
2025-07-03 16:28:13,973 INFO  - Fetched company for recruiterId=3dc93452-07a2-4843-a650-c7faed6fc07c
2025-07-03 16:28:13,982 INFO  - Fetched company for recruiterId=3dc93452-07a2-4843-a650-c7faed6fc07c
2025-07-03 16:28:13,991 INFO  - Fetched company for recruiterId=3dc93452-07a2-4843-a650-c7faed6fc07c
2025-07-03 16:28:14,334 INFO  - Fetched all skills.
2025-07-03 16:28:17,081 INFO  - Fetched company for recruiterId=3dc93452-07a2-4843-a650-c7faed6fc07c
2025-07-03 16:28:17,091 INFO  - Fetched company for recruiterId=3dc93452-07a2-4843-a650-c7faed6fc07c
2025-07-03 16:28:17,097 INFO  - Fetched company for recruiterId=3dc93452-07a2-4843-a650-c7faed6fc07c
2025-07-03 16:28:17,105 INFO  - Fetched company for recruiterId=3dc93452-07a2-4843-a650-c7faed6fc07c
2025-07-03 16:28:17,115 INFO  - Fetched company for recruiterId=3dc93452-07a2-4843-a650-c7faed6fc07c
2025-07-03 16:28:17,938 INFO  - Fetched all skills.
2025-07-03 16:28:21,355 INFO  - Updated job post: 5282b902-e39c-4098-97e2-56a9fd3c7c93
2025-07-03 16:28:21,441 INFO  - Updated responsibilities for postId: 5282b902-e39c-4098-97e2-56a9fd3c7c93
2025-07-03 16:28:21,485 INFO  - Updated requirements for postId: 5282b902-e39c-4098-97e2-56a9fd3c7c93
2025-07-03 16:28:21,525 INFO  - Updated post skills for job post: 5282b902-e39c-4098-97e2-56a9fd3c7c93
2025-07-03 16:28:26,523 INFO  - Fetched all skills.
2025-07-03 16:28:27,069 INFO  - Fetched company for recruiterId=3dc93452-07a2-4843-a650-c7faed6fc07c
2025-07-03 16:28:27,584 INFO  - Fetched company for recruiterId=3dc93452-07a2-4843-a650-c7faed6fc07c
2025-07-03 16:28:27,592 INFO  - Fetched company for recruiterId=3dc93452-07a2-4843-a650-c7faed6fc07c
2025-07-03 16:28:27,598 INFO  - Fetched company for recruiterId=3dc93452-07a2-4843-a650-c7faed6fc07c
2025-07-03 16:28:27,604 INFO  - Fetched company for recruiterId=3dc93452-07a2-4843-a650-c7faed6fc07c
2025-07-03 16:28:27,612 INFO  - Fetched company for recruiterId=3dc93452-07a2-4843-a650-c7faed6fc07c
2025-07-03 16:29:26,391 INFO  - Fetched company for recruiterId=3dc93452-07a2-4843-a650-c7faed6fc07c
2025-07-03 16:29:27,559 INFO  - Fetched company for recruiterId=3dc93452-07a2-4843-a650-c7faed6fc07c
2025-07-03 16:29:27,568 INFO  - Fetched company for recruiterId=3dc93452-07a2-4843-a650-c7faed6fc07c
2025-07-03 16:29:27,575 INFO  - Fetched company for recruiterId=3dc93452-07a2-4843-a650-c7faed6fc07c
2025-07-03 16:29:27,585 INFO  - Fetched company for recruiterId=3dc93452-07a2-4843-a650-c7faed6fc07c
2025-07-03 16:29:27,600 INFO  - Fetched company for recruiterId=3dc93452-07a2-4843-a650-c7faed6fc07c
2025-07-03 16:29:30,529 INFO  - Fetched company for recruiterId=3dc93452-07a2-4843-a650-c7faed6fc07c
2025-07-03 16:39:01,123 INFO  - User logged out: muthukaruppanaakash76@gmail.com
2025-07-03 16:48:24,025 INFO  - User logged in: muthukaruppanaakash76@gmail.com
2025-07-03 16:48:28,303 INFO  - Fetched all skills.
2025-07-03 16:48:29,565 INFO  - Fetched company for recruiterId=3dc93452-07a2-4843-a650-c7faed6fc07c
2025-07-03 16:48:29,575 INFO  - Fetched company for recruiterId=3dc93452-07a2-4843-a650-c7faed6fc07c
2025-07-03 16:48:29,582 INFO  - Fetched company for recruiterId=3dc93452-07a2-4843-a650-c7faed6fc07c
2025-07-03 16:48:29,589 INFO  - Fetched company for recruiterId=3dc93452-07a2-4843-a650-c7faed6fc07c
2025-07-03 16:48:29,597 INFO  - Fetched company for recruiterId=3dc93452-07a2-4843-a650-c7faed6fc07c
2025-07-03 16:48:31,276 INFO  - Fetched all skills.
2025-07-03 16:48:32,778 INFO  - Fetched company for recruiterId=3dc93452-07a2-4843-a650-c7faed6fc07c
2025-07-03 16:48:33,519 INFO  - Fetched company for recruiterId=3dc93452-07a2-4843-a650-c7faed6fc07c
2025-07-03 16:48:33,525 INFO  - Fetched company for recruiterId=3dc93452-07a2-4843-a650-c7faed6fc07c
2025-07-03 16:48:33,532 INFO  - Fetched company for recruiterId=3dc93452-07a2-4843-a650-c7faed6fc07c
2025-07-03 16:48:33,538 INFO  - Fetched company for recruiterId=3dc93452-07a2-4843-a650-c7faed6fc07c
2025-07-03 16:48:33,545 INFO  - Fetched company for recruiterId=3dc93452-07a2-4843-a650-c7faed6fc07c
2025-07-03 16:48:34,048 INFO  - Fetched all skills.
2025-07-03 16:48:37,252 INFO  - Fetched all skills.
2025-07-03 16:48:38,237 INFO  - Fetched company for recruiterId=3dc93452-07a2-4843-a650-c7faed6fc07c
2025-07-03 16:48:38,249 INFO  - Fetched company for recruiterId=3dc93452-07a2-4843-a650-c7faed6fc07c
2025-07-03 16:48:38,259 INFO  - Fetched company for recruiterId=3dc93452-07a2-4843-a650-c7faed6fc07c
2025-07-03 16:48:38,269 INFO  - Fetched company for recruiterId=3dc93452-07a2-4843-a650-c7faed6fc07c
2025-07-03 16:48:38,277 INFO  - Fetched company for recruiterId=3dc93452-07a2-4843-a650-c7faed6fc07c
2025-07-03 16:48:51,411 INFO  - Fetched company for recruiterId=3dc93452-07a2-4843-a650-c7faed6fc07c
2025-07-03 16:48:51,418 INFO  - Fetched company for recruiterId=3dc93452-07a2-4843-a650-c7faed6fc07c
2025-07-03 16:48:51,426 INFO  - Fetched company for recruiterId=3dc93452-07a2-4843-a650-c7faed6fc07c
2025-07-03 16:48:51,432 INFO  - Fetched company for recruiterId=3dc93452-07a2-4843-a650-c7faed6fc07c
2025-07-03 16:48:51,447 INFO  - Fetched company for recruiterId=3dc93452-07a2-4843-a650-c7faed6fc07c
2025-07-03 16:48:56,953 INFO  - Resume downloaded: SeekerId = 637f3638-b296-4f0d-bb3c-5a65a7f8baed, JobPostId = 4e6a8c17-fed2-4c37-a515-a19df84f1eb8
2025-07-03 16:49:17,677 INFO  - Resume downloaded: SeekerId = 637f3638-b296-4f0d-bb3c-5a65a7f8baed, JobPostId = 4e6a8c17-fed2-4c37-a515-a19df84f1eb8
2025-07-03 16:49:41,978 INFO  - Resume downloaded: SeekerId = 637f3638-b296-4f0d-bb3c-5a65a7f8baed, JobPostId = 4e6a8c17-fed2-4c37-a515-a19df84f1eb8
2025-07-03 16:51:04,341 INFO  - Fetched all skills.
2025-07-03 16:55:23,299 INFO  - User logged out: muthukaruppanaakash76@gmail.com
2025-07-03 16:55:43,741 INFO  - User logged in: muthu@gmail.com
2025-07-03 16:55:49,310 INFO  - Fetched all company names.
2025-07-03 16:55:49,417 INFO  - Fetched company for recruiterId=585999a5-de05-4b90-bbe4-5cc916da48a2
2025-07-03 16:55:49,417 INFO  - Fetched company for recruiterId=3dc93452-07a2-4843-a650-c7faed6fc07c
2025-07-03 16:55:49,417 INFO  - Fetched company for recruiterId=52f3dcc7-e7bb-4419-b8a9-9cfb2a6f8b9e
2025-07-03 16:55:49,426 INFO  - Fetched company for recruiterId=585999a5-de05-4b90-bbe4-5cc916da48a2
2025-07-03 16:55:49,426 INFO  - Fetched company for recruiterId=3dc93452-07a2-4843-a650-c7faed6fc07c
2025-07-03 16:55:49,437 INFO  - Fetched company for recruiterId=585999a5-de05-4b90-bbe4-5cc916da48a2
2025-07-03 16:55:49,437 INFO  - Fetched company for recruiterId=3dc93452-07a2-4843-a650-c7faed6fc07c
2025-07-03 16:55:49,447 INFO  - Fetched company for recruiterId=585999a5-de05-4b90-bbe4-5cc916da48a2
2025-07-03 16:55:49,457 INFO  - Fetched company for recruiterId=585999a5-de05-4b90-bbe4-5cc916da48a2
2025-07-03 16:55:49,468 INFO  - Fetched company for recruiterId=585999a5-de05-4b90-bbe4-5cc916da48a2
2025-07-03 16:55:50,274 INFO  - Fetched company for recruiterId=585999a5-de05-4b90-bbe4-5cc916da48a2
2025-07-03 16:55:50,274 INFO  - Fetched company for recruiterId=3dc93452-07a2-4843-a650-c7faed6fc07c
2025-07-03 16:55:50,299 INFO  - Fetched company for recruiterId=3dc93452-07a2-4843-a650-c7faed6fc07c
2025-07-03 16:55:50,415 INFO  - Fetched company for recruiterId=585999a5-de05-4b90-bbe4-5cc916da48a2
2025-07-03 16:55:50,486 INFO  - Fetched company for recruiterId=585999a5-de05-4b90-bbe4-5cc916da48a2
2025-07-03 16:55:50,864 INFO  - Fetched all company names.
2025-07-03 16:55:50,943 INFO  - Fetched company for recruiterId=3dc93452-07a2-4843-a650-c7faed6fc07c
2025-07-03 16:55:50,944 INFO  - Fetched company for recruiterId=52f3dcc7-e7bb-4419-b8a9-9cfb2a6f8b9e
2025-07-03 16:55:50,944 INFO  - Fetched company for recruiterId=585999a5-de05-4b90-bbe4-5cc916da48a2
2025-07-03 16:55:50,970 INFO  - Fetched company for recruiterId=3dc93452-07a2-4843-a650-c7faed6fc07c
2025-07-03 16:55:50,971 INFO  - Fetched company for recruiterId=585999a5-de05-4b90-bbe4-5cc916da48a2
2025-07-03 16:55:50,986 INFO  - Fetched company for recruiterId=585999a5-de05-4b90-bbe4-5cc916da48a2
2025-07-03 16:55:50,986 INFO  - Fetched company for recruiterId=3dc93452-07a2-4843-a650-c7faed6fc07c
2025-07-03 16:55:51,005 INFO  - Fetched company for recruiterId=585999a5-de05-4b90-bbe4-5cc916da48a2
2025-07-03 16:55:51,020 INFO  - Fetched company for recruiterId=585999a5-de05-4b90-bbe4-5cc916da48a2
2025-07-03 16:55:51,033 INFO  - Fetched company for recruiterId=585999a5-de05-4b90-bbe4-5cc916da48a2
2025-07-03 16:55:51,385 INFO  - Fetched all company names.
2025-07-03 16:55:51,463 INFO  - Fetched company for recruiterId=52f3dcc7-e7bb-4419-b8a9-9cfb2a6f8b9e
2025-07-03 16:55:51,463 INFO  - Fetched company for recruiterId=585999a5-de05-4b90-bbe4-5cc916da48a2
2025-07-03 16:55:51,463 INFO  - Fetched company for recruiterId=3dc93452-07a2-4843-a650-c7faed6fc07c
2025-07-03 16:55:51,472 INFO  - Fetched company for recruiterId=3dc93452-07a2-4843-a650-c7faed6fc07c
2025-07-03 16:55:51,473 INFO  - Fetched company for recruiterId=585999a5-de05-4b90-bbe4-5cc916da48a2
2025-07-03 16:55:51,473 INFO  - Fetched company for recruiterId=52f3dcc7-e7bb-4419-b8a9-9cfb2a6f8b9e
2025-07-03 16:55:51,486 INFO  - Fetched company for recruiterId=3dc93452-07a2-4843-a650-c7faed6fc07c
2025-07-03 16:55:51,486 INFO  - Fetched company for recruiterId=585999a5-de05-4b90-bbe4-5cc916da48a2
2025-07-03 16:55:51,486 INFO  - Fetched company for recruiterId=52f3dcc7-e7bb-4419-b8a9-9cfb2a6f8b9e
2025-07-03 16:55:51,502 INFO  - Fetched company for recruiterId=3dc93452-07a2-4843-a650-c7faed6fc07c
2025-07-03 16:55:51,502 INFO  - Fetched company for recruiterId=52f3dcc7-e7bb-4419-b8a9-9cfb2a6f8b9e
2025-07-03 16:55:51,502 INFO  - Fetched company for recruiterId=585999a5-de05-4b90-bbe4-5cc916da48a2
2025-07-03 16:55:51,518 INFO  - Fetched company for recruiterId=52f3dcc7-e7bb-4419-b8a9-9cfb2a6f8b9e
2025-07-03 16:55:51,518 INFO  - Fetched company for recruiterId=3dc93452-07a2-4843-a650-c7faed6fc07c
2025-07-03 16:55:51,518 INFO  - Fetched company for recruiterId=585999a5-de05-4b90-bbe4-5cc916da48a2
2025-07-03 16:55:51,530 INFO  - Fetched company for recruiterId=585999a5-de05-4b90-bbe4-5cc916da48a2
2025-07-03 16:55:51,530 INFO  - Fetched company for recruiterId=52f3dcc7-e7bb-4419-b8a9-9cfb2a6f8b9e
2025-07-03 16:55:51,544 INFO  - Fetched company for recruiterId=52f3dcc7-e7bb-4419-b8a9-9cfb2a6f8b9e
2025-07-03 16:55:51,554 INFO  - Fetched company for recruiterId=52f3dcc7-e7bb-4419-b8a9-9cfb2a6f8b9e
2025-07-03 16:55:51,564 INFO  - Fetched company for recruiterId=52f3dcc7-e7bb-4419-b8a9-9cfb2a6f8b9e
2025-07-03 16:55:51,575 INFO  - Fetched company for recruiterId=52f3dcc7-e7bb-4419-b8a9-9cfb2a6f8b9e
2025-07-03 16:55:51,584 INFO  - Fetched company for recruiterId=52f3dcc7-e7bb-4419-b8a9-9cfb2a6f8b9e
2025-07-03 16:55:51,601 INFO  - Fetched company for recruiterId=52f3dcc7-e7bb-4419-b8a9-9cfb2a6f8b9e
2025-07-03 16:55:51,611 INFO  - Fetched company for recruiterId=52f3dcc7-e7bb-4419-b8a9-9cfb2a6f8b9e
2025-07-03 16:55:51,642 INFO  - Fetched company for recruiterId=52f3dcc7-e7bb-4419-b8a9-9cfb2a6f8b9e
2025-07-03 16:55:51,653 INFO  - Fetched company for recruiterId=52f3dcc7-e7bb-4419-b8a9-9cfb2a6f8b9e
2025-07-03 16:55:51,668 INFO  - Fetched company for recruiterId=52f3dcc7-e7bb-4419-b8a9-9cfb2a6f8b9e
2025-07-03 16:55:55,898 INFO  - Fetched all company names.
2025-07-03 16:55:55,954 INFO  - Fetched company for recruiterId=585999a5-de05-4b90-bbe4-5cc916da48a2
2025-07-03 16:55:55,955 INFO  - Fetched company for recruiterId=3dc93452-07a2-4843-a650-c7faed6fc07c
2025-07-03 16:55:55,967 INFO  - Fetched company for recruiterId=52f3dcc7-e7bb-4419-b8a9-9cfb2a6f8b9e
2025-07-03 16:55:55,970 INFO  - Fetched company for recruiterId=585999a5-de05-4b90-bbe4-5cc916da48a2
2025-07-03 16:55:55,971 INFO  - Fetched company for recruiterId=3dc93452-07a2-4843-a650-c7faed6fc07c
2025-07-03 16:55:55,985 INFO  - Fetched company for recruiterId=52f3dcc7-e7bb-4419-b8a9-9cfb2a6f8b9e
2025-07-03 16:55:55,988 INFO  - Fetched company for recruiterId=585999a5-de05-4b90-bbe4-5cc916da48a2
2025-07-03 16:55:55,988 INFO  - Fetched company for recruiterId=3dc93452-07a2-4843-a650-c7faed6fc07c
2025-07-03 16:55:56,000 INFO  - Fetched company for recruiterId=52f3dcc7-e7bb-4419-b8a9-9cfb2a6f8b9e
2025-07-03 16:55:56,004 INFO  - Fetched company for recruiterId=585999a5-de05-4b90-bbe4-5cc916da48a2
2025-07-03 16:55:56,006 INFO  - Fetched company for recruiterId=3dc93452-07a2-4843-a650-c7faed6fc07c
2025-07-03 16:55:56,021 INFO  - Fetched company for recruiterId=52f3dcc7-e7bb-4419-b8a9-9cfb2a6f8b9e
2025-07-03 16:55:56,022 INFO  - Fetched company for recruiterId=585999a5-de05-4b90-bbe4-5cc916da48a2
2025-07-03 16:55:56,022 INFO  - Fetched company for recruiterId=3dc93452-07a2-4843-a650-c7faed6fc07c
2025-07-03 16:55:56,040 INFO  - Fetched company for recruiterId=585999a5-de05-4b90-bbe4-5cc916da48a2
2025-07-03 16:55:56,040 INFO  - Fetched company for recruiterId=52f3dcc7-e7bb-4419-b8a9-9cfb2a6f8b9e
2025-07-03 16:55:56,062 INFO  - Fetched company for recruiterId=52f3dcc7-e7bb-4419-b8a9-9cfb2a6f8b9e
2025-07-03 16:55:56,077 INFO  - Fetched company for recruiterId=52f3dcc7-e7bb-4419-b8a9-9cfb2a6f8b9e
2025-07-03 16:55:56,093 INFO  - Fetched company for recruiterId=52f3dcc7-e7bb-4419-b8a9-9cfb2a6f8b9e
2025-07-03 16:55:56,115 INFO  - Fetched company for recruiterId=52f3dcc7-e7bb-4419-b8a9-9cfb2a6f8b9e
2025-07-03 16:55:56,149 INFO  - Fetched company for recruiterId=52f3dcc7-e7bb-4419-b8a9-9cfb2a6f8b9e
2025-07-03 16:55:56,170 INFO  - Fetched company for recruiterId=52f3dcc7-e7bb-4419-b8a9-9cfb2a6f8b9e
2025-07-03 16:55:56,187 INFO  - Fetched company for recruiterId=52f3dcc7-e7bb-4419-b8a9-9cfb2a6f8b9e
2025-07-03 16:55:56,201 INFO  - Fetched company for recruiterId=52f3dcc7-e7bb-4419-b8a9-9cfb2a6f8b9e
2025-07-03 16:55:56,216 INFO  - Fetched company for recruiterId=52f3dcc7-e7bb-4419-b8a9-9cfb2a6f8b9e
2025-07-03 16:55:56,235 INFO  - Fetched company for recruiterId=52f3dcc7-e7bb-4419-b8a9-9cfb2a6f8b9e
2025-07-03 16:55:56,250 INFO  - Fetched company for recruiterId=52f3dcc7-e7bb-4419-b8a9-9cfb2a6f8b9e
2025-07-03 16:56:03,200 INFO  - Fetched all skills.
2025-07-03 16:56:06,753 INFO  - Fetched company for recruiterId=585999a5-de05-4b90-bbe4-5cc916da48a2
2025-07-03 16:56:06,754 INFO  - Fetched company for recruiterId=3dc93452-07a2-4843-a650-c7faed6fc07c
2025-07-03 16:56:06,763 INFO  - Fetched company for recruiterId=3dc93452-07a2-4843-a650-c7faed6fc07c
2025-07-03 16:56:06,765 INFO  - Fetched company for recruiterId=585999a5-de05-4b90-bbe4-5cc916da48a2
2025-07-03 16:56:06,771 INFO  - Fetched company for recruiterId=585999a5-de05-4b90-bbe4-5cc916da48a2
2025-07-03 17:19:42,643 INFO  - Fetched company for recruiterId=3dc93452-07a2-4843-a650-c7faed6fc07c
2025-07-03 17:19:42,647 INFO  - Fetched company for recruiterId=585999a5-de05-4b90-bbe4-5cc916da48a2
2025-07-03 17:19:42,664 INFO  - Fetched company for recruiterId=585999a5-de05-4b90-bbe4-5cc916da48a2
2025-07-03 17:19:42,665 INFO  - Fetched company for recruiterId=3dc93452-07a2-4843-a650-c7faed6fc07c
2025-07-03 17:19:42,677 INFO  - Fetched company for recruiterId=585999a5-de05-4b90-bbe4-5cc916da48a2
2025-07-03 17:30:53,826 INFO  - Token refreshed for user: muthu@gmail.com
2025-07-03 17:30:53,949 INFO  - Fetched company for recruiterId=585999a5-de05-4b90-bbe4-5cc916da48a2
2025-07-03 17:30:53,950 INFO  - Fetched company for recruiterId=3dc93452-07a2-4843-a650-c7faed6fc07c
2025-07-03 17:30:53,959 INFO  - Fetched company for recruiterId=3dc93452-07a2-4843-a650-c7faed6fc07c
2025-07-03 17:30:53,959 INFO  - Fetched company for recruiterId=585999a5-de05-4b90-bbe4-5cc916da48a2
2025-07-03 17:30:53,967 INFO  - Fetched company for recruiterId=585999a5-de05-4b90-bbe4-5cc916da48a2
2025-07-03 22:05:57,136 INFO  - Token refreshed for user: muthu@gmail.com
2025-07-03 22:05:57,310 INFO  - Fetched company for recruiterId=3dc93452-07a2-4843-a650-c7faed6fc07c
2025-07-03 22:05:57,311 INFO  - Fetched company for recruiterId=585999a5-de05-4b90-bbe4-5cc916da48a2
2025-07-03 22:05:57,316 INFO  - Fetched company for recruiterId=3dc93452-07a2-4843-a650-c7faed6fc07c
2025-07-03 22:05:57,319 INFO  - Fetched company for recruiterId=585999a5-de05-4b90-bbe4-5cc916da48a2
2025-07-03 22:05:57,325 INFO  - Fetched company for recruiterId=585999a5-de05-4b90-bbe4-5cc916da48a2
