2025-06-22 13:25:47,285 INFO  - User logged in: muthu@gmail.com
2025-06-22 13:56:46,073 INFO  - User logged in: muthu@gmail.com
2025-06-22 14:03:29,642 INFO  - Fetched all skills.
2025-06-22 14:03:47,895 INFO  - Fetched all skills.
2025-06-22 14:03:49,915 INFO  - Fetched all skills.
2025-06-22 14:04:26,865 INFO  - Fetched all skills.
2025-06-22 14:04:28,869 INFO  - Fetched all skills.
2025-06-22 14:04:30,872 INFO  - Fetched all skills.
2025-06-22 14:04:38,823 INFO  - Fetched all skills.
2025-06-22 14:04:45,815 INFO  - Fetched all skills.
2025-06-22 14:05:08,731 INFO  - Fetched all skills.
2025-06-22 14:05:11,886 INFO  - Fetched all skills.
2025-06-22 14:05:14,781 INFO  - Fetched all skills.
2025-06-22 14:05:16,778 INFO  - Fetched all skills.
2025-06-22 14:05:20,765 INFO  - Fetched all skills.
2025-06-22 14:05:24,720 INFO  - Fetched all skills.
2025-06-22 14:05:31,685 INFO  - Fetched all skills.
2025-06-22 14:07:43,817 INFO  - Fetched all skills.
2025-06-22 14:08:15,796 INFO  - Fetched all skills.
2025-06-22 14:08:17,770 INFO  - Fetched all skills.
2025-06-22 14:08:34,824 INFO  - Fetched all skills.
2025-06-22 14:08:49,696 INFO  - Fetched all skills.
2025-06-22 14:09:13,726 INFO  - Fetched all skills.
2025-06-22 14:09:37,761 INFO  - Fetched all skills.
2025-06-22 14:10:07,969 INFO  - Fetched all skills.
2025-06-22 14:10:09,913 INFO  - Fetched all skills.
2025-06-22 14:10:18,711 INFO  - Fetched all skills.
2025-06-22 14:10:30,779 INFO  - Fetched all skills.
2025-06-22 14:10:35,775 INFO  - Fetched all skills.
2025-06-22 14:10:44,379 INFO  - Fetched all skills.
2025-06-22 14:11:00,693 INFO  - Fetched all skills.
2025-06-22 14:11:12,825 INFO  - Fetched all skills.
2025-06-22 14:11:16,712 INFO  - Fetched all skills.
2025-06-22 14:11:22,812 INFO  - Fetched all skills.
2025-06-22 14:11:30,740 INFO  - Fetched all skills.
2025-06-22 14:11:31,766 INFO  - Fetched all skills.
2025-06-22 14:11:33,693 INFO  - Fetched all skills.
2025-06-22 14:15:40,172 INFO  - Fetched all skills.
2025-06-22 14:16:22,603 INFO  - Fetched all skills.
2025-06-22 14:16:48,885 INFO  - User logged in: muthu@gmail.com
2025-06-22 14:17:17,166 INFO  - Fetched all skills.
2025-06-22 14:19:39,143 INFO  - Fetched all skills.
2025-06-22 14:20:10,784 INFO  - Fetched all skills.
2025-06-22 14:20:17,376 INFO  - Fetched all skills.
2025-06-22 14:20:23,769 INFO  - Fetched all skills.
2025-06-22 14:20:35,272 INFO  - Fetched all skills.
2025-06-22 14:32:38,717 INFO  - Fetched all skills.
2025-06-22 14:38:25,427 INFO  - Fetched all skills.
2025-06-22 14:38:26,691 INFO  - Fetched all skills.
2025-06-22 14:54:17,809 INFO  - User logged in: muthu@gmail.com
2025-06-22 14:54:25,391 INFO  - Fetched all skills.
2025-06-22 15:00:48,280 INFO  - Fetched all skills.
2025-06-22 15:06:19,900 INFO  - Fetched all skills.
2025-06-22 15:06:22,747 INFO  - Fetched all skills.
2025-06-22 15:06:26,880 INFO  - Fetched all skills.
2025-06-22 15:06:31,264 INFO  - Fetched all skills.
2025-06-22 15:06:54,752 INFO  - Fetched all skills.
2025-06-22 15:07:00,690 INFO  - Fetched all skills.
2025-06-22 15:07:08,725 INFO  - Fetched all skills.
2025-06-22 15:12:53,205 INFO  - User logged in: muthu@gmail.com
2025-06-22 15:13:13,517 INFO  - Fetched all skills.
2025-06-22 15:14:33,463 INFO  - Fetched all skills.
2025-06-22 15:14:46,782 INFO  - Fetched all skills.
2025-06-22 15:14:51,332 INFO  - Fetched all skills.
2025-06-22 15:15:44,715 INFO  - Fetched all skills.
2025-06-22 15:18:47,913 INFO  - User logged in: muthu@gmail.com
2025-06-22 17:13:23,943 INFO  - Industry type added: Name = Information Technology, Id = e139d08a-2632-4709-b5b8-d6412860d8ad
2025-06-22 17:13:28,807 INFO  - Company registered: Name = TechNova Solutions, CompanyId = 116672e1-da3b-4be9-88b9-1e1ae30e6aea
2025-06-22 17:13:42,099 INFO  - Fetched all company names.
2025-06-22 17:15:15,099 INFO  - Recruiter registered successfully: Email=muthukaruppanaakash76@gmail.com, Company=TechNova Solutions
2025-06-22 17:15:33,231 INFO  - User logged in: muthukaruppanaakash76@gmail.com
2025-06-22 17:15:48,113 INFO  - Fetched all skills.
2025-06-22 17:16:37,369 INFO  - Fetched all skills.
2025-06-22 17:16:58,184 INFO  - Fetched all skills.
2025-06-22 17:17:03,169 INFO  - Fetched all skills.
2025-06-22 17:17:23,265 INFO  - Fetched all skills.
2025-06-22 17:17:38,194 INFO  - Fetched all skills.
2025-06-22 17:18:24,085 INFO  - Fetched all skills.
2025-06-22 17:18:27,602 INFO  - Fetched all skills.
2025-06-22 17:19:11,477 INFO  - Skill added: React
2025-06-22 17:19:24,569 INFO  - Skill added: Tailwind CSS
2025-06-22 17:19:32,290 INFO  - Fetched all skills.
2025-06-22 17:21:14,792 INFO  - Fetched all skills.
2025-06-22 17:21:29,897 INFO  - Fetched all skills.
2025-06-22 17:21:43,856 INFO  - Fetched all skills.
2025-06-22 17:21:52,201 INFO  - Fetched all skills.
2025-06-22 17:21:59,212 INFO  - Fetched all skills.
2025-06-22 17:22:10,735 INFO  - Fetched all skills.
2025-06-22 17:25:12,861 INFO  - Fetched all skills.
2025-06-22 17:33:30,445 INFO  - Fetched all skills.
2025-06-22 17:37:14,909 INFO  - Fetched all skills.
2025-06-22 17:37:25,304 INFO  - Fetched all skills.
2025-06-22 17:39:25,419 INFO  - JobPost added by recruiter: 3dc93452-07a2-4843-a650-c7faed6fc07c, Job Title: Backend
2025-06-22 17:43:59,631 INFO  - Fetched all skills.
2025-06-22 17:51:36,544 INFO  - User logged in: muthukaruppanaakash76@gmail.com
2025-06-22 17:51:42,978 INFO  - Fetched all skills.
2025-06-22 18:03:40,089 INFO  - Fetched all skills.
2025-06-22 18:03:57,188 INFO  - Fetched all skills.
2025-06-22 18:07:10,506 INFO  - Fetched all skills.
2025-06-22 18:10:18,441 INFO  - Seeker registered: Email = muthu@gmail.com, SeekerId = Muthu
2025-06-22 18:10:38,242 INFO  - User logged in: muthu@gmail.com
2025-06-22 18:11:46,002 INFO  - Fetched all skills.
2025-06-22 18:11:52,109 INFO  - Fetched all skills.
2025-06-22 18:46:46,598 INFO  - User logged in: muthu@gmail.com
2025-06-22 19:18:12,577 INFO  - User logged in: muthu@gmail.com
2025-06-22 19:33:20,059 INFO  - Fetched all skills.
2025-06-22 19:33:34,922 INFO  - Skill added: Node.js
2025-06-22 19:33:54,461 INFO  - Skill added: MongoDB
2025-06-22 19:34:06,414 INFO  - Skill added: Express
2025-06-22 19:35:54,967 INFO  - User logged in: muthukaruppanaakash76@gmail.com
2025-06-22 19:36:10,286 INFO  - JobPost added by recruiter: 3dc93452-07a2-4843-a650-c7faed6fc07c, Job Title: Full Stack Developer
2025-06-22 19:36:23,287 INFO  - JobPost added by recruiter: 3dc93452-07a2-4843-a650-c7faed6fc07c, Job Title: Backend Developer
2025-06-22 19:36:34,372 INFO  - JobPost added by recruiter: 3dc93452-07a2-4843-a650-c7faed6fc07c, Job Title: MERN Stack Intern
2025-06-22 19:36:54,477 INFO  - User logged in: muthu@gmail.com
2025-06-22 20:12:11,357 INFO  - User logged in: muthu@gmail.com
2025-06-22 20:44:58,549 INFO  - User logged in: muthu@gmail.com
2025-06-22 20:51:59,353 INFO  - Fetched all company names.
2025-06-22 20:52:44,319 INFO  - User logged in: muthu@gmail.com
2025-06-22 20:52:54,745 INFO  - Fetched all company names.
2025-06-22 21:04:21,826 INFO  - Fetched all company names.
2025-06-22 21:04:21,837 INFO  - Fetched all company names.
2025-06-22 21:06:31,279 INFO  - Fetched all company names.
2025-06-22 21:11:06,243 INFO  - Fetched all skills.
2025-06-22 21:21:40,695 INFO  - Fetched all skills.
2025-06-22 21:21:40,704 INFO  - Fetched all company names.
2025-06-22 21:30:21,748 INFO  - User logged in: muthu@gmail.com
2025-06-22 21:30:28,689 INFO  - Fetched all company names.
