2025-06-24 09:00:56,790 ERROR - Token refresh failed
System.ArgumentNullException: IDX10000: The parameter 'token' cannot be a 'null' or an empty object.  (Parameter 'token')
   at System.IdentityModel.Tokens.Jwt.JwtSecurityTokenHandler.ValidateToken(String token, TokenValidationParameters validationParameters, SecurityToken& validatedToken)
   at TokenService.GetPrincipalFromExpiredToken(String token) in /Users/presidio/Desktop/Tasks/Backend-WebApi/JobPortal/Services/TokenService.cs:line 64
   at AuthenticationService.RefreshTokenAsync(String expiredToken, String refreshToken) in /Users/presidio/Desktop/Tasks/Backend-WebApi/JobPortal/Services/AuthenticationService.cs:line 67
2025-06-24 09:40:58,366 ERROR - Token refresh failed
System.ArgumentNullException: IDX10000: The parameter 'token' cannot be a 'null' or an empty object.  (Parameter 'token')
   at System.IdentityModel.Tokens.Jwt.JwtSecurityTokenHandler.ValidateToken(String token, TokenValidationParameters validationParameters, SecurityToken& validatedToken)
   at TokenService.GetPrincipalFromExpiredToken(String token) in /Users/presidio/Desktop/Tasks/Backend-WebApi/JobPortal/Services/TokenService.cs:line 64
   at AuthenticationService.RefreshTokenAsync(String expiredToken, String refreshToken) in /Users/presidio/Desktop/Tasks/Backend-WebApi/JobPortal/Services/AuthenticationService.cs:line 67
2025-06-24 10:39:44,496 ERROR - Failed to update seeker details
Microsoft.EntityFrameworkCore.DbUpdateException: An error occurred while saving the entity changes. See the inner exception for details.
 ---> System.ArgumentException: Cannot write DateTime with Kind=Unspecified to PostgreSQL type 'timestamp with time zone', only UTC is supported. Note that it's not possible to mix DateTimes with different Kinds in an array, range, or multirange. (Parameter 'value')
   at Npgsql.Internal.Converters.DateTimeConverterResolver`1.Get(DateTime value, Nullable`1 expectedPgTypeId, Boolean validateOnly)
   at Npgsql.Internal.Converters.DateTimeConverterResolver.<>c.<CreateResolver>b__0_0(DateTimeConverterResolver`1 resolver, DateTime value, Nullable`1 expectedPgTypeId)
   at Npgsql.Internal.Converters.DateTimeConverterResolver`1.Get(T value, Nullable`1 expectedPgTypeId)
   at Npgsql.Internal.PgConverterResolver`1.GetAsObjectInternal(PgTypeInfo typeInfo, Object value, Nullable`1 expectedPgTypeId)
   at Npgsql.Internal.PgResolverTypeInfo.GetResolutionAsObject(Object value, Nullable`1 expectedPgTypeId)
   at Npgsql.Internal.PgTypeInfo.GetObjectResolution(Object value)
   at Npgsql.NpgsqlParameter.ResolveConverter(PgTypeInfo typeInfo)
   at Npgsql.NpgsqlParameter.ResolveTypeInfo(PgSerializerOptions options)
   at Npgsql.NpgsqlParameterCollection.ProcessParameters(PgSerializerOptions options, Boolean validateValues, CommandType commandType)
   at Npgsql.NpgsqlCommand.ExecuteReader(Boolean async, CommandBehavior behavior, CancellationToken cancellationToken)
   at Npgsql.NpgsqlCommand.ExecuteReader(Boolean async, CommandBehavior behavior, CancellationToken cancellationToken)
   at Npgsql.NpgsqlCommand.ExecuteDbDataReaderAsync(CommandBehavior behavior, CancellationToken cancellationToken)
   at Microsoft.EntityFrameworkCore.Storage.RelationalCommand.ExecuteReaderAsync(RelationalCommandParameterObject parameterObject, CancellationToken cancellationToken)
   at Microsoft.EntityFrameworkCore.Storage.RelationalCommand.ExecuteReaderAsync(RelationalCommandParameterObject parameterObject, CancellationToken cancellationToken)
   at Microsoft.EntityFrameworkCore.Update.ReaderModificationCommandBatch.ExecuteAsync(IRelationalConnection connection, CancellationToken cancellationToken)
   --- End of inner exception stack trace ---
   at Microsoft.EntityFrameworkCore.Update.ReaderModificationCommandBatch.ExecuteAsync(IRelationalConnection connection, CancellationToken cancellationToken)
   at Microsoft.EntityFrameworkCore.Update.Internal.BatchExecutor.ExecuteAsync(IEnumerable`1 commandBatches, IRelationalConnection connection, CancellationToken cancellationToken)
   at Microsoft.EntityFrameworkCore.Update.Internal.BatchExecutor.ExecuteAsync(IEnumerable`1 commandBatches, IRelationalConnection connection, CancellationToken cancellationToken)
   at Microsoft.EntityFrameworkCore.Update.Internal.BatchExecutor.ExecuteAsync(IEnumerable`1 commandBatches, IRelationalConnection connection, CancellationToken cancellationToken)
   at Microsoft.EntityFrameworkCore.Storage.RelationalDatabase.SaveChangesAsync(IList`1 entries, CancellationToken cancellationToken)
   at Microsoft.EntityFrameworkCore.ChangeTracking.Internal.StateManager.SaveChangesAsync(IList`1 entriesToSave, CancellationToken cancellationToken)
   at Microsoft.EntityFrameworkCore.ChangeTracking.Internal.StateManager.SaveChangesAsync(StateManager stateManager, Boolean acceptAllChangesOnSuccess, CancellationToken cancellationToken)
   at Npgsql.EntityFrameworkCore.PostgreSQL.Storage.Internal.NpgsqlExecutionStrategy.ExecuteAsync[TState,TResult](TState state, Func`4 operation, Func`4 verifySucceeded, CancellationToken cancellationToken)
   at Microsoft.EntityFrameworkCore.DbContext.SaveChangesAsync(Boolean acceptAllChangesOnSuccess, CancellationToken cancellationToken)
   at Microsoft.EntityFrameworkCore.DbContext.SaveChangesAsync(Boolean acceptAllChangesOnSuccess, CancellationToken cancellationToken)
   at JobPortal.Repositories.Repository`2.Update(K key, T item) in /Users/presidio/Desktop/Tasks/Backend-WebApi/JobPortal/Repositories/Repository.cs:line 47
   at SeekerService.UpdateSeekerDetails(String username, SeekerUpdateDto dto, ClaimsPrincipal userPrincipal) in /Users/presidio/Desktop/Tasks/Backend-WebApi/JobPortal/Services/SeekerService.cs:line 214
2025-06-24 11:59:38,278 ERROR - Failed to update seeker education records
System.UnauthorizedAccessException: You are not authorized to update this seeker.
   at SeekerService.UpdateSeekerEducations(String username, SeekerEducationUpdateDto dto, ClaimsPrincipal userPrincipal) in /Users/presidio/Desktop/Tasks/Backend-WebApi/JobPortal/Services/SeekerService.cs:line 305
2025-06-24 12:02:20,144 ERROR - Failed to update seeker education records
System.UnauthorizedAccessException: You are not authorized to update this seeker.
   at SeekerService.UpdateSeekerEducations(String username, SeekerEducationUpdateDto dto, ClaimsPrincipal userPrincipal) in /Users/presidio/Desktop/Tasks/Backend-WebApi/JobPortal/Services/SeekerService.cs:line 305
2025-06-24 12:05:13,933 ERROR - Failed to update seeker education records
System.UnauthorizedAccessException: You are not authorized to update this seeker.
   at SeekerService.UpdateSeekerEducations(String username, SeekerEducationUpdateDto dto, ClaimsPrincipal userPrincipal) in /Users/presidio/Desktop/Tasks/Backend-WebApi/JobPortal/Services/SeekerService.cs:line 305
